02-14 14:43:35.237  7947  8182 V Robocol : received command: CMD_INIT_OP_MODE(10926) yeahhh
02-14 14:43:35.238  7947  8181 V Robocol : unable to process command CMD_INIT_OP_MODE callbacks=EventLoopManager
02-14 14:43:35.437  7947  8410 V RobotCore: Robot Status: stopped, waiting for Wifi to enable
02-14 14:43:35.439  7947  8410 I RobotCore: state = 3
02-14 14:43:35.441  7947  8410 V RobotCore: Robot Status: stopped, waiting for Wifi Direct to enable
02-14 14:43:35.442  7947  8410 V FTCService: Waiting for a connection to a wifi service
02-14 14:43:35.442  7947  8410 V RobotCore: Robot Status: stopped, waiting for network to become active
02-14 14:43:35.442  7947  8410 V WebServer: Asked an already running WebServer to start
02-14 14:43:35.443  7947  8410 V RobotCore: Robot Status: stopped, starting robot
02-14 14:43:35.443  7947  8410 V Robocol : EventLoopManager.start()
02-14 14:43:35.444  7947  8410 V Robocol : Spoofing a Network Connection event...
02-14 14:43:35.444  7947  8410 I EventLoopManager: onNetworkConnectionEvent: CONNECTION_INFO_AVAILABLE
02-14 14:43:35.448  7947  8410 I Robocol : Received network connection event
02-14 14:43:35.449  7947  8410 I NetworkConnectionHandler: Handling new network connection infomation, connected: true setup needed: false
02-14 14:43:35.451  7947  8410 V RobotCore: EventLoopManager state is STOPPED
02-14 14:43:35.452  7947  8410 V Robocol : eventLoop=FtcEventLoop
02-14 14:43:35.454  7947  7947 D WifiDirect: cannot create group, does group already exist?
02-14 14:43:35.454  7947  8410 V RobotCore: EventLoopManager state is INIT
02-14 14:43:35.456  7947  8410 V RobotCore: Robot Status: initializing, starting robot
02-14 14:43:35.457  7947  8410 I FtcEventLoop: ======= INIT START =======
02-14 14:43:35.458  7947  8410 V OpmodeRegistration: registered {DefaultOpMode} as {$Stop$Robot$}
02-14 14:43:35.463  7947  8410 V FileBasedLock: locked /storage/emulated/0/FIRST/blocks/projectslock/lock.dat
02-14 14:43:35.465  7947  8410 V FileBasedLock: unlocking /storage/emulated/0/FIRST/blocks/projectslock/lock.dat
02-14 14:43:35.467  7947  8410 V OpmodeRegistration: registered {yeahhh} as {yeahhh}
02-14 14:43:35.468  7947  8410 V OpmodeRegistration: registered {VisionJavaExample} as {VisionJavaExample}
02-14 14:43:35.468  7947  8410 V OpmodeRegistration: registered {Camera_Test} as {Concept: TensorFlow Object Detection}
02-14 14:43:35.469  7947  8410 V OpmodeRegistration: registered {SimpleAutonomous} as {SimpleAutonomous}
02-14 14:43:35.469  7947  8410 V OpmodeRegistration: registered {VermontAutoI} as {VermontAutoI}
02-14 14:43:35.485  7947  8194 V Robocol : sending CMD_NOTIFY_ROBOT_STATE(1048), attempt: 0
02-14 14:43:35.486  7947  8194 V Robocol : sending CMD_NOTIFY_ROBOT_STATE(1049), attempt: 0
02-14 14:43:35.487  7947  8194 V Robocol : sending CMD_NOTIFY_ACTIVE_CONFIGURATION(1050), attempt: 0
02-14 14:43:35.489  7947  8410 V HardwareFactory: createHardwareMap()
02-14 14:43:35.489  7947  8410 V WifiDirectInviteMonitor: clearUILynxModule()
02-14 14:43:35.500  7947  8410 V RobotCore: Creating REV Robotics USB Expansion Hub Portal [DQ2AQHDD]
02-14 14:43:35.501  7947  8410 V LynxUsb : creating new [DQ2AQHDD]: 0x0728f9bb
02-14 14:43:35.503  7947  8410 V FtDeviceManager: createDeviceInfoList(): 1 USB devices
02-14 14:43:35.509  7947  8410 V FtDevice: vv********************DQ2AQHDD opening********************vv 0x07cfa92b
02-14 14:43:35.510  7947  8410 V FtDevice: ^^********************DQ2AQHDD opened ********************^^
02-14 14:43:35.510  7947  8410 V FtDevice: resetting DQ2AQHDD
02-14 14:43:35.517  7947  8410 V LynxUsb : armDevice() serial=DQ2AQHDD...
02-14 14:43:35.517  7947  8410 V LynxModule: resetDevice() serial=DQ2AQHDD
02-14 14:43:35.525  7947  8194 V Robocol : sending CMD_NOTIFY_USER_DEVICE_LIST(1053), attempt: 0
02-14 14:43:35.527  7947  8194 V Robocol : sending CMD_NOTIFY_OP_MODE_LIST(1054), attempt: 0
02-14 14:43:35.875  7947  8410 V LynxUsb : ...done armDevice()
02-14 14:43:35.876  7947  8410 V LynxUsb : 0x0045b084 on 0x0728f9bb: new delegate to [DQ2AQHDD]
02-14 14:43:35.876  7947  8418 V RobotCore: thread: 'lynx incoming datagrams' starting...
02-14 14:43:35.876  7947  8410 V RobotCore: Creating Lynx Module - mod=1 parent=false
02-14 14:43:35.878  7947  8410 V RobotCore: Creating Lynx Module - mod=2 parent=true
02-14 14:43:35.880  7947  8410 V LynxUsb : addConfiguredModule() module#=2
02-14 14:43:35.880  7947  8410 V LynxModule: pingAndQueryKnownInterfaces mod=2
02-14 14:43:35.985  7947  8410 V LynxModule: retransmitting: mod=2 cmd=0x7f04 msg#=1 ref#=0 
02-14 14:43:36.088  7947  8410 V LynxModule: retransmitting: mod=2 cmd=0x7f04 msg#=1 ref#=0 
02-14 14:43:36.190  7947  8410 V LynxModule: retransmitting: mod=2 cmd=0x7f04 msg#=1 ref#=0 
02-14 14:43:36.294  7947  8410 V LynxModule: retransmitting: mod=2 cmd=0x7f04 msg#=1 ref#=0 
02-14 14:43:36.384  7947  8410 V LynxModule: retransmitting: mod=2 cmd=0x7f04 msg#=1 ref#=0 
02-14 14:43:36.386  7947  8410 V RobotCore: timeout: abandoning waiting 500ms for ack: cmd=LynxKeepAliveCommand mod=2 msg#=1
02-14 14:43:36.387  7947  8410 V RobotCore: nack rec'd mod=2 msg#=1 ref#=0 reason=ABANDONED_WAITING_FOR_ACK:257
02-14 14:43:36.388  7947  8410 V LynxModule: retrying ping mod=2
02-14 14:43:36.389  7947  8410 E LynxUsb : exception RobotCoreException(initial ping contact failed: mod=2): addConfiguredModule() module#=2 [com.qualcomm.hardware.lynx.LynxModule.pingInitialContact(LynxModule.java:965)]
02-14 14:43:36.390  7947  8410 E LynxUsb : module #2 is missing: ignoring
02-14 14:43:36.390  7947  8410 V LynxUsb : addConfiguredModule() module#=1
02-14 14:43:36.390  7947  8410 V LynxModule: pingAndQueryKnownInterfaces mod=1
02-14 14:43:36.394  7947  8418 V LynxUsb : synchronization gained: serial=DQ2AQHDD
02-14 14:43:36.403  7947  8410 V LynxModule: mod#=1 queryInterface(DEKA)=49 commands starting at 4096
02-14 14:43:36.414  7947  8410 V LynxModule: mod#=1 intf=DEKA: expected 54 commands; found 49
02-14 14:43:36.420  7947  8410 V LynxModule: sendLEDPatternSteps(): #steps=4
02-14 14:43:36.428  7947  8420 V LynxModule: received status: LynxGetModuleStatusResponse(status=0x02 alerts=0x00: Reset)
02-14 14:43:36.434  7947  8182 D RobotCore: system telemetry: key=$System$Warning$ msg="Expansion Hub "Expansion Hub 2" is missing"
02-14 14:43:36.440  7947  8410 V LynxMotor: initializeHardware() mod#=1
02-14 14:43:36.447  7947  8185 D SoundPlayer: playing volume=1.000000 samp=3|ms=1044
02-14 14:43:36.485  7947  8194 V Robocol : sending CMD_PLAY_SOUND(1071), attempt: 0
02-14 14:43:36.547  7947  8410 V RobotCore: DcMotorImpl(type=NeveRest40Gearmotor)
02-14 14:43:36.548  7947  8410 V RobotCore: DcMotorImpl(type=NeveRest40Gearmotor)
02-14 14:43:36.548  7947  8410 V RobotCore: DcMotorImpl(type=NeveRest60Gearmotor)
02-14 14:43:36.549  7947  8410 V RobotCore: DcMotorImpl(type=NeveRest40Gearmotor)
02-14 14:43:36.549  7947  8410 V LynxServoController: initializeHardware() mod#=1
02-14 14:43:36.619  7947  8410 V LynxVoltageSensor: initializeHardware() mod#=1
02-14 14:43:36.620  7947  8410 V LynxPwmOutputController: initializeHardware() mod#=1
02-14 14:43:36.624  7947  8410 W LynxPwmOutputController: LynxSetPWMEnableCommand not implemented by lynx hw; ignoring
02-14 14:43:36.629  7947  8410 W LynxPwmOutputController: LynxSetPWMConfigurationCommand not implemented by lynx hw; ignoring
02-14 14:43:36.634  7947  8410 W LynxPwmOutputController: LynxSetPWMEnableCommand not implemented by lynx hw; ignoring
02-14 14:43:36.639  7947  8410 W LynxPwmOutputController: LynxSetPWMConfigurationCommand not implemented by lynx hw; ignoring
02-14 14:43:36.644  7947  8410 W LynxPwmOutputController: LynxSetPWMEnableCommand not implemented by lynx hw; ignoring
02-14 14:43:36.650  7947  8410 W LynxPwmOutputController: LynxSetPWMConfigurationCommand not implemented by lynx hw; ignoring
02-14 14:43:36.654  7947  8410 W LynxPwmOutputController: LynxSetPWMEnableCommand not implemented by lynx hw; ignoring
02-14 14:43:36.659  7947  8410 W LynxPwmOutputController: LynxSetPWMConfigurationCommand not implemented by lynx hw; ignoring
02-14 14:43:36.660  7947  8410 V LynxAnalogInputController: initializeHardware() mod#=1
02-14 14:43:36.660  7947  8410 V LynxDigitalChannelController: initializeHardware() mod#=1
02-14 14:43:36.690  7947  8410 V RobotCore: Creating user sensor REV Expansion Hub IMU - on Lynx module=1 bus=0
02-14 14:43:36.690  7947  8410 V RobotCore: Creating I2cDeviceSynch (Lynx) - mod=1 bus=0
02-14 14:43:36.690  7947  8410 I RobotCore: LynxFirmwareVersionManager: LynxI2cDeviceSynchV1
02-14 14:43:36.690  7947  8410 V LynxI2cDeviceSynch: initializeHardware() mod#=1
02-14 14:43:36.691  7947  8410 I RobotCore: ========= Device Information ===================================================
02-14 14:43:36.691  7947  8410 I RobotCore: Type                                               Name                           Connection
02-14 14:43:36.692  7947  8410 I RobotCore: Servo                                              S1                             USB DQ2AQHDD; module 1; port 2
02-14 14:43:36.692  7947  8410 I RobotCore: REV Expansion Hub IMU                              imu                            USB DQ2AQHDD; module 1; bus 0; addr7=0x00
02-14 14:43:36.693  7947  8410 I RobotCore: Expansion Hub DC Motor Controller                  Expansion Hub 1                USB DQ2AQHDD; module 1
02-14 14:43:36.693  7947  8410 I RobotCore: Expansion Hub Servo Controller                     Expansion Hub 1                USB DQ2AQHDD; module 1
02-14 14:43:36.693  7947  8410 I RobotCore: Expansion Hub Voltage Sensor                       Expansion Hub 1                USB DQ2AQHDD; module 1
02-14 14:43:36.694  7947  8410 I RobotCore: Expansion Hub Pwm Controller                       Expansion Hub 1                USB DQ2AQHDD; module 1
02-14 14:43:36.694  7947  8410 I RobotCore: Expansion Hub Analog Input Controller              Expansion Hub 1                USB DQ2AQHDD; module 1
02-14 14:43:36.694  7947  8410 I RobotCore: Expansion Hub Digital Channel Controller           Expansion Hub 1                USB DQ2AQHDD; module 1
02-14 14:43:36.698  7947  8410 I RobotCore: Expansion Hub (HW: 20, Maj: 1, Min: 7, Eng: 2)     Expansion Hub 1                USB DQ2AQHDD; module 1
02-14 14:43:36.699  7947  8410 I RobotCore: Motor                                              LBM                            USB DQ2AQHDD; module 1; port 0
02-14 14:43:36.699  7947  8410 I RobotCore: Motor                                              SlideRotRight                  USB DQ2AQHDD; module 1; port 3
02-14 14:43:36.700  7947  8410 I RobotCore: Continuous Rotation Servo                          Marker                         USB DQ2AQHDD; module 1; port 1
02-14 14:43:36.700  7947  8410 I RobotCore: Motor                                              Slider                         USB DQ2AQHDD; module 1; port 2
02-14 14:43:36.700  7947  8410 I RobotCore: Servo                                              LockServo                      USB DQ2AQHDD; module 1; port 0
02-14 14:43:36.701  7947  8410 I RobotCore: Motor                                              LFM                            USB DQ2AQHDD; module 1; port 1
02-14 14:43:36.701  7947  8410 I RobotCore: REV Robotics USB Expansion Hub Portal              Expansion Hub Portal 1         USB DQ2AQHDD
02-14 14:43:36.701  7947  8410 I FtcEventLoop: ======= INIT FINISH =======
02-14 14:43:36.701  7947  8410 V RobotCore: EventLoopManager state is RUNNING
02-14 14:43:36.702  7947  8410 V RobotCore: Robot Status: running, starting robot
02-14 14:43:36.702  7947  8410 V RobotCore: Robot Status: running
02-14 14:43:36.704  7947  8410 V RobotCore: thread: ...terminating 'RobotSetupRunnable.run()'
02-14 14:43:36.705  7947  8422 V RobotCore: thread: 'opmode loop()' starting...
02-14 14:43:36.726  7947  8194 V Robocol : sending CMD_NOTIFY_ROBOT_STATE(1075), attempt: 0
02-14 14:43:37.216  7947  8422 I RobotCore: Attempting to switch to op mode $Stop$Robot$
02-14 14:43:37.285  7947  8194 V Robocol : sending CMD_NOTIFY_INIT_OP_MODE(1084), attempt: 0
02-14 14:43:37.318  7947  8182 V Robocol : received command: CMD_RUN_OP_MODE(10958) $Stop$Robot$
02-14 14:43:37.365  7947  8194 V Robocol : sending CMD_NOTIFY_RUN_OP_MODE(1090), attempt: 0
02-14 14:43:37.489  7947  8201 D SoundPlayer: playing volume=1.000000 samp=1|ms=1019
02-14 14:43:37.526  7947  8194 V Robocol : sending CMD_PLAY_SOUND(1094), attempt: 0
02-14 14:43:38.438  7947  8419 V LynxModule: retransmitting: mod=2 cmd=0x7f04 msg#=2 ref#=0 
02-14 14:43:38.542  7947  8419 V LynxModule: retransmitting: mod=2 cmd=0x7f04 msg#=2 ref#=0 
02-14 14:43:38.645  7947  8419 V LynxModule: retransmitting: mod=2 cmd=0x7f04 msg#=2 ref#=0 
02-14 14:43:38.748  7947  8419 V LynxModule: retransmitting: mod=2 cmd=0x7f04 msg#=2 ref#=0 
02-14 14:43:38.838  7947  8419 V LynxModule: retransmitting: mod=2 cmd=0x7f04 msg#=2 ref#=0 
02-14 14:43:38.840  7947  8419 V RobotCore: timeout: abandoning waiting 500ms for ack: cmd=LynxKeepAliveCommand mod=2 msg#=2
02-14 14:43:38.841  7947  8419 V RobotCore: nack rec'd mod=2 msg#=2 ref#=0 reason=ABANDONED_WAITING_FOR_ACK:257
02-14 14:43:38.843  7947  8419 W LynxModule: LynxKeepAliveCommand was abandoned waiting for ack
02-14 14:43:40.893  7947  8419 V LynxModule: retransmitting: mod=2 cmd=0x7f04 msg#=3 ref#=0 
02-14 14:43:40.996  7947  8419 V LynxModule: retransmitting: mod=2 cmd=0x7f04 msg#=3 ref#=0 
02-14 14:43:41.098  7947  8419 V LynxModule: retransmitting: mod=2 cmd=0x7f04 msg#=3 ref#=0 
02-14 14:43:41.202  7947  8419 V LynxModule: retransmitting: mod=2 cmd=0x7f04 msg#=3 ref#=0 
02-14 14:43:41.291  7947  8422 E RobotCore: lynx xmit lock: #### abandoning lock: old=LynxKeepAliveCommand(3)
02-14 14:43:41.292  7947  8422 E RobotCore: lynx xmit lock:                       new=LynxFailSafeCommand(0)
02-14 14:43:41.293  7947  8419 V LynxModule: retransmitting: mod=2 cmd=0x7f04 msg#=3 ref#=0 
02-14 14:43:41.303  7947  8419 V RobotCore: timeout: abandoning waiting 500ms for ack: cmd=LynxKeepAliveCommand mod=2 msg#=3
02-14 14:43:41.305  7947  8419 V RobotCore: nack rec'd mod=2 msg#=3 ref#=0 reason=ABANDONED_WAITING_FOR_ACK:257
02-14 14:43:41.311  7947  8419 E RobotCore: lynx xmit lock: #### releasing ownerless message keyed lock: ignored: LynxKeepAliveCommand
02-14 14:43:41.313  7947  8419 W LynxModule: LynxKeepAliveCommand was abandoned waiting for ack
02-14 14:43:43.356  7947  8419 V LynxModule: retransmitting: mod=2 cmd=0x7f04 msg#=4 ref#=0 
02-14 14:43:43.460  7947  8419 V LynxModule: retransmitting: mod=2 cmd=0x7f04 msg#=4 ref#=0 
02-14 14:43:43.565  7947  8419 V LynxModule: retransmitting: mod=2 cmd=0x7f04 msg#=4 ref#=0 
02-14 14:43:43.668  7947  8419 V LynxModule: retransmitting: mod=2 cmd=0x7f04 msg#=4 ref#=0 
02-14 14:43:43.756  7947  8419 V LynxModule: retransmitting: mod=2 cmd=0x7f04 msg#=4 ref#=0 
02-14 14:43:43.758  7947  8419 V RobotCore: timeout: abandoning waiting 500ms for ack: cmd=LynxKeepAliveCommand mod=2 msg#=4
02-14 14:43:43.759  7947  8419 V RobotCore: nack rec'd mod=2 msg#=4 ref#=0 reason=ABANDONED_WAITING_FOR_ACK:257
02-14 14:43:43.762  7947  8419 W LynxModule: LynxKeepAliveCommand was abandoned waiting for ack
02-14 14:43:45.810  7947  8419 V LynxModule: retransmitting: mod=2 cmd=0x7f04 msg#=5 ref#=0 
02-14 14:43:45.913  7947  8419 V LynxModule: retransmitting: mod=2 cmd=0x7f04 msg#=5 ref#=0 
02-14 14:43:46.018  7947  8419 V LynxModule: retransmitting: mod=2 cmd=0x7f04 msg#=5 ref#=0 
02-14 14:43:46.120  7947  8419 V LynxModule: retransmitting: mod=2 cmd=0x7f04 msg#=5 ref#=0 
02-14 14:43:46.210  7947  8419 V LynxModule: retransmitting: mod=2 cmd=0x7f04 msg#=5 ref#=0 
02-14 14:43:46.212  7947  8419 V RobotCore: timeout: abandoning waiting 500ms for ack: cmd=LynxKeepAliveCommand mod=2 msg#=5
02-14 14:43:46.213  7947  8419 V RobotCore: nack rec'd mod=2 msg#=5 ref#=0 reason=ABANDONED_WAITING_FOR_ACK:257
02-14 14:43:46.216  7947  8419 W LynxModule: LynxKeepAliveCommand was abandoned waiting for ack
02-14 14:43:48.265  7947  8419 V LynxModule: retransmitting: mod=2 cmd=0x7f04 msg#=6 ref#=0 
02-14 14:43:48.367  7947  8419 V LynxModule: retransmitting: mod=2 cmd=0x7f04 msg#=6 ref#=0 
02-14 14:43:48.470  7947  8419 V LynxModule: retransmitting: mod=2 cmd=0x7f04 msg#=6 ref#=0 
02-14 14:43:48.572  7947  8419 V LynxModule: retransmitting: mod=2 cmd=0x7f04 msg#=6 ref#=0 
02-14 14:43:48.663  7947  8419 V LynxModule: retransmitting: mod=2 cmd=0x7f04 msg#=6 ref#=0 
02-14 14:43:48.665  7947  8419 V RobotCore: timeout: abandoning waiting 500ms for ack: cmd=LynxKeepAliveCommand mod=2 msg#=6
02-14 14:43:48.666  7947  8419 V RobotCore: nack rec'd mod=2 msg#=6 ref#=0 reason=ABANDONED_WAITING_FOR_ACK:257
02-14 14:43:48.670  7947  8419 W LynxModule: LynxKeepAliveCommand was abandoned waiting for ack
02-14 14:43:50.719  7947  8419 V LynxModule: retransmitting: mod=2 cmd=0x7f04 msg#=7 ref#=0 
02-14 14:43:50.822  7947  8419 V LynxModule: retransmitting: mod=2 cmd=0x7f04 msg#=7 ref#=0 
02-14 14:43:50.924  7947  8419 V LynxModule: retransmitting: mod=2 cmd=0x7f04 msg#=7 ref#=0 
02-14 14:43:51.027  7947  8419 V LynxModule: retransmitting: mod=2 cmd=0x7f04 msg#=7 ref#=0 
02-14 14:43:51.118  7947  8419 V LynxModule: retransmitting: mod=2 cmd=0x7f04 msg#=7 ref#=0 
02-14 14:43:51.121  7947  8419 V RobotCore: timeout: abandoning waiting 500ms for ack: cmd=LynxKeepAliveCommand mod=2 msg#=7
02-14 14:43:51.122  7947  8419 V RobotCore: nack rec'd mod=2 msg#=7 ref#=0 reason=ABANDONED_WAITING_FOR_ACK:257
02-14 14:43:51.124  7947  8419 W LynxModule: LynxKeepAliveCommand was abandoned waiting for ack
02-14 14:43:53.174  7947  8419 V LynxModule: retransmitting: mod=2 cmd=0x7f04 msg#=8 ref#=0 
02-14 14:43:53.276  7947  8419 V LynxModule: retransmitting: mod=2 cmd=0x7f04 msg#=8 ref#=0 
02-14 14:43:53.380  7947  8419 V LynxModule: retransmitting: mod=2 cmd=0x7f04 msg#=8 ref#=0 
02-14 14:43:53.483  7947  8419 V LynxModule: retransmitting: mod=2 cmd=0x7f04 msg#=8 ref#=0 
02-14 14:43:53.573  7947  8419 V LynxModule: retransmitting: mod=2 cmd=0x7f04 msg#=8 ref#=0 
02-14 14:43:53.575  7947  8419 V RobotCore: timeout: abandoning waiting 500ms for ack: cmd=LynxKeepAliveCommand mod=2 msg#=8
02-14 14:43:53.575  7947  8419 V RobotCore: nack rec'd mod=2 msg#=8 ref#=0 reason=ABANDONED_WAITING_FOR_ACK:257
02-14 14:43:53.576  7947  8419 W LynxModule: LynxKeepAliveCommand was abandoned waiting for ack
02-14 14:43:54.824  7947  7947 V RCActivity: onPause()
02-14 14:43:55.369  7947  7947 V RCActivity: onStop()
02-14 14:43:55.627  7947  8419 V LynxModule: retransmitting: mod=2 cmd=0x7f04 msg#=9 ref#=0 
02-14 14:43:55.729  7947  8419 V LynxModule: retransmitting: mod=2 cmd=0x7f04 msg#=9 ref#=0 
02-14 14:43:55.831  7947  8419 V LynxModule: retransmitting: mod=2 cmd=0x7f04 msg#=9 ref#=0 
02-14 14:43:55.933  7947  8419 V LynxModule: retransmitting: mod=2 cmd=0x7f04 msg#=9 ref#=0 
02-14 14:43:56.026  7947  8422 E RobotCore: lynx xmit lock: #### abandoning lock: old=LynxKeepAliveCommand(9)
02-14 14:43:56.026  7947  8422 E RobotCore: lynx xmit lock:                       new=LynxFailSafeCommand(0)
02-14 14:43:56.027  7947  8419 V LynxModule: retransmitting: mod=2 cmd=0x7f04 msg#=9 ref#=0 
02-14 14:43:56.029  7947  8419 V RobotCore: timeout: abandoning waiting 500ms for ack: cmd=LynxKeepAliveCommand mod=2 msg#=9
02-14 14:43:56.029  7947  8419 V RobotCore: nack rec'd mod=2 msg#=9 ref#=0 reason=ABANDONED_WAITING_FOR_ACK:257
02-14 14:43:56.030  7947  8419 E RobotCore: lynx xmit lock: #### incorrect owner releasing message keyed lock: ignored: old=LynxFailSafeCommand(1:93)
02-14 14:43:56.030  7947  8419 E RobotCore: lynx xmit lock:                                                             new=LynxKeepAliveCommand(2:9)
02-14 14:43:56.030  7947  8419 W LynxModule: LynxKeepAliveCommand was abandoned waiting for ack
02-14 14:43:56.403  7947  7947 V FtcAdvancedRCSettingsActivity: clientConnected=true
02-14 14:43:58.081  7947  8419 V LynxModule: retransmitting: mod=2 cmd=0x7f04 msg#=10 ref#=0 
02-14 14:43:58.184  7947  8419 V LynxModule: retransmitting: mod=2 cmd=0x7f04 msg#=10 ref#=0 
02-14 14:43:58.286  7947  8419 V LynxModule: retransmitting: mod=2 cmd=0x7f04 msg#=10 ref#=0 
02-14 14:43:58.388  7947  8419 V LynxModule: retransmitting: mod=2 cmd=0x7f04 msg#=10 ref#=0 
02-14 14:43:58.480  7947  8419 V LynxModule: retransmitting: mod=2 cmd=0x7f04 msg#=10 ref#=0 
02-14 14:43:58.482  7947  8419 V RobotCore: timeout: abandoning waiting 500ms for ack: cmd=LynxKeepAliveCommand mod=2 msg#=10
02-14 14:43:58.482  7947  8419 V RobotCore: nack rec'd mod=2 msg#=10 ref#=0 reason=ABANDONED_WAITING_FOR_ACK:257
02-14 14:43:58.483  7947  8419 W LynxModule: LynxKeepAliveCommand was abandoned waiting for ack
02-14 14:44:00.535  7947  8419 V LynxModule: retransmitting: mod=2 cmd=0x7f04 msg#=11 ref#=0 
02-14 14:44:00.637  7947  8419 V LynxModule: retransmitting: mod=2 cmd=0x7f04 msg#=11 ref#=0 
02-14 14:44:00.739  7947  8419 V LynxModule: retransmitting: mod=2 cmd=0x7f04 msg#=11 ref#=0 
02-14 14:44:00.841  7947  8419 V LynxModule: retransmitting: mod=2 cmd=0x7f04 msg#=11 ref#=0 
02-14 14:44:00.934  7947  8419 V LynxModule: retransmitting: mod=2 cmd=0x7f04 msg#=11 ref#=0 
02-14 14:44:00.936  7947  8419 V RobotCore: timeout: abandoning waiting 500ms for ack: cmd=LynxKeepAliveCommand mod=2 msg#=11
02-14 14:44:00.937  7947  8419 V RobotCore: nack rec'd mod=2 msg#=11 ref#=0 reason=ABANDONED_WAITING_FOR_ACK:257
02-14 14:44:00.940  7947  8419 W LynxModule: LynxKeepAliveCommand was abandoned waiting for ack
02-14 14:44:02.988  7947  8419 V LynxModule: retransmitting: mod=2 cmd=0x7f04 msg#=12 ref#=0 
02-14 14:44:03.091  7947  8419 V LynxModule: retransmitting: mod=2 cmd=0x7f04 msg#=12 ref#=0 
02-14 14:44:03.194  7947  8419 V LynxModule: retransmitting: mod=2 cmd=0x7f04 msg#=12 ref#=0 
02-14 14:44:03.296  7947  8419 V LynxModule: retransmitting: mod=2 cmd=0x7f04 msg#=12 ref#=0 
02-14 14:44:03.388  7947  8419 V LynxModule: retransmitting: mod=2 cmd=0x7f04 msg#=12 ref#=0 
02-14 14:44:03.390  7947  8419 V RobotCore: timeout: abandoning waiting 500ms for ack: cmd=LynxKeepAliveCommand mod=2 msg#=12
02-14 14:44:03.390  7947  8419 V RobotCore: nack rec'd mod=2 msg#=12 ref#=0 reason=ABANDONED_WAITING_FOR_ACK:257
02-14 14:44:03.391  7947  8419 W LynxModule: LynxKeepAliveCommand was abandoned waiting for ack
02-14 14:44:05.442  7947  8419 V LynxModule: retransmitting: mod=2 cmd=0x7f04 msg#=13 ref#=0 
02-14 14:44:05.546  7947  8419 V LynxModule: retransmitting: mod=2 cmd=0x7f04 msg#=13 ref#=0 
02-14 14:44:05.648  7947  8419 V LynxModule: retransmitting: mod=2 cmd=0x7f04 msg#=13 ref#=0 
02-14 14:44:05.750  7947  8419 V LynxModule: retransmitting: mod=2 cmd=0x7f04 msg#=13 ref#=0 
02-14 14:44:05.843  7947  8419 V LynxModule: retransmitting: mod=2 cmd=0x7f04 msg#=13 ref#=0 
02-14 14:44:05.846  7947  8419 V RobotCore: timeout: abandoning waiting 500ms for ack: cmd=LynxKeepAliveCommand mod=2 msg#=13
02-14 14:44:05.846  7947  8419 V RobotCore: nack rec'd mod=2 msg#=13 ref#=0 reason=ABANDONED_WAITING_FOR_ACK:257
02-14 14:44:05.847  7947  8419 W LynxModule: LynxKeepAliveCommand was abandoned waiting for ack
02-14 14:44:06.071  7947  7947 E RobotConfigFileManager: unable to find header text 0x7f06004c
02-14 14:44:06.116  7947  8410 V FtcEventLoop: getUSBAccessibleLynxDevices(includeModuleAddresses=true)...
02-14 14:44:06.119  7947  8431 V FtcConfigTag: scanning USB bus...
02-14 14:44:06.122  7947  8431 V FtDeviceManager: createDeviceInfoList(): 1 USB devices
02-14 14:44:06.122  7947  8431 V USBScan : device count=1
02-14 14:44:06.125  7947  8432 V USBScan : opening DQ2AQHDD...
02-14 14:44:06.126  7947  8432 V USBScan : RobotCoreException(Unable to open USB device DQ2AQHDD: FTDI driver failed to open USB device with serial number DQ2AQHDD (returned null device)) exception while opening DQ2AQHDD
02-14 14:44:06.126  7947  8432 V USBScan : ... done opening DQ2AQHDD
02-14 14:44:06.127  7947  8431 V USBScan : added extant device DQ2AQHDD type=LYNX_USB_DEVICE
02-14 14:44:06.128  7947  8431 D UvcContext: usb device is *not* UVC compatible, /dev/bus/usb/001/002
02-14 14:44:06.128  7947  8431 V USBScan : scanForUsbDevices() took 9ms count=1
02-14 14:44:06.128  7947  8431 V FtcConfigTag: .. scanning complete: [DQ2AQHDD]
02-14 14:44:06.129  7947  8410 V FtcEventLoop: getUSBAccessibleLynxDevices: found serial=DQ2AQHDD
02-14 14:44:06.129  7947  8410 V FtcEventLoop: finding module addresses and current firmware versions
02-14 14:44:06.129  7947  8410 V FtcEventLoop: getUSBAccessibleLynxDevices: finding module address for usbModule DQ2AQHDD
02-14 14:44:06.130  7947  8410 V RobotCore: Creating REV Robotics USB Expansion Hub Portal [DQ2AQHDD]
02-14 14:44:06.130  7947  8410 V LynxUsb : using existing [DQ2AQHDD]: 0x0728f9bb
02-14 14:44:06.130  7947  8410 V LynxUsb : 0x0215a5cc on 0x0728f9bb: new delegate to [DQ2AQHDD]
02-14 14:44:06.130  7947  8410 V LynxUsb : lynx discovery beginning...transmitting LynxDiscoveryCommand()...
02-14 14:44:06.134  7947  8418 V LynxUsb : onLynxDiscoveryResponseReceived()... module#=1 isParent=true
02-14 14:44:06.134  7947  8418 V LynxUsb : discovered lynx module#=1 isParent=true
02-14 14:44:06.134  7947  8418 V LynxUsb : ...onLynxDiscoveryResponseReceived()
02-14 14:44:06.138  7947  8410 V LynxUsb : discovery waiting 1012ms and 0ns
02-14 14:44:07.150  7947  8410 V LynxUsb : discovery waiting complete: #modules=1
02-14 14:44:07.150  7947  8410 V LynxModule: close(#0)
02-14 14:44:07.151  7947  8410 V LynxUsb : ...lynx discovery completed
02-14 14:44:07.151  7947  8410 V FtcEventLoop: assessing LynxModuleMeta(#1,true)
02-14 14:44:07.157  7947  8410 V LynxUsb : 0x0215a5cc on 0x0728f9bb: releasing delegate to [DQ2AQHDD]
02-14 14:44:07.157  7947  8410 V FtcEventLoop: getUSBAccessibleLynxDevices(): 1 modules found
02-14 14:44:07.157  7947  8410 V FtcEventLoop: ...getUSBAccessibleLynxDevices()
02-14 14:44:07.168  7947  8430 V FtcLynxModuleAddressUpdateActivity: found 1 lynx modules
02-14 14:44:07.218  7947  7947 V FtcLynxModuleAddressUpdateActivity: changeAddress(DQ2AQHDD) from:1 to:1
02-14 14:44:07.900  7947  8419 V LynxModule: retransmitting: mod=2 cmd=0x7f04 msg#=14 ref#=0 
02-14 14:44:08.002  7947  8419 V LynxModule: retransmitting: mod=2 cmd=0x7f04 msg#=14 ref#=0 
02-14 14:44:08.104  7947  8419 V LynxModule: retransmitting: mod=2 cmd=0x7f04 msg#=14 ref#=0 
02-14 14:44:08.206  7947  8419 V LynxModule: retransmitting: mod=2 cmd=0x7f04 msg#=14 ref#=0 
02-14 14:44:08.299  7947  8419 V LynxModule: retransmitting: mod=2 cmd=0x7f04 msg#=14 ref#=0 
02-14 14:44:08.299  7947  8420 E RobotCore: lynx xmit lock: #### abandoning lock: old=LynxKeepAliveCommand(14)
02-14 14:44:08.299  7947  8420 E RobotCore: lynx xmit lock:                       new=LynxGetModuleStatusCommand(0)
02-14 14:44:08.301  7947  8419 V RobotCore: timeout: abandoning waiting 500ms for ack: cmd=LynxKeepAliveCommand mod=2 msg#=14
02-14 14:44:08.301  7947  8419 V RobotCore: nack rec'd mod=2 msg#=14 ref#=0 reason=ABANDONED_WAITING_FOR_ACK:257
02-14 14:44:08.301  7947  8419 E RobotCore: lynx xmit lock: #### incorrect owner releasing message keyed lock: ignored: old=LynxGetModuleStatusCommand(1:27)
02-14 14:44:08.302  7947  8419 E RobotCore: lynx xmit lock:                                                             new=LynxKeepAliveCommand(2:14)
02-14 14:44:08.302  7947  8419 W LynxModule: LynxKeepAliveCommand was abandoned waiting for ack
02-14 14:44:09.388  7947  7947 V FtcLynxModuleAddressUpdateActivity: changeAddress(DQ2AQHDD) from:1 to:2
02-14 14:44:10.313  7947  7947 V FtcLynxModuleAddressUpdateActivity: onDoneButtonPressed()
02-14 14:44:10.353  7947  8419 V LynxModule: retransmitting: mod=2 cmd=0x7f04 msg#=15 ref#=0 
02-14 14:44:10.458  7947  8419 V LynxModule: retransmitting: mod=2 cmd=0x7f04 msg#=15 ref#=0 
02-14 14:44:10.559  7947  8419 V LynxModule: retransmitting: mod=2 cmd=0x7f04 msg#=15 ref#=0 
02-14 14:44:10.664  7947  8419 V LynxModule: retransmitting: mod=2 cmd=0x7f04 msg#=15 ref#=0 
02-14 14:44:10.753  7947  8419 V LynxModule: retransmitting: mod=2 cmd=0x7f04 msg#=15 ref#=0 
02-14 14:44:10.754  7947  8419 V RobotCore: timeout: abandoning waiting 500ms for ack: cmd=LynxKeepAliveCommand mod=2 msg#=15
02-14 14:44:10.755  7947  8419 V RobotCore: nack rec'd mod=2 msg#=15 ref#=0 reason=ABANDONED_WAITING_FOR_ACK:257
02-14 14:44:10.756  7947  8422 E RobotCore: lynx xmit lock: #### abandoning lock: old=LynxKeepAliveCommand(15)
02-14 14:44:10.756  7947  8422 E RobotCore: lynx xmit lock:                       new=LynxFailSafeCommand(0)
02-14 14:44:10.757  7947  8419 E RobotCore: lynx xmit lock: #### incorrect owner releasing message keyed lock: ignored: old=LynxFailSafeCommand(1:65)
02-14 14:44:10.757  7947  8419 E RobotCore: lynx xmit lock:                                                             new=LynxKeepAliveCommand(2:15)
02-14 14:44:10.758  7947  8419 W LynxModule: LynxKeepAliveCommand was abandoned waiting for ack
02-14 14:44:10.776  7947  8410 V RobotCore: Creating REV Robotics USB Expansion Hub Portal [DQ2AQHDD]
02-14 14:44:10.776  7947  8410 V LynxUsb : using existing [DQ2AQHDD]: 0x0728f9bb
02-14 14:44:10.777  7947  8410 V LynxUsb : 0x069dc33d on 0x0728f9bb: new delegate to [DQ2AQHDD]
02-14 14:44:10.777  7947  8410 V FtcEventLoop: lynx module DQ2AQHDD: change address 1 -> 2
02-14 14:44:10.778  7947  8410 V RobotCore: lynx xmit lock: lock recursively acquired
02-14 14:44:10.791  7947  8410 V RobotCore: lynx xmit lock: lock recursively released
02-14 14:44:10.791  7947  8410 V LynxUsb : 0x069dc33d on 0x0728f9bb: releasing delegate to [DQ2AQHDD]
02-14 14:44:10.806  7947  8194 V Robocol : sending CMD_SHOW_TOAST(1531), attempt: 0
02-14 14:44:12.713  7947  8418 E LynxModule: unable to find originating LynxRespondable for mod=2 msg#=191 ref#=16
02-14 14:44:12.813  7947  8419 V LynxModule: retransmitting: mod=2 cmd=0x7f04 msg#=16 ref#=0 
02-14 14:44:12.817  7947  8418 E LynxModule: unable to find originating LynxRespondable for mod=2 msg#=191 ref#=16
02-14 14:44:12.917  7947  8419 V LynxModule: retransmitting: mod=2 cmd=0x7f04 msg#=16 ref#=0 
02-14 14:44:12.920  7947  8418 E LynxModule: unable to find originating LynxRespondable for mod=2 msg#=191 ref#=16
02-14 14:44:13.019  7947  8419 V LynxModule: retransmitting: mod=2 cmd=0x7f04 msg#=16 ref#=0 
02-14 14:44:13.023  7947  8418 E LynxModule: unable to find originating LynxRespondable for mod=2 msg#=191 ref#=16
02-14 14:44:13.123  7947  8419 V LynxModule: retransmitting: mod=2 cmd=0x7f04 msg#=16 ref#=0 
02-14 14:44:13.132  7947  8418 E LynxModule: unable to find originating LynxRespondable for mod=2 msg#=191 ref#=16
02-14 14:44:13.211  7947  8419 V LynxModule: retransmitting: mod=2 cmd=0x7f04 msg#=16 ref#=0 
02-14 14:44:13.214  7947  8419 V RobotCore: timeout: abandoning waiting 500ms for ack: cmd=LynxKeepAliveCommand mod=2 msg#=16
02-14 14:44:13.214  7947  8419 V RobotCore: nack rec'd mod=2 msg#=16 ref#=0 reason=ABANDONED_WAITING_FOR_ACK:257
02-14 14:44:13.215  7947  8419 W LynxModule: LynxKeepAliveCommand was abandoned waiting for ack
02-14 14:44:13.217  7947  8418 E LynxModule: unable to find originating LynxRespondable for mod=2 msg#=191 ref#=16
02-14 14:44:13.313  7947  7947 V RCActivity: onStart()
02-14 14:44:13.313  7947  7947 V Robocol : EventLoopManager.shutdown()
02-14 14:44:13.315  7947  8422 V RobotCore: EventLoopRunnable interrupted
02-14 14:44:13.315  7947  8422 V RobotCore: EventLoopManager state is STOPPED
02-14 14:44:13.315  7947  8422 V RobotCore: Robot Status: stopped
02-14 14:44:13.316  7947  8422 I FtcEventLoop: ======= TEARDOWN =======
02-14 14:44:13.323  7947  8422 V LynxUsb : 0x0045b084 on 0x0728f9bb: releasing delegate to [DQ2AQHDD]
02-14 14:44:13.323  7947  8422 V LynxModule: close(#2)
02-14 14:44:13.325  7947  8194 V Robocol : sending CMD_NOTIFY_ROBOT_STATE(1567), attempt: 0
02-14 14:44:13.325  7947  8422 V LynxUsb : disarmDevice() serial=DQ2AQHDD...
02-14 14:44:13.326  7947  8422 V LynxUsb : shutting down incoming datagrams
02-14 14:44:13.326  7947  8418 V RobotCore: thread: ...terminating 'lynx incoming datagrams'
02-14 14:44:13.427  7947  8422 V RobotUsbDeviceFtdi: closing DQ2AQHDD
02-14 14:44:13.427  7947  8422 V FtDevice: vv********************DQ2AQHDD closing********************vv 0x07cfa92b
02-14 14:44:13.430  7947  8422 V FtDevice: DQ2AQHDD stopping thread readBufferManager
02-14 14:44:13.430  7947  8416 V FtDevice: DQ2AQHDD thread readBufferManager is stopped
02-14 14:44:13.431  7947  8422 V FtDevice: DQ2AQHDD stopping thread bulkPacketInWorker
02-14 14:44:13.432  7947  8415 V FtDevice: DQ2AQHDD thread bulkPacketInWorker is stopped
02-14 14:44:13.433  7947  8422 V MonitoredUsbDeviceConnection: closing UsbDeviceConnection(DQ2AQHDD)
02-14 14:44:13.433  7947  8422 D UsbDeviceConnectionJNI: close
02-14 14:44:13.433  7947  8422 V FtDevice: ^^********************DQ2AQHDD closed ********************^^
02-14 14:44:13.433  7947  8422 V LynxUsb : ...done disarmDevice()
02-14 14:44:13.436  7947  8422 I FtcEventLoop: ======= TEARDOWN COMPLETE =======
02-14 14:44:13.436  7947  8422 V RobotCore: thread: ...terminating 'opmode loop()'
02-14 14:44:13.436  7947  8422 V EventLoopManager: switching to idleEventLoop
02-14 14:44:13.436  7947  8422 I FtcEventLoopIdle: ------- idle init --------
02-14 14:44:13.437  7947  8422 V RobotCore: thread: 'opmode loop()' starting...
02-14 14:44:13.442  7947  8422 D RobotCore: system telemetry: key=$System$None$ msg=""
02-14 14:44:15.165  7947  8419 F Assert  : assertion failed: 0x0045b084 on 0x0728f9bb: closed
02-14 14:44:15.169  7947  8419 E Assert  : java.lang.RuntimeException: assertion failed: 0x0045b084 on 0x0728f9bb: closed
02-14 14:44:15.171  7947  8419 E Assert  : 	at org.firstinspires.ftc.robotcore.internal.system.Assert.assertFailed(Assert.java:140)
02-14 14:44:15.173  7947  8419 E Assert  : 	at org.firstinspires.ftc.robotcore.internal.system.Assert.assertTrue(Assert.java:94)
02-14 14:44:15.175  7947  8419 E Assert  : 	at com.qualcomm.hardware.lynx.LynxUsbDeviceDelegate.assertOpen(LynxUsbDeviceDelegate.java:102)
02-14 14:44:15.177  7947  8419 E Assert  : 	at com.qualcomm.hardware.lynx.LynxUsbDeviceDelegate.acquireNetworkTransmissionLock(LynxUsbDeviceDelegate.java:181)
02-14 14:44:15.181  7947  8419 E Assert  : 	at com.qualcomm.hardware.lynx.LynxModule.acquireNetworkTransmissionLock(LynxModule.java:1356)
02-14 14:44:15.183  7947  8419 E Assert  : 	at com.qualcomm.hardware.lynx.commands.LynxMessage.acquireNetworkLock(LynxMessage.java:130)
02-14 14:44:15.185  7947  8419 E Assert  : 	at com.qualcomm.hardware.lynx.commands.LynxRespondable.send(LynxRespondable.java:227)
02-14 14:44:15.186  7947  8419 E Assert  : 	at com.qualcomm.hardware.lynx.LynxModule.ping(LynxModule.java:1123)
02-14 14:44:15.188  7947  8419 E Assert  : 	at com.qualcomm.hardware.lynx.LynxModule.ping(LynxModule.java:1111)
02-14 14:44:15.190  7947  8419 E Assert  : 	at com.qualcomm.hardware.lynx.LynxModule$3.run(LynxModule.java:1148)
02-14 14:44:15.192  7947  8419 E Assert  : 	at java.util.concurrent.Executors$RunnableAdapter.call(Executors.java:428)
02-14 14:44:15.193  7947  8419 E Assert  : 	at java.util.concurrent.FutureTask.run(FutureTask.java:237)
02-14 14:44:15.194  7947  8419 E Assert  : 	at java.util.concurrent.ScheduledThreadPoolExecutor$ScheduledFutureTask.run(ScheduledThreadPoolExecutor.java:272)
02-14 14:44:15.195  7947  8419 E Assert  : 	at java.util.concurrent.ThreadPoolExecutor.runWorker(ThreadPoolExecutor.java:1133)
02-14 14:44:15.196  7947  8419 E Assert  : 	at java.util.concurrent.ThreadPoolExecutor$Worker.run(ThreadPoolExecutor.java:607)
02-14 14:44:15.197  7947  8419 E Assert  : 	at com.qualcomm.robotcore.util.ThreadPool$ThreadFactoryImpl$1.run(ThreadPool.java:793)
02-14 14:44:15.197  7947  8419 E Assert  : 	at java.lang.Thread.run(Thread.java:761)
02-14 14:44:15.197  7947  8419 F Assert  : assertion failed: 0x0045b084 on 0x0728f9bb: closed
02-14 14:44:15.199  7947  8419 E Assert  : java.lang.RuntimeException: assertion failed: 0x0045b084 on 0x0728f9bb: closed
02-14 14:44:15.200  7947  8419 E Assert  : 	at org.firstinspires.ftc.robotcore.internal.system.Assert.assertFailed(Assert.java:140)
02-14 14:44:15.200  7947  8419 E Assert  : 	at org.firstinspires.ftc.robotcore.internal.system.Assert.assertTrue(Assert.java:94)
02-14 14:44:15.200  7947  8419 E Assert  : 	at com.qualcomm.hardware.lynx.LynxUsbDeviceDelegate.assertOpen(LynxUsbDeviceDelegate.java:102)
02-14 14:44:15.201  7947  8419 E Assert  : 	at com.qualcomm.hardware.lynx.LynxUsbDeviceDelegate.getArmingState(LynxUsbDeviceDelegate.java:257)
02-14 14:44:15.201  7947  8419 E Assert  : 	at com.qualcomm.hardware.lynx.LynxModule.validateCommand(LynxModule.java:973)
02-14 14:44:15.202  7947  8419 E Assert  : 	at com.qualcomm.hardware.lynx.commands.LynxDatagram.<init>(LynxDatagram.java:157)
02-14 14:44:15.202  7947  8419 E Assert  : 	at com.qualcomm.hardware.lynx.LynxModule.sendCommand(LynxModule.java:1373)
02-14 14:44:15.203  7947  8419 E Assert  : 	at com.qualcomm.hardware.lynx.commands.LynxRespondable.send(LynxRespondable.java:230)
02-14 14:44:15.203  7947  8419 E Assert  : 	at com.qualcomm.hardware.lynx.LynxModule.ping(LynxModule.java:1123)
02-14 14:44:15.203  7947  8419 E Assert  : 	at com.qualcomm.hardware.lynx.LynxModule.ping(LynxModule.java:1111)
02-14 14:44:15.204  7947  8419 E Assert  : 	at com.qualcomm.hardware.lynx.LynxModule$3.run(LynxModule.java:1148)
02-14 14:44:15.204  7947  8419 E Assert  : 	at java.util.concurrent.Executors$RunnableAdapter.call(Executors.java:428)
02-14 14:44:15.205  7947  8419 E Assert  : 	at java.util.concurrent.FutureTask.run(FutureTask.java:237)
02-14 14:44:15.205  7947  8419 E Assert  : 	at java.util.concurrent.ScheduledThreadPoolExecutor$ScheduledFutureTask.run(ScheduledThreadPoolExecutor.java:272)
02-14 14:44:15.206  7947  8419 E Assert  : 	at java.util.concurrent.ThreadPoolExecutor.runWorker(ThreadPoolExecutor.java:1133)
02-14 14:44:15.206  7947  8419 E Assert  : 	at java.util.concurrent.ThreadPoolExecutor$Worker.run(ThreadPoolExecutor.java:607)
02-14 14:44:15.207  7947  8419 E Assert  : 	at com.qualcomm.robotcore.util.ThreadPool$ThreadFactoryImpl$1.run(ThreadPool.java:793)
02-14 14:44:15.207  7947  8419 E Assert  : 	at java.lang.Thread.run(Thread.java:761)
02-14 14:44:15.207  7947  8419 F Assert  : assertion failed: 0x0045b084 on 0x0728f9bb: closed
02-14 14:44:15.208  7947  8419 E Assert  : java.lang.RuntimeException: assertion failed: 0x0045b084 on 0x0728f9bb: closed
02-14 14:44:15.209  7947  8419 E Assert  : 	at org.firstinspires.ftc.robotcore.internal.system.Assert.assertFailed(Assert.java:140)
02-14 14:44:15.210  7947  8419 E Assert  : 	at org.firstinspires.ftc.robotcore.internal.system.Assert.assertTrue(Assert.java:94)
02-14 14:44:15.210  7947  8419 E Assert  : 	at com.qualcomm.hardware.lynx.LynxUsbDeviceDelegate.assertOpen(LynxUsbDeviceDelegate.java:102)
02-14 14:44:15.211  7947  8419 E Assert  : 	at com.qualcomm.hardware.lynx.LynxUsbDeviceDelegate.transmit(LynxUsbDeviceDelegate.java:191)
02-14 14:44:15.211  7947  8419 E Assert  : 	at com.qualcomm.hardware.lynx.LynxModule.sendCommand(LynxModule.java:1381)
02-14 14:44:15.212  7947  8419 E Assert  : 	at com.qualcomm.hardware.lynx.commands.LynxRespondable.send(LynxRespondable.java:230)
02-14 14:44:15.213  7947  8419 E Assert  : 	at com.qualcomm.hardware.lynx.LynxModule.ping(LynxModule.java:1123)
02-14 14:44:15.213  7947  8419 E Assert  : 	at com.qualcomm.hardware.lynx.LynxModule.ping(LynxModule.java:1111)
02-14 14:44:15.213  7947  8419 E Assert  : 	at com.qualcomm.hardware.lynx.LynxModule$3.run(LynxModule.java:1148)
02-14 14:44:15.214  7947  8419 E Assert  : 	at java.util.concurrent.Executors$RunnableAdapter.call(Executors.java:428)
02-14 14:44:15.214  7947  8419 E Assert  : 	at java.util.concurrent.FutureTask.run(FutureTask.java:237)
02-14 14:44:15.215  7947  8419 E Assert  : 	at java.util.concurrent.ScheduledThreadPoolExecutor$ScheduledFutureTask.run(ScheduledThreadPoolExecutor.java:272)
02-14 14:44:15.215  7947  8419 E Assert  : 	at java.util.concurrent.ThreadPoolExecutor.runWorker(ThreadPoolExecutor.java:1133)
02-14 14:44:15.216  7947  8419 E Assert  : 	at java.util.concurrent.ThreadPoolExecutor$Worker.run(ThreadPoolExecutor.java:607)
02-14 14:44:15.216  7947  8419 E Assert  : 	at com.qualcomm.robotcore.util.ThreadPool$ThreadFactoryImpl$1.run(ThreadPool.java:793)
02-14 14:44:15.217  7947  8419 E Assert  : 	at java.lang.Thread.run(Thread.java:761)
02-14 14:44:15.217  7947  8419 F Assert  : assertion failed: 0x0045b084 on 0x0728f9bb: closed
02-14 14:44:15.218  7947  8419 E Assert  : java.lang.RuntimeException: assertion failed: 0x0045b084 on 0x0728f9bb: closed
02-14 14:44:15.219  7947  8419 E Assert  : 	at org.firstinspires.ftc.robotcore.internal.system.Assert.assertFailed(Assert.java:140)
02-14 14:44:15.219  7947  8419 E Assert  : 	at org.firstinspires.ftc.robotcore.internal.system.Assert.assertTrue(Assert.java:94)
02-14 14:44:15.220  7947  8419 E Assert  : 	at com.qualcomm.hardware.lynx.LynxUsbDeviceDelegate.assertOpen(LynxUsbDeviceDelegate.java:102)
02-14 14:44:15.221  7947  8419 E Assert  : 	at com.qualcomm.hardware.lynx.LynxUsbDeviceDelegate.releaseNetworkTransmissionLock(LynxUsbDeviceDelegate.java:186)
02-14 14:44:15.221  7947  8419 E Assert  : 	at com.qualcomm.hardware.lynx.LynxModule.releaseNetworkTransmissionLock(LynxModule.java:1361)
02-14 14:44:15.222  7947  8419 E Assert  : 	at com.qualcomm.hardware.lynx.commands.LynxMessage.releaseNetworkLock(LynxMessage.java:135)
02-14 14:44:15.222  7947  8419 E Assert  : 	at com.qualcomm.hardware.lynx.commands.LynxRespondable.send(LynxRespondable.java:243)
02-14 14:44:15.222  7947  8419 E Assert  : 	at com.qualcomm.hardware.lynx.LynxModule.ping(LynxModule.java:1123)
02-14 14:44:15.223  7947  8419 E Assert  : 	at com.qualcomm.hardware.lynx.LynxModule.ping(LynxModule.java:1111)
02-14 14:44:15.223  7947  8419 E Assert  : 	at com.qualcomm.hardware.lynx.LynxModule$3.run(LynxModule.java:1148)
02-14 14:44:15.224  7947  8419 E Assert  : 	at java.util.concurrent.Executors$RunnableAdapter.call(Executors.java:428)
02-14 14:44:15.224  7947  8419 E Assert  : 	at java.util.concurrent.FutureTask.run(FutureTask.java:237)
02-14 14:44:15.225  7947  8419 E Assert  : 	at java.util.concurrent.ScheduledThreadPoolExecutor$ScheduledFutureTask.run(ScheduledThreadPoolExecutor.java:272)
02-14 14:44:15.225  7947  8419 E Assert  : 	at java.util.concurrent.ThreadPoolExecutor.runWorker(ThreadPoolExecutor.java:1133)
02-14 14:44:15.225  7947  8419 E Assert  : 	at java.util.concurrent.ThreadPoolExecutor$Worker.run(ThreadPoolExecutor.java:607)
02-14 14:44:15.226  7947  8419 E Assert  : 	at com.qualcomm.robotcore.util.ThreadPool$ThreadFactoryImpl$1.run(ThreadPool.java:793)
02-14 14:44:15.226  7947  8419 E Assert  : 	at java.lang.Thread.run(Thread.java:761)
02-14 14:44:15.816  7947  7947 E RobotCore: thread id=3709 tid=8422 name="opmode loop()" 
02-14 14:44:15.816  7947  7947 E RobotCore:     at java.lang.Thread.sleep(Native Method)
02-14 14:44:15.817  7947  7947 E RobotCore:     at java.lang.Thread.sleep(Thread.java:371)
02-14 14:44:15.817  7947  7947 E RobotCore:     at java.lang.Thread.sleep(Thread.java:313)
02-14 14:44:15.817  7947  7947 E RobotCore:     at com.qualcomm.robotcore.eventloop.EventLoopManager$EventLoopRunnable$1.run(EventLoopManager.java:250)
02-14 14:44:15.817  7947  7947 E RobotCore:     at com.qualcomm.robotcore.util.ThreadPool.logThreadLifeCycle(ThreadPool.java:737)
02-14 14:44:15.817  7947  7947 E RobotCore:     at com.qualcomm.robotcore.eventloop.EventLoopManager$EventLoopRunnable.run(EventLoopManager.java:239)
02-14 14:44:15.817  7947  7947 E RobotCore:     at com.qualcomm.robotcore.eventloop.EventLoopManager$1.run(EventLoopManager.java:582)
02-14 14:44:15.817  7947  7947 E RobotCore:     at java.util.concurrent.ThreadPoolExecutor.runWorker(ThreadPoolExecutor.java:1133)
02-14 14:44:15.818  7947  7947 E RobotCore:     at java.util.concurrent.ThreadPoolExecutor$Worker.run(ThreadPoolExecutor.java:607)
02-14 14:44:15.818  7947  7947 E RobotCore:     at com.qualcomm.robotcore.util.ThreadPool$ThreadFactoryImpl$1.run(ThreadPool.java:793)
02-14 14:44:15.818  7947  7947 E RobotCore:     at java.lang.Thread.run(Thread.java:761)
02-14 14:44:15.819  7947  8422 V RobotCore: EventLoopRunnable interrupted
02-14 14:44:15.819  7947  8422 V RobotCore: EventLoopManager state is STOPPED
02-14 14:44:15.820  7947  8422 I FtcEventLoopIdle: ------- idle teardown ----
02-14 14:44:15.820  7947  8422 V RobotCore: thread: ...terminating 'opmode loop()'
02-14 14:44:15.821  7947  7947 V RobotCore: EventLoopManager state is STOPPED
02-14 14:44:15.834  7947  8410 V RobotCore: thread: 'RobotSetupRunnable.run()' starting...
02-14 14:44:15.834  7947  8410 V FTCService: Processing robot setup
02-14 14:44:15.835  7947  7947 V RCActivity: onResume()
02-14 14:44:15.835  7947  8410 V RobotCore: Robot Status: stopped, scanning for USB devices
02-14 14:44:15.837  7947  7947 I Choreographer: Skipped 151 frames!  The application may be doing too much work on its main thread.
02-14 14:44:15.845  7947  8194 V Robocol : sending CMD_NOTIFY_ROBOT_STATE(1593), attempt: 0
02-14 14:44:15.846  7947  8194 V Robocol : sending CMD_NOTIFY_ROBOT_STATE(1594), attempt: 0
--------- beginning of system
02-14 14:44:15.852  7947  7947 W ViewRootImpl[FtcRobotControllerActivity]: Cancelling event due to no window focus: KeyEvent { action=ACTION_UP, keyCode=KEYCODE_BACK, scanCode=0, metaState=0, flags=0x68, repeatCount=0, eventTime=21561842, downTime=21561750, deviceId=-1, source=0x101 }
02-14 14:44:15.852  7947  7947 W ViewRootImpl[FtcRobotControllerActivity]: Cancelling event due to no window focus: KeyEvent { action=ACTION_UP, keyCode=KEYCODE_BACK, scanCode=0, metaState=0, flags=0x68, repeatCount=0, eventTime=21561842, downTime=21561750, deviceId=-1, source=0x101 }
02-14 14:44:15.852  7947  7947 W ViewRootImpl[FtcRobotControllerActivity]: Cancelling event due to no window focus: KeyEvent { action=ACTION_UP, keyCode=KEYCODE_BACK, scanCode=0, metaState=0, flags=0x68, repeatCount=0, eventTime=21561842, downTime=21561750, deviceId=-1, source=0x101 }
02-14 14:44:15.853  7947  7947 W ViewRootImpl[FtcRobotControllerActivity]: Cancelling event due to no window focus: KeyEvent { action=ACTION_UP, keyCode=KEYCODE_BACK, scanCode=0, metaState=0, flags=0x68, repeatCount=0, eventTime=21561842, downTime=21561750, deviceId=-1, source=0x101 }
02-14 14:44:15.854  7947  7947 W ViewRootImpl[FtcRobotControllerActivity]: Cancelling event due to no window focus: KeyEvent { action=ACTION_UP, keyCode=KEYCODE_BACK, scanCode=0, metaState=0, flags=0x68, repeatCount=0, eventTime=21561842, downTime=21561750, deviceId=-1, source=0x101 }
02-14 14:44:15.854  7947  7947 W ViewRootImpl[FtcRobotControllerActivity]: Cancelling event due to no window focus: KeyEvent { action=ACTION_UP, keyCode=KEYCODE_BACK, scanCode=0, metaState=0, flags=0x68, repeatCount=0, eventTime=21561842, downTime=21561750, deviceId=-1, source=0x101 }
02-14 14:44:15.856  7947  7947 W ViewRootImpl[FtcRobotControllerActivity]: Cancelling event due to no window focus: KeyEvent { action=ACTION_UP, keyCode=KEYCODE_BACK, scanCode=0, metaState=0, flags=0x68, repeatCount=0, eventTime=21561842, downTime=21561750, deviceId=-1, source=0x101 }
02-14 14:44:15.856  7947  7947 W ViewRootImpl[FtcRobotControllerActivity]: Cancelling event due to no window focus: KeyEvent { action=ACTION_UP, keyCode=KEYCODE_BACK, scanCode=0, metaState=0, flags=0x68, repeatCount=0, eventTime=21561842, downTime=21561750, deviceId=-1, source=0x101 }
02-14 14:44:15.856  7947  7947 W ViewRootImpl[FtcRobotControllerActivity]: Cancelling event due to no window focus: KeyEvent { action=ACTION_UP, keyCode=KEYCODE_BACK, scanCode=0, metaState=0, flags=0x68, repeatCount=0, eventTime=21561842, downTime=21561750, deviceId=-1, source=0x101 }
02-14 14:44:19.169  7947  7947 V FtDeviceManager: ACTION_USB_DEVICE_DETACHED: /dev/bus/usb/001/002
02-14 14:44:19.171  7947  7987 D CameraManager: ---------------------------------------------- ACTION_USB_DEVICE_DETACHED
02-14 14:44:20.836  7947  8410 V RobotCore: Robot Status: stopped, waiting for Wifi to enable
02-14 14:44:20.839  7947  8410 I RobotCore: state = 3
02-14 14:44:20.840  7947  8410 V RobotCore: Robot Status: stopped, waiting for Wifi Direct to enable
02-14 14:44:20.842  7947  8410 V FTCService: Waiting for a connection to a wifi service
02-14 14:44:20.842  7947  8410 V RobotCore: Robot Status: stopped, waiting for network to become active
02-14 14:44:20.843  7947  8410 V WebServer: Asked an already running WebServer to start
02-14 14:44:20.843  7947  8410 V RobotCore: Robot Status: stopped, starting robot
02-14 14:44:20.843  7947  8410 V Robocol : EventLoopManager.start()
02-14 14:44:20.844  7947  8410 V Robocol : Spoofing a Network Connection event...
02-14 14:44:20.844  7947  8410 I EventLoopManager: onNetworkConnectionEvent: CONNECTION_INFO_AVAILABLE
02-14 14:44:20.844  7947  8410 I Robocol : Received network connection event
02-14 14:44:20.844  7947  8410 I NetworkConnectionHandler: Handling new network connection infomation, connected: true setup needed: false
02-14 14:44:20.845  7947  8410 V RobotCore: EventLoopManager state is STOPPED
02-14 14:44:20.847  7947  8410 V Robocol : eventLoop=FtcEventLoop
02-14 14:44:20.847  7947  8410 V RobotCore: EventLoopManager state is INIT
02-14 14:44:20.847  7947  8410 V RobotCore: Robot Status: initializing, starting robot
02-14 14:44:20.848  7947  8410 I FtcEventLoop: ======= INIT START =======
02-14 14:44:20.851  7947  7947 D WifiDirect: cannot create group, does group already exist?
02-14 14:44:20.853  7947  8410 V OpmodeRegistration: registered {DefaultOpMode} as {$Stop$Robot$}
02-14 14:44:20.856  7947  8410 V FileBasedLock: locked /storage/emulated/0/FIRST/blocks/projectslock/lock.dat
02-14 14:44:20.857  7947  8410 V FileBasedLock: unlocking /storage/emulated/0/FIRST/blocks/projectslock/lock.dat
