02-14 14:36:04.932  6583  6583 D UsbDeviceConnectionJNI: close
02-14 14:36:04.932  6583  6836 V LynxUsb : shutting down incoming datagrams
02-14 14:36:04.930  6832  6832 W com.qualcomm.ftcrobotcontroller: type=1400 audit(0.0:100): avc: denied { search } for uid=10134 comm=6C796E7820696E636F6D696E672064 name="usb" dev="tmpfs" ino=7295 scontext=u:r:untrusted_app:s0:c512,c768 tcontext=u:object_r:usb_device:s0 tclass=dir permissive=0
02-14 14:36:04.933  6583  6832 V LynxUsb : device closed in incoming datagram loop
02-14 14:36:04.933  6583  6583 V FtDevice: ^^********************DQ2AQHDD closed ********************^^
02-14 14:36:04.933  6583  6832 V RobotUsbDeviceFtdi: closing DQ2AQHDD
02-14 14:36:04.934  6583  6832 V RobotCore: thread: ...terminating 'lynx incoming datagrams'
02-14 14:36:04.938  6583  6836 V RobotUsbDeviceFtdi: closing DQ2AQHDD
02-14 14:36:04.938  6583  6836 V LynxUsb : ...done disarmDevice()
02-14 14:36:04.939  6583  6836 I FtcEventLoop: ======= MODULE DETACH RECOVERY: pretend REV Robotics USB Expansion Hub Portal [DQ2AQHDD]=======
02-14 14:36:04.939  6583  6836 V LynxUsb : doPretend() serial=DQ2AQHDD
02-14 14:36:04.940  6583  6836 I FtcEventLoop: ^^===== MODULE DETACH RECOVERY: complete REV Robotics USB Expansion Hub Portal [DQ2AQHDD]=====^^
02-14 14:36:04.940  6583  6836 D RobotCore: system telemetry: key=$System$Warning$ msg="REV Robotics USB Expansion Hub Portal [DQ2AQHDD] detached"
02-14 14:36:04.946  6583  6769 W AudioTrack: AUDIO_OUTPUT_FLAG_FAST denied by client; transfer 4, track 44100 Hz, output 48000 Hz
02-14 14:36:05.032  6583  6769 D SoundPlayer: playing volume=1.000000 samp=2|ms=1044
02-14 14:36:05.051  6583  6846 V Robocol : sending CMD_PLAY_SOUND(214), attempt: 0
02-14 14:36:07.129  6583  6583 V RCActivity: onPause()
02-14 14:36:07.612  6583  6583 V RCActivity: onStop()
02-14 14:36:08.424  6583  6583 V NetDiscover_prefremrc: onSharedPreferenceChanged(name=pref_sound_on_off, value=false)
02-14 14:36:08.424  6583  6583 V NetDiscover_prefremrc: sending RC pref name=pref_sound_on_off value=false
02-14 14:36:08.451  6583  6846 V Robocol : sending CMD_ROBOT_CONTROLLER_PREFERENCE(262), attempt: 0
02-14 14:36:08.475  6583  6766 V Robocol : received command: CMD_ROBOT_CONTROLLER_PREFERENCE(10118) {"booleanValue":false,"prefName":"pref_sound_on_off"}
02-14 14:36:09.774  6583  6583 V NetDiscover_prefremrc: onSharedPreferenceChanged(name=pref_app_theme, value=green)
02-14 14:36:09.774  6583  6583 V NetDiscover_prefremrc: sending RC pref name=pref_app_theme value=green
02-14 14:36:09.775  6583  6583 V RCActivity: app theme changed: restarting app: App color scheme has changed. The robot controller will restart.
02-14 14:36:09.811  6583  6846 V Robocol : sending CMD_ROBOT_CONTROLLER_PREFERENCE(284), attempt: 0
02-14 14:36:09.811  6583  6846 V Robocol : sending CMD_SHOW_TOAST(285), attempt: 0
02-14 14:36:09.837  6583  6766 V Robocol : received command: CMD_ROBOT_CONTROLLER_PREFERENCE(10141) {"prefName":"pref_app_theme","stringValue":"green"}
02-14 14:36:11.038  6583  6583 V AppUtil : restarting app
02-14 14:36:11.048  6583  6583 I AndroidRuntime: VM exiting with result code 0, cleanup skipped.
--------- beginning of main
02-14 14:36:11.189  6882  6882 V AppUtil : initializing: getExternalStorageDirectory()=/storage/emulated/0
02-14 14:36:11.194  6882  6896 V RobotCore: saving logcat to /storage/emulated/0/robotControllerLog.txt
02-14 14:36:11.194  6882  6896 V RobotCore: logging command line: exec logcat -f /storage/emulated/0/robotControllerLog.txt -r4096 -n4 -v threadtime UsbRequestJNI:S UsbRequest:S art:W ThreadPool:W System:W ExtendedExtractor:W OMXClient:W MediaPlayer:W dalvikvm:W  *:V
02-14 14:36:11.197  6882  6882 V ServiceStarter: attempting to start service MediaTransferProtocolMonitorService
02-14 14:36:11.199  6882  6882 V ServiceStarter: started service MediaTransferProtocolMonitorService
02-14 14:36:11.199  6882  6882 V ServiceStarter: attempting to start service OnBotJavaService
02-14 14:36:11.201  6882  6882 V ServiceStarter: started service OnBotJavaService
02-14 14:36:11.211  6882  6882 V AppUtil : rootActivity=FtcRobotControllerActivity
02-14 14:36:11.211  6882  6882 V RCActivity: onCreate()
02-14 14:36:11.216  6882  6882 V RCActivity: rootActivity is of class FtcRobotControllerActivity
02-14 14:36:11.224  6882  6900 V CallbackLooper: thread=3559
02-14 14:36:11.228  6882  6882 V NetDiscover_wifiDirectAgent: doStart()...
02-14 14:36:11.230  6882  6900 V NetDiscover_wifiDirectAgent_bcast: wifiP2pEnabled=true
02-14 14:36:11.233  6882  6882 V NetDiscover_wifiDirectAgent: ...doStart()
02-14 14:36:11.233  6882  6882 V NetDiscover_name: doStart()...
02-14 14:36:11.234  6882  6882 V NetDiscover_name: ...doStart()
02-14 14:36:11.234  6882  6882 V NetDiscover_prefremrc: ----- all preferences -----
02-14 14:36:11.235  6882  6882 V NetDiscover_prefremrc: name='pref_wifip2p_groupowner_connectedto' value=
02-14 14:36:11.235  6882  6882 V NetDiscover_prefremrc: name='pref_has_speaker' value=true
02-14 14:36:11.235  6882  6882 V NetDiscover_prefremrc: name='pref_pairing_kind' value=WIFIDIRECT
02-14 14:36:11.235  6882  6882 V NetDiscover_prefremrc: name='pref_has_independent_phone_battery' value=true
02-14 14:36:11.235  6882  6882 V NetDiscover_prefremrc: name='pref_app_theme' value=green
02-14 14:36:11.235  6882  6882 V NetDiscover_prefremrc: name='pref_wifip2p_remote_channel_change_works' value=true
02-14 14:36:11.235  6882  6882 V NetDiscover_prefremrc: name='pref_hardware_config_filename' value={"isDirty":false,"location":"LOCAL_STORAGE","name":"vermontconfig","resourceId":0}
02-14 14:36:11.235  6882  6882 V NetDiscover_prefremrc: name='pref_device_name' value=11723-RC
02-14 14:36:11.235  6882  6882 V NetDiscover_prefremrc: name='pref_device_name_old' value=11723-RC
02-14 14:36:11.236  6882  6882 V NetDiscover_prefremrc: name='pref_device_name_tracking' value=WIFIDIRECT
02-14 14:36:11.236  6882  6882 V NetDiscover_prefremrc: name='pref_sound_on_off' value=false
02-14 14:36:11.236  6882  6882 V NetDiscover_prefremrc: name='pref_rc_connected' value=true
02-14 14:36:11.236  6882  6882 V NetDiscover_prefremrc: doStart()...
02-14 14:36:11.236  6882  6882 V NetDiscover_prefremrc: ...doStart()
02-14 14:36:11.241  6882  6900 D NetDiscover_wifiDirectAgent_bcast: connection changed: networkInfo.state=CONNECTED
02-14 14:36:11.241  6882  6900 V NetDiscover_wifiDirectAgent_bcast: NetworkInfo: [type: WIFI_P2P[], state: CONNECTED/CONNECTED, reason: (unspecified), extra: (none), failover: false, available: true, roaming: false, metered: false]
02-14 14:36:11.242  6882  6900 V NetDiscover_wifiDirectAgent_bcast: WifiP2pInfo: groupFormed: true isGroupOwner: true groupOwnerAddress: /192.168.49.1 mccMode: false
02-14 14:36:11.242  6882  6900 V NetDiscover_wifiDirectAgent_bcast: WifiP2pGroup: network: DIRECT-sI-11723-RC, isGO: true, GO: Device: , deviceAddress: cc:61:e5:08:ad:af, primary type: null, secondary type: null, wps: 0, grpcapab: 0, devcapab: 0, status: 4, wfdInfo: WFD enabled: falseWFD DeviceInfo: 0, WFD CtrlPort: 0, WFD MaxThroughput: 0, level: 0, Client: Device: 11723-DS, deviceAddress: cc:61:e5:08:c5:04, primary type: 10-0050F204-5, secondary type: null, wps: 392, grpcapab: 0, devcapab: 33, status: 0, wfdInfo: null, level: 60, interface: p2p0, networkId: 0
02-14 14:36:11.243  6882  6900 V NetDiscover_wifiDirectAgent_bcast: this device changed: Device=11723-RC deviceAddress=cc:61:e5:08:ad:af primary type=10-0050F204-5 secondary type=null wps=0 grpcapab=0 devcapab=0 status=0 wfdInfo=WFD enabled=falseWFD DeviceInfo=0 WFD CtrlPort=0 WFD MaxThroughput=0 level=0
02-14 14:36:11.243  6882  6900 V NetDiscover_name: remembering wifiDirectName: 11723-RC...
02-14 14:36:11.243  6882  6900 V NetDiscover_name: wifiDirectName=11723-RC
02-14 14:36:11.243  6882  6900 V NetDiscover_name: ...remembering wifiDirectName
02-14 14:36:11.244  6882  6900 V NetDiscover_wifiDirectAgent_bcast: p2p discoverPeers()=false
02-14 14:36:11.244  6882  6900 V NetDiscover_wifiDirectAgent_bcast: wifi direct remembered groups cleared
02-14 14:36:11.246  6882  6900 V NetDiscover_wifiDirectAgent_bcast: wifiState=ENABLED
02-14 14:36:11.247  6882  6900 V NetDiscover_wifiDirectAgent: found persistent group: DIRECT-sI-11723-RC
02-14 14:36:11.253  6882  6896 I RobotCore: Done running ps
02-14 14:36:11.274  6901  6901 W sh      : type=1400 audit(0.0:101): avc: denied { read } for uid=10134 name="/" dev="rootfs" ino=1 scontext=u:r:untrusted_app:s0:c512,c768 tcontext=u:object_r:rootfs:s0 tclass=dir permissive=0
02-14 14:36:11.274  6882  6882 D ApplicationLoaders: ignored Vulkan layer search path /data/app/com.android.chrome-1/lib/arm:/data/app/com.android.chrome-1/base.apk!/lib/armeabi-v7a for namespace 0xa89ef090
02-14 14:36:11.279  6882  6882 I WebViewFactory: Loading com.android.chrome version 72.0.3626.105 (code 362610502)
02-14 14:36:11.338  6882  6882 I cr_LibraryLoader: Time to load native libraries: 6 ms (timestamps 8624-8630)
02-14 14:36:11.358  6882  6882 I chromium: [INFO:library_loader_hooks.cc(42)] Chromium logging enabled: level = 0, default verbosity = 0
02-14 14:36:11.358  6882  6882 I cr_LibraryLoader: Expected native library version number "72.0.3626.105", actual native library version number "72.0.3626.105"
02-14 14:36:11.384  6882  6882 I cr_BrowserStartup: Initializing chromium process, singleProcess=true
02-14 14:36:11.391  6882  6882 W ResourceType: Failure getting entry for 0x7f120538 (t=17 e=1336) (error -2147483647)
02-14 14:36:11.530  6882  6882 V OnBotJava: OnBotJavaManager::static
02-14 14:36:11.736  6882  6882 W art     : Found duplicate classes, falling back to interpreter mode for /data/app/com.qualcomm.ftcrobotcontroller-1/base.apk
02-14 14:36:11.736  6882  6882 W art     : Found duplicated class when checking oat files: 'Landroid/support/annotation/Keep;' in /data/app/com.qualcomm.ftcrobotcontroller-1/base.apk and /data/app/com.android.chrome-1/base.apk
02-14 14:36:12.386  6882  6882 V OnBotJava: getCurrentOutputJarDir() unavailable
02-14 14:36:12.387  6882  6882 V OnBotJava: getCurrentOutputJarDir() unavailable
02-14 14:36:13.525  6882  6882 V UpdateUI: Network: inactive, disconnected
02-14 14:36:13.525  6882  6882 V ServiceStarter: attempting to start service FtcRobotControllerWatchdogService
02-14 14:36:13.528  6882  6882 V ServiceStarter: started service FtcRobotControllerWatchdogService
02-14 14:36:13.534  6882  6882 V RobotCore: BuildConfig: versionCode=31 versionName=4.3 module=com.qualcomm.ftcrobotcontroller
02-14 14:36:13.534  6882  6882 V RobotCore: BuildConfig: versionCode=55 versionName=8.9 module=com.qualcomm.robotcore
02-14 14:36:13.534  6882  6882 V RobotCore: BuildConfig: versionCode=55 versionName=8.9 module=com.qualcomm.hardware
02-14 14:36:13.534  6882  6882 V RobotCore: BuildConfig: versionCode=55 versionName=8.9 module=com.qualcomm.ftccommon
02-14 14:36:13.535  6882  6882 V RobotCore: BuildConfig: versionCode=55 versionName=8.9 module=com.google.blocks
02-14 14:36:13.535  6882  6882 V RobotCore: BuildConfig: versionCode=55 versionName=8.9 module=org.firstinspires.inspection
02-14 14:36:13.535  6882  6882 I RCActivity: 410c serial number: ZY223Q7MGF
02-14 14:36:13.535  6882  6882 I RobotCore: Android Device: maker=motorola model=XT1609 sdk=25
02-14 14:36:13.536  6882  6882 V RCActivity: onStart()
02-14 14:36:13.542  6882  6882 V RCActivity: onResume()
02-14 14:36:13.591  6882  6882 V MTPMonitorService: onCreate()
02-14 14:36:13.592  6882  6882 V MTPMonitorService: onStartCommand() intent=Intent { cmp=com.qualcomm.ftcrobotcontroller/org.firstinspires.ftc.robotcore.internal.files.MediaTransferProtocolMonitorService } flags=0x0 startId=1
02-14 14:36:13.593  6882  6882 V MTPMonitor: observing: /storage/emulated/0
02-14 14:36:13.596  6882  6882 W FileObserverManager: upgrading mask: path=/storage/emulated/0/FIRST/blocks old=0x00000ffc new=0x00004ffc: might possibly miss event
02-14 14:36:13.599  6882  6882 W FileObserverManager: upgrading mask: path=/storage/emulated/0/FIRST/java/status old=0x00000ffc new=0x00004ffc: might possibly miss event
02-14 14:36:13.635  6882  6882 V OnBotJavaService: onCreate()
02-14 14:36:13.636  6882  6882 V OnBotJavaService: onStartCommand() intent=Intent { cmp=com.qualcomm.ftcrobotcontroller/org.firstinspires.ftc.robotcore.internal.opmode.OnBotJavaService } flags=0x0 startId=1
02-14 14:36:13.636  6882  6882 V OnBotJava: ctor()...
02-14 14:36:13.637  6882  6882 V OnBotJava: ...ctor()
02-14 14:36:13.638  6882  6882 V RCActivity: onPause()
02-14 14:36:13.647  6882  6882 V FtcRobotControllerWatchdogService: onCreate()
02-14 14:36:13.648  6882  6882 V FtcRobotControllerWatchdogService: onStartCommand() intent=Intent { cmp=com.qualcomm.ftcrobotcontroller/org.firstinspires.ftc.ftccommon.internal.FtcRobotControllerWatchdogService } flags=0x0 startId=1
02-14 14:36:13.648  6882  6882 V FtcRobotControllerWatchdogService: shouldAutoLauchRobotController() result=false
02-14 14:36:13.649  6882  6882 V FTCService: onCreate()
02-14 14:36:13.649  6882  6882 V FTCService: onBind()
02-14 14:36:13.655  6882  6882 V WebServer: creating NanoHTTPD(8080)
02-14 14:36:13.661  6882  6882 V RobotCore: Getting network assistant of type: WIFIDIRECT
02-14 14:36:13.664  6882  6882 V NetDiscover_prefremrc: onSharedPreferenceChanged(name=pref_wifip2p_groupowner_connectedto, value=null)
02-14 14:36:13.664  6882  6882 V WifiDirect: There are 1 Wifi Direct Assistant Clients (+)
02-14 14:36:13.664  6882  6882 V WifiDirect: Enabling Wifi Direct Assistant
02-14 14:36:13.666  6882  6882 V WifiDirectInviteMonitor: startMonitoring()
02-14 14:36:13.671  6882  6900 V NetDiscover_wifiDirectAgent_bcast: wifiP2pEnabled=true
02-14 14:36:13.672  6882  6900 D NetDiscover_wifiDirectAgent_bcast: connection changed: networkInfo.state=CONNECTED
02-14 14:36:13.672  6882  6900 V NetDiscover_wifiDirectAgent_bcast: NetworkInfo: [type: WIFI_P2P[], state: CONNECTED/CONNECTED, reason: (unspecified), extra: (none), failover: false, available: true, roaming: false, metered: false]
02-14 14:36:13.672  6882  6900 V NetDiscover_wifiDirectAgent_bcast: WifiP2pInfo: groupFormed: true isGroupOwner: true groupOwnerAddress: /192.168.49.1 mccMode: false
02-14 14:36:13.672  6882  6900 V NetDiscover_wifiDirectAgent_bcast: WifiP2pGroup: network: DIRECT-sI-11723-RC, isGO: true, GO: Device: , deviceAddress: cc:61:e5:08:ad:af, primary type: null, secondary type: null, wps: 0, grpcapab: 0, devcapab: 0, status: 4, wfdInfo: WFD enabled: falseWFD DeviceInfo: 0, WFD CtrlPort: 0, WFD MaxThroughput: 0, level: 0, Client: Device: 11723-DS, deviceAddress: cc:61:e5:08:c5:04, primary type: 10-0050F204-5, secondary type: null, wps: 392, grpcapab: 0, devcapab: 33, status: 0, wfdInfo: null, level: 60, interface: p2p0, networkId: 0
02-14 14:36:13.673  6882  6900 V NetDiscover_wifiDirectAgent_bcast: this device changed: Device=11723-RC deviceAddress=cc:61:e5:08:ad:af primary type=10-0050F204-5 secondary type=null wps=0 grpcapab=0 devcapab=0 status=0 wfdInfo=WFD enabled=falseWFD DeviceInfo=0 WFD CtrlPort=0 WFD MaxThroughput=0 level=0
02-14 14:36:13.673  6882  6900 V NetDiscover_name: remembering wifiDirectName: 11723-RC...
02-14 14:36:13.673  6882  6900 V NetDiscover_name: ...remembering wifiDirectName
02-14 14:36:13.673  6882  6900 V NetDiscover_wifiDirectAgent_bcast: p2p discoverPeers()=false
02-14 14:36:13.673  6882  6900 V NetDiscover_wifiDirectAgent_bcast: wifi direct remembered groups cleared
02-14 14:36:13.673  6882  6900 V NetDiscover_wifiDirectAgent_bcast: wifiState=ENABLED
02-14 14:36:13.718  6882  6945 I Adreno-EGL: <qeglDrvAPI_eglInitialize:379>: EGL 1.4 QUALCOMM build: Nondeterministic_AU_msm8916_32_LA.BR.1.2.9_RB1__release_AU (I750f7f2fa6)
02-14 14:36:13.718  6882  6945 I Adreno-EGL: OpenGL ES Shader Compiler Version: XE031.09.00.03
02-14 14:36:13.718  6882  6945 I Adreno-EGL: Build Date: 02/18/17 Sat
02-14 14:36:13.718  6882  6945 I Adreno-EGL: Local Branch: 
02-14 14:36:13.718  6882  6945 I Adreno-EGL: Remote Branch: quic/LA.BR.1.2.9_rb1.12
02-14 14:36:13.718  6882  6945 I Adreno-EGL: Local Patches: NONE
02-14 14:36:13.718  6882  6945 I Adreno-EGL: Reconstruct Branch: NOTHING
02-14 14:36:13.724  6882  6945 I OpenGLRenderer: Initialized EGL, version 1.4
02-14 14:36:13.724  6882  6945 D OpenGLRenderer: Swap behavior 1
02-14 14:36:13.725  6882  6882 D WifiDirect: broadcast: state - enabled: true
02-14 14:36:13.726  6882  6882 D WifiDirect: broadcast: connection changed: connectStatus=NOT_CONNECTED networkInfo.state=CONNECTED
02-14 14:36:13.726  6882  6882 V WifiDirect: writing pref name=pref_wifip2p_groupowner_connectedto value=
02-14 14:36:13.726  6882  6882 V NetDiscover_prefremrc: onSharedPreferenceChanged(name=pref_wifip2p_groupowner_connectedto, value=)
02-14 14:36:13.727  6882  6882 D WifiDirect: broadcast: this device changed
02-14 14:36:13.727  6882  6907 W cr_CrashFileManager: /data/user/0/com.qualcomm.ftcrobotcontroller/cache/WebView/Crash Reports does not exist or is not a directory
02-14 14:36:13.727  6882  6882 V WifiDirect: device information: 11723-RC cc:61:e5:08:ad:af
02-14 14:36:13.727  6882  6882 D WifiDirect: cannot create group, does group already exist?
02-14 14:36:13.727  6882  6882 V FTCService: RCActivity.controllerService=bound
02-14 14:36:13.728  6882  6882 V UpdateUI: Network: unknown, disconnected
02-14 14:36:13.729  6882  6882 V RobotCore: Robot Status: stopped
02-14 14:36:13.736  6882  6945 W Adreno-ES20: <get_gpu_clk:229>: open failed: errno 13
02-14 14:36:13.730  6945  6945 W RenderThread: type=1400 audit(0.0:102): avc: denied { read } for uid=10134 name="gpuclk" dev="sysfs" ino=11560 scontext=u:r:untrusted_app:s0:c512,c768 tcontext=u:object_r:sysfs:s0 tclass=file permissive=0
02-14 14:36:13.750  6882  6952 V RobotCore: thread: 'RobotSetupRunnable.run()' starting...
02-14 14:36:13.750  6882  6952 V FTCService: Processing robot setup
02-14 14:36:13.751  6882  6952 V RobotCore: Robot Status: stopped, scanning for USB devices
02-14 14:36:13.806  6882  6882 D WifiDirect: group owners address: /192.168.49.1
02-14 14:36:13.806  6882  6882 D WifiDirect: group formed, this device is the group owner (GO)
02-14 14:36:13.806  6882  6882 I FTCService: onNetworkConnectionEvent: CONNECTED_AS_GROUP_OWNER
02-14 14:36:13.806  6882  6882 I FTCService: Wifi Direct - connected as group owner
02-14 14:36:13.813  6882  6882 V UpdateUI: Network: enabled, disconnected
02-14 14:36:13.825  6882  6882 E libEGL  : validate_display:99 error 3008 (EGL_BAD_DISPLAY)
02-14 14:36:13.827  6882  6882 W Adreno-ES20: <get_gpu_clk:229>: open failed: errno 13
02-14 14:36:13.824  6882  6882 W robotcontroller: type=1400 audit(0.0:103): avc: denied { read } for uid=10134 name="gpuclk" dev="sysfs" ino=11560 scontext=u:r:untrusted_app:s0:c512,c768 tcontext=u:object_r:sysfs:s0 tclass=file permissive=0
02-14 14:36:13.873  6882  6882 V WifiDirect: connection information available
02-14 14:36:13.873  6882  6882 V WifiDirect: connection information - groupOwnerName = 11723-RC
02-14 14:36:13.873  6882  6882 V WifiDirect: connection information - groupOwnerMacAddress = cc:61:e5:08:ad:af
02-14 14:36:13.873  6882  6882 V WifiDirect: connection information - groupInterface = p2p0
02-14 14:36:13.874  6882  6882 V WifiDirect: connection information - groupNetworkName = DIRECT-sI-11723-RC
02-14 14:36:13.874  6882  6882 I FTCService: onNetworkConnectionEvent: CONNECTION_INFO_AVAILABLE
02-14 14:36:13.874  6882  6882 I FTCService: Network Connection Passphrase: 47FwlPaD
02-14 14:36:13.874  6882  6882 V WebServer: starting port=8080
02-14 14:36:13.885  6882  6882 V RobotCore: Getting network assistant of type: WIFIDIRECT
02-14 14:36:13.885  6882  6882 V WifiDirect: There are 2 Wifi Direct Assistant Clients (+)
02-14 14:36:13.887  6882  6882 V WebServer: started port=8080
02-14 14:36:13.888  6882  6882 V UpdateUI: Network: active, disconnected
02-14 14:36:13.889  6882  6900 V NetDiscover_wifiDirectAgent_bcast: wifiP2pEnabled=true
02-14 14:36:13.889  6882  6900 D NetDiscover_wifiDirectAgent_bcast: connection changed: networkInfo.state=CONNECTED
02-14 14:36:13.890  6882  6900 V NetDiscover_wifiDirectAgent_bcast: NetworkInfo: [type: WIFI_P2P[], state: CONNECTED/CONNECTED, reason: (unspecified), extra: (none), failover: false, available: true, roaming: false, metered: false]
02-14 14:36:13.890  6882  6900 V NetDiscover_wifiDirectAgent_bcast: WifiP2pInfo: groupFormed: true isGroupOwner: true groupOwnerAddress: /192.168.49.1 mccMode: false
02-14 14:36:13.890  6882  6900 V NetDiscover_wifiDirectAgent_bcast: WifiP2pGroup: network: DIRECT-sI-11723-RC, isGO: true, GO: Device: , deviceAddress: cc:61:e5:08:ad:af, primary type: null, secondary type: null, wps: 0, grpcapab: 0, devcapab: 0, status: 4, wfdInfo: WFD enabled: falseWFD DeviceInfo: 0, WFD CtrlPort: 0, WFD MaxThroughput: 0, level: 0, Client: Device: 11723-DS, deviceAddress: cc:61:e5:08:c5:04, primary type: 10-0050F204-5, secondary type: null, wps: 392, grpcapab: 0, devcapab: 33, status: 0, wfdInfo: null, level: 60, interface: p2p0, networkId: 0
02-14 14:36:13.891  6882  6900 V NetDiscover_wifiDirectAgent_bcast: this device changed: Device=11723-RC deviceAddress=cc:61:e5:08:ad:af primary type=10-0050F204-5 secondary type=null wps=0 grpcapab=0 devcapab=0 status=0 wfdInfo=WFD enabled=falseWFD DeviceInfo=0 WFD CtrlPort=0 WFD MaxThroughput=0 level=0
02-14 14:36:13.891  6882  6900 V NetDiscover_name: remembering wifiDirectName: 11723-RC...
02-14 14:36:13.891  6882  6900 V NetDiscover_name: ...remembering wifiDirectName
02-14 14:36:13.891  6882  6900 V NetDiscover_wifiDirectAgent_bcast: p2p discoverPeers()=false
02-14 14:36:13.891  6882  6900 V NetDiscover_wifiDirectAgent_bcast: wifi direct remembered groups cleared
02-14 14:36:13.891  6882  6900 V NetDiscover_wifiDirectAgent_bcast: wifiState=ENABLED
02-14 14:36:14.828  6882  6953 W art     : Before Android 4.1, method double java.util.concurrent.ThreadLocalRandom.internalNextDouble(double, double) would have incorrectly overridden the package-private method in java.util.Random
02-14 14:36:14.829  6882  6953 W art     : Before Android 4.1, method int java.util.concurrent.ThreadLocalRandom.internalNextInt(int, int) would have incorrectly overridden the package-private method in java.util.Random
02-14 14:36:14.829  6882  6953 W art     : Before Android 4.1, method long java.util.concurrent.ThreadLocalRandom.internalNextLong(long, long) would have incorrectly overridden the package-private method in java.util.Random
02-14 14:36:16.071  6882  6882 V RCActivity: onResume()
02-14 14:36:16.071  6882  6882 V RCActivity: onPause()
02-14 14:36:16.198  6882  6882 V RCActivity: onResume()
02-14 14:36:18.752  6882  6952 V RobotCore: EventLoopManager state is NOT_STARTED
02-14 14:36:18.753  6882  6952 V RobotCore: Robot Status: stopped, waiting for Wifi to enable
02-14 14:36:18.755  6882  6952 I RobotCore: state = 3
02-14 14:36:18.756  6882  6952 V RobotCore: Robot Status: stopped, waiting for Wifi Direct to enable
02-14 14:36:18.756  6882  6952 V FTCService: Waiting for a connection to a wifi service
02-14 14:36:18.757  6882  6952 V RobotCore: Robot Status: stopped, waiting for network to become active
02-14 14:36:18.757  6882  6952 V WebServer: Asked an already running WebServer to start
02-14 14:36:18.757  6882  6952 V RobotCore: Robot Status: stopped, starting robot
02-14 14:36:18.757  6882  6952 V Robocol : EventLoopManager.start()
02-14 14:36:18.757  6882  6952 V RobotCore: Getting network assistant of type: WIFIDIRECT
02-14 14:36:18.758  6882  6952 V Robocol : Spoofing a Network Connection event...
02-14 14:36:18.758  6882  6952 I EventLoopManager: onNetworkConnectionEvent: CONNECTION_INFO_AVAILABLE
02-14 14:36:18.758  6882  6952 I Robocol : Received network connection event
02-14 14:36:18.758  6882  6952 I NetworkConnectionHandler: Handling new network connection infomation, connected: true setup needed: true
02-14 14:36:18.759  6882  6952 V RobotCore: EventLoopManager state is STOPPED
02-14 14:36:18.759  6882  6952 V Robocol : eventLoop=FtcEventLoop
02-14 14:36:18.759  6882  6959 V RobotCore: thread: 'SetupRunnable.run()' starting...
02-14 14:36:18.759  6882  6952 V RobotCore: EventLoopManager state is INIT
02-14 14:36:18.760  6882  6952 V RobotCore: Robot Status: initializing, starting robot
02-14 14:36:18.760  6882  6952 I FtcEventLoop: ======= INIT START =======
02-14 14:36:18.760  6882  6952 V OpmodeRegistration: registered {DefaultOpMode} as {$Stop$Robot$}
02-14 14:36:18.763  6882  6952 V FileBasedLock: locked /storage/emulated/0/FIRST/blocks/projectslock/lock.dat
02-14 14:36:18.765  6882  6952 V FileBasedLock: unlocking /storage/emulated/0/FIRST/blocks/projectslock/lock.dat
02-14 14:36:18.768  6882  6959 D Robocol : RobocolDatagramSocket listening addr=/192.168.49.1:20884 cbRec=65520 cbSend=81920 msRecTO=300
02-14 14:36:18.770  6882  6959 V Robocol : RecvLoopRunnable created
02-14 14:36:18.772  6882  6959 V PeerDiscovery: Starting peer discovery remote: /192.168.49.1 local: /192.168.49.1
02-14 14:36:18.772  6882  6959 V PeerDiscovery: No need for peer discovery, we are the peer discovery device
02-14 14:36:18.772  6882  6959 V RobotCore: Setup complete
02-14 14:36:18.773  6882  6959 V RobotCore: thread: ...terminating 'SetupRunnable.run()'
02-14 14:36:18.774  6882  6882 D WifiDirect: cannot create group, does group already exist?
02-14 14:36:18.776  6882  6964 V RobotCore: thread: 'RecvLoopRunnable.run()' starting...
02-14 14:36:18.817  6882  6952 V HardwareFactory: createHardwareMap()
02-14 14:36:18.817  6882  6952 V WifiDirectInviteMonitor: clearUILynxModule()
02-14 14:36:18.832  6882  6952 V RobotCore: Creating REV Robotics USB Expansion Hub Portal [DQ2AQHDD]
02-14 14:36:18.833  6882  6952 V LynxUsb : creating new [DQ2AQHDD]: 0x0898fe07
02-14 14:36:18.835  6882  6952 V FtDeviceManager: requesting permissions for device=/dev/bus/usb/001/003
02-14 14:36:18.842  6882  6882 V RCActivity: onPause()
02-14 14:36:18.853  6882  6952 V FtDeviceManager: createDeviceInfoList(): 0 USB devices
02-14 14:36:18.853  6882  6952 W System.err: unable to open lynx USB device DQ2AQHDD: FTDI driver failed to open USB device with serial number DQ2AQHDD (returned null device)
02-14 14:36:18.854  6882  6952 E LynxUsb : exception RobotCoreException(unable to open lynx USB device DQ2AQHDD: FTDI driver failed to open USB device with serial number DQ2AQHDD (returned null device)): exception arming DQ2AQHDD [com.qualcomm.hardware.lynx.LynxUsbUtil.logMessageAndThrow(LynxUsbUtil.java:92)]
02-14 14:36:18.854  6882  6952 V LynxUsb : doPretend() serial=DQ2AQHDD
02-14 14:36:18.855  6882  6952 V LynxUsb : 0x06f47b34 on 0x0898fe07: new delegate to [DQ2AQHDD]
02-14 14:36:18.855  6882  6952 V RobotCore: Creating Lynx Module - mod=1 parent=false
02-14 14:36:18.858  6882  6952 V RobotCore: Creating Lynx Module - mod=2 parent=true
02-14 14:36:18.860  6882  6952 V LynxUsb : addConfiguredModule() module#=2
02-14 14:36:18.860  6882  6952 V LynxModule: pingAndQueryKnownInterfaces mod=2
02-14 14:36:18.870  6882  6952 V LynxModule: mod#=2 queryInterface(DEKA)=0 commands starting at 0
02-14 14:36:18.871  6882  6952 V LynxModule: mod#=2 intf=DEKA: expected 54 commands; found 0
02-14 14:36:18.871  6882  6952 V LynxModule: sendLEDPatternSteps(): #steps=6
02-14 14:36:18.873  6882  6952 V LynxUsb : addConfiguredModule() module#=1
02-14 14:36:18.873  6882  6952 V LynxModule: pingAndQueryKnownInterfaces mod=1
02-14 14:36:18.874  6882  6952 V LynxModule: mod#=1 queryInterface(DEKA)=0 commands starting at 0
02-14 14:36:18.874  6882  6952 V LynxModule: mod#=1 intf=DEKA: expected 54 commands; found 0
02-14 14:36:18.874  6882  6952 V LynxModule: sendLEDPatternSteps(): #steps=4
02-14 14:36:18.876  6882  6952 V LynxMotor: initializeHardware() mod#=1
02-14 14:36:18.886  6882  6952 V RobotCore: DcMotorImpl(type=NeveRest40Gearmotor)
02-14 14:36:18.887  6882  6952 V RobotCore: DcMotorImpl(type=NeveRest40Gearmotor)
02-14 14:36:18.887  6882  6952 V RobotCore: DcMotorImpl(type=NeveRest60Gearmotor)
02-14 14:36:18.887  6882  6952 V RobotCore: DcMotorImpl(type=NeveRest40Gearmotor)
02-14 14:36:18.888  6882  6952 V LynxServoController: initializeHardware() mod#=1
02-14 14:36:18.893  6882  6952 V LynxVoltageSensor: initializeHardware() mod#=1
02-14 14:36:18.893  6882  6952 V LynxPwmOutputController: initializeHardware() mod#=1
02-14 14:36:18.896  6882  6952 V LynxAnalogInputController: initializeHardware() mod#=1
02-14 14:36:18.897  6882  6952 V LynxDigitalChannelController: initializeHardware() mod#=1
02-14 14:36:18.900  6882  6952 V RobotCore: Creating user sensor REV Expansion Hub IMU - on Lynx module=1 bus=0
02-14 14:36:18.900  6882  6952 V RobotCore: Creating I2cDeviceSynch (Lynx) - mod=1 bus=0
02-14 14:36:18.900  6882  6952 I RobotCore: LynxFirmwareVersionManager: LynxI2cDeviceSynchV1
02-14 14:36:18.901  6882  6952 V LynxI2cDeviceSynch: initializeHardware() mod#=1
02-14 14:36:18.904  6882  6952 V LynxMotor: initializeHardware() mod#=2
02-14 14:36:18.910  6882  6952 V RobotCore: DcMotorImpl(type=NeveRest40Gearmotor)
02-14 14:36:18.910  6882  6952 V RobotCore: DcMotorImpl(type=NeveRest40Gearmotor)
02-14 14:36:18.910  6882  6952 V RobotCore: DcMotorImpl(type=NeveRest60Gearmotor)
02-14 14:36:18.911  6882  6952 V RobotCore: DcMotorImpl(type=NeveRest60Gearmotor)
02-14 14:36:18.911  6882  6952 V LynxServoController: initializeHardware() mod#=2
02-14 14:36:18.914  6882  6952 V LynxVoltageSensor: initializeHardware() mod#=2
02-14 14:36:18.914  6882  6952 V LynxPwmOutputController: initializeHardware() mod#=2
02-14 14:36:18.916  6882  6952 V LynxAnalogInputController: initializeHardware() mod#=2
02-14 14:36:18.917  6882  6952 V LynxDigitalChannelController: initializeHardware() mod#=2
02-14 14:36:18.919  6882  6952 V RobotCore: Creating user sensor REV Expansion Hub IMU - on Lynx module=2 bus=0
02-14 14:36:18.919  6882  6952 V RobotCore: Creating I2cDeviceSynch (Lynx) - mod=2 bus=0
02-14 14:36:18.920  6882  6952 I RobotCore: LynxFirmwareVersionManager: LynxI2cDeviceSynchV1
02-14 14:36:18.920  6882  6952 V LynxI2cDeviceSynch: initializeHardware() mod#=2
02-14 14:36:18.921  6882  6952 I RobotCore: ========= Device Information ===================================================
02-14 14:36:18.921  6882  6952 I RobotCore: Type                                               Name                           Connection
02-14 14:36:18.921  6882  6952 I RobotCore: Expansion Hub DC Motor Controller                  Expansion Hub 1                USB DQ2AQHDD; module 1
02-14 14:36:18.921  6882  6952 I RobotCore: Expansion Hub Servo Controller                     Expansion Hub 1                USB DQ2AQHDD; module 1
02-14 14:36:18.922  6882  6952 I RobotCore: Expansion Hub Voltage Sensor                       Expansion Hub 1                USB DQ2AQHDD; module 1
02-14 14:36:18.922  6882  6952 I RobotCore: Expansion Hub Pwm Controller                       Expansion Hub 1                USB DQ2AQHDD; module 1
02-14 14:36:18.922  6882  6952 I RobotCore: Expansion Hub Analog Input Controller              Expansion Hub 1                USB DQ2AQHDD; module 1
02-14 14:36:18.922  6882  6952 I RobotCore: Expansion Hub Digital Channel Controller           Expansion Hub 1                USB DQ2AQHDD; module 1
02-14 14:36:18.923  6882  6952 I RobotCore: Expansion Hub (firmware version unavailable)       Expansion Hub 1                USB DQ2AQHDD; module 1
02-14 14:36:18.924  6882  6952 I RobotCore: Motor                                              LBM                            USB DQ2AQHDD; module 1; port 0
02-14 14:36:18.924  6882  6952 I RobotCore: Motor                                              RBM                            USB DQ2AQHDD; module 2; port 1
02-14 14:36:18.924  6882  6952 I RobotCore: Continuous Rotation Servo                          Marker                         USB DQ2AQHDD; module 1; port 1
02-14 14:36:18.925  6882  6952 I RobotCore: Motor                                              RFM                            USB DQ2AQHDD; module 2; port 0
02-14 14:36:18.925  6882  6952 I RobotCore: Motor                                              LFM                            USB DQ2AQHDD; module 1; port 1
02-14 14:36:18.925  6882  6952 I RobotCore: Servo                                              S1                             USB DQ2AQHDD; module 1; port 2
02-14 14:36:18.926  6882  6952 I RobotCore: Motor                                              HM                             USB DQ2AQHDD; module 2; port 3
02-14 14:36:18.926  6882  6952 I RobotCore: Expansion Hub DC Motor Controller                  Expansion Hub 2                USB DQ2AQHDD; module 2
02-14 14:36:18.927  6882  6952 I RobotCore: Expansion Hub Servo Controller                     Expansion Hub 2                USB DQ2AQHDD; module 2
02-14 14:36:18.927  6882  6952 I RobotCore: Expansion Hub Voltage Sensor                       Expansion Hub 2                USB DQ2AQHDD; module 2
02-14 14:36:18.927  6882  6952 I RobotCore: Expansion Hub Pwm Controller                       Expansion Hub 2                USB DQ2AQHDD; module 2
02-14 14:36:18.927  6882  6952 I RobotCore: Expansion Hub Analog Input Controller              Expansion Hub 2                USB DQ2AQHDD; module 2
02-14 14:36:18.927  6882  6952 I RobotCore: Expansion Hub Digital Channel Controller           Expansion Hub 2                USB DQ2AQHDD; module 2
02-14 14:36:18.928  6882  6952 I RobotCore: Expansion Hub (firmware version unavailable)       Expansion Hub 2                USB DQ2AQHDD; module 2
02-14 14:36:18.929  6882  6952 I RobotCore: REV Expansion Hub IMU                              imu                            USB DQ2AQHDD; module 1; bus 0; addr7=0x00
02-14 14:36:18.929  6882  6952 I RobotCore: Motor                                              SlideRotRight                  USB DQ2AQHDD; module 1; port 3
02-14 14:36:18.930  6882  6952 I RobotCore: Motor                                              SlideRotLeft                   USB DQ2AQHDD; module 2; port 2
02-14 14:36:18.930  6882  6952 I RobotCore: Servo                                              LockServo                      USB DQ2AQHDD; module 1; port 0
02-14 14:36:18.930  6882  6952 I RobotCore: Motor                                              Slider                         USB DQ2AQHDD; module 1; port 2
02-14 14:36:18.930  6882  6952 I RobotCore: REV Robotics USB Expansion Hub Portal              Expansion Hub Portal 1         USB DQ2AQHDD
02-14 14:36:18.931  6882  6952 I RobotCore: REV Expansion Hub IMU                              imu 1                          USB DQ2AQHDD; module 2; bus 0; addr7=0x00
02-14 14:36:18.931  6882  6952 I FtcEventLoop: ======= INIT FINISH =======
02-14 14:36:18.931  6882  6952 V RobotCore: EventLoopManager state is RUNNING
02-14 14:36:18.948  6882  6952 V RobotCore: Robot Status: running, starting robot
02-14 14:36:18.948  6882  6952 V RobotCore: Robot Status: running
02-14 14:36:18.950  6882  6952 V RobotCore: thread: ...terminating 'RobotSetupRunnable.run()'
02-14 14:36:18.951  6882  6972 V RobotCore: thread: 'opmode loop()' starting...
02-14 14:36:18.967  6882  6972 D RobotCore: system telemetry: key=$System$Warning$ msg="unable to open REV Robotics USB Expansion Hub Portal [DQ2AQHDD]"
02-14 14:36:18.983  6882  6970 V SoundInfo: construct(0x03c049ab)
02-14 14:36:18.991  6882  6969 E WVMExtractor: Failed to open libwvm.so: dlopen failed: library "libwvm.so" not found
02-14 14:36:19.005  6882  6969 I MediaCodec: (0x8ab71f00) init name(audio/raw) isType(1) encoder(0)
02-14 14:36:19.011  6882  6976 I MediaCodec: (0x8ab71f00) Component Allocated (OMX.google.raw.decoder)
02-14 14:36:19.011  6882  6969 I MediaCodec: (0x8ab71f00) configure surface(0x0) crypto(0x0) flags(0)
02-14 14:36:19.011  6882  6969 D MediaCodec: (0x8ab71f00) configure format: AMessage(what = 0x00000000) = {
02-14 14:36:19.011  6882  6969 D MediaCodec:       string mime = "audio/raw"
02-14 14:36:19.011  6882  6969 D MediaCodec:       int64_t durationUs = 1019125
02-14 14:36:19.011  6882  6969 D MediaCodec:       int32_t track-id = 1
02-14 14:36:19.011  6882  6969 D MediaCodec:       int32_t channel-count = 1
02-14 14:36:19.011  6882  6969 D MediaCodec:       int32_t sample-rate = 8000
02-14 14:36:19.011  6882  6969 D MediaCodec:       int32_t channel-mask = 0
02-14 14:36:19.011  6882  6969 D MediaCodec:       int32_t pcm-encoding = 2
02-14 14:36:19.011  6882  6969 D MediaCodec:     }
02-14 14:36:19.013  6882  6969 I MediaCodec: (0x8ab71f00) start
02-14 14:36:19.017  6882  6976 I MediaCodec: (0x8ab71f00) input buffers allocated
02-14 14:36:19.017  6882  6976 I MediaCodec: (0x8ab71f00) numBuffers (4)
02-14 14:36:19.017  6882  6976 I MediaCodec: (0x8ab71f00) output buffers allocated
02-14 14:36:19.017  6882  6976 I MediaCodec: (0x8ab71f00) numBuffers (4)
02-14 14:36:19.025  6882  6976 D MediaCodec: (0x8ab71f00) [OMX.google.raw.decoder] output format changed to: AMessage(what = 0x00000000) = {
02-14 14:36:19.025  6882  6976 D MediaCodec:       string mime = "audio/raw"
02-14 14:36:19.025  6882  6976 D MediaCodec:       int32_t channel-count = 1
02-14 14:36:19.025  6882  6976 D MediaCodec:       int32_t sample-rate = 8000
02-14 14:36:19.025  6882  6976 D MediaCodec:       int32_t pcm-encoding = 2
02-14 14:36:19.025  6882  6976 D MediaCodec:       int32_t bit-width = 16
02-14 14:36:19.025  6882  6976 D MediaCodec:       int32_t channel-mask = 0
02-14 14:36:19.025  6882  6976 D MediaCodec:     }
02-14 14:36:19.027  6882  6969 I MediaCodec: (0x8ab71f00) stop
02-14 14:36:19.029  6882  6969 I MediaCodec: (0x8ab71f00) release
02-14 14:36:19.032  6882  6900 D SoundPlayer: onLoadComplete(samp=1|ms=1019, samp=1)=0
02-14 14:36:19.035  6882  6970 W AudioTrack: AUDIO_OUTPUT_FLAG_FAST denied by client; transfer 4, track 8000 Hz, output 48000 Hz
02-14 14:36:19.043  6882  6970 D SoundPlayer: playing volume=0.000000 samp=1|ms=1019
02-14 14:36:19.079  6882  6964 E Robocol : exception SocketTimeoutException(Receive timed out): no packet received [java.net.PlainDatagramSocketImpl.receive0(Native Method)]
02-14 14:36:19.094  6882  6970 V SoundInfo: construct(0x04bf3cb4)
02-14 14:36:19.134  6882  6969 I MediaCodec: (0x8ab71f00) init name(audio/raw) isType(1) encoder(0)
02-14 14:36:19.143  6882  6982 I MediaCodec: (0x8ab71f00) Component Allocated (OMX.google.raw.decoder)
02-14 14:36:19.143  6882  6969 I MediaCodec: (0x8ab71f00) configure surface(0x0) crypto(0x0) flags(0)
02-14 14:36:19.143  6882  6969 D MediaCodec: (0x8ab71f00) configure format: AMessage(what = 0x00000000) = {
02-14 14:36:19.143  6882  6969 D MediaCodec:       string mime = "audio/raw"
02-14 14:36:19.143  6882  6969 D MediaCodec:       int64_t durationUs = 1043650
02-14 14:36:19.143  6882  6969 D MediaCodec:       int32_t track-id = 1
02-14 14:36:19.143  6882  6969 D MediaCodec:       int32_t channel-count = 2
02-14 14:36:19.143  6882  6969 D MediaCodec:       int32_t sample-rate = 44100
02-14 14:36:19.143  6882  6969 D MediaCodec:       int32_t channel-mask = 0
02-14 14:36:19.143  6882  6969 D MediaCodec:       int32_t pcm-encoding = 2
02-14 14:36:19.143  6882  6969 D MediaCodec:     }
02-14 14:36:19.145  6882  6969 I MediaCodec: (0x8ab71f00) start
02-14 14:36:19.148  6882  6982 I MediaCodec: (0x8ab71f00) input buffers allocated
02-14 14:36:19.148  6882  6982 I MediaCodec: (0x8ab71f00) numBuffers (4)
02-14 14:36:19.148  6882  6982 I MediaCodec: (0x8ab71f00) output buffers allocated
02-14 14:36:19.148  6882  6982 I MediaCodec: (0x8ab71f00) numBuffers (4)
02-14 14:36:19.152  6882  6982 D MediaCodec: (0x8ab71f00) [OMX.google.raw.decoder] output format changed to: AMessage(what = 0x00000000) = {
02-14 14:36:19.152  6882  6982 D MediaCodec:       string mime = "audio/raw"
02-14 14:36:19.152  6882  6982 D MediaCodec:       int32_t channel-count = 2
02-14 14:36:19.152  6882  6982 D MediaCodec:       int32_t sample-rate = 44100
02-14 14:36:19.152  6882  6982 D MediaCodec:       int32_t pcm-encoding = 2
02-14 14:36:19.152  6882  6982 D MediaCodec:       int32_t bit-width = 16
02-14 14:36:19.152  6882  6982 D MediaCodec:       int32_t channel-mask = 0
02-14 14:36:19.152  6882  6982 D MediaCodec:     }
02-14 14:36:19.166  6882  6969 I MediaCodec: (0x8ab71f00) stop
02-14 14:36:19.172  6882  6969 I MediaCodec: (0x8ab71f00) release
02-14 14:36:19.175  6882  6900 D SoundPlayer: onLoadComplete(samp=2|ms=1044, samp=2)=0
02-14 14:36:19.243  6882  6964 V PeerDiscovery: new remote peer discovered: 192.168.49.248
02-14 14:36:19.243  6882  6964 D Robocol : RobocolDatagramSocket connected to /192.168.49.248:20884
02-14 14:36:19.244  6882  6964 V NetworkConnectionHandler: starting sending loop
02-14 14:36:19.244  6882  6964 V Robocol : SendOnceRunnable created
02-14 14:36:19.256  6882  6964 V NetDiscover_prefremrc: sendAllPreferences()
02-14 14:36:19.256  6882  6964 V NetDiscover_prefremrc: sending RC pref name=pref_wifip2p_remote_channel_change_works value=true
02-14 14:36:19.259  6882  6964 V NetDiscover_prefremrc: sending RC pref name=pref_device_name value=11723-RC
02-14 14:36:19.259  6882  6964 V NetDiscover_prefremrc: sending RC pref name=pref_has_independent_phone_battery value=true
02-14 14:36:19.260  6882  6964 V NetDiscover_prefremrc: sending RC pref name=pref_has_speaker value=true
02-14 14:36:19.260  6882  6964 V NetDiscover_prefremrc: sending RC pref name=pref_app_theme value=green
02-14 14:36:19.260  6882  6964 V NetDiscover_prefremrc: sending RC pref name=pref_sound_on_off value=false
02-14 14:36:19.261  6882  6964 V UpdateUI: Network: active, connected
02-14 14:36:19.281  6882  6964 V Robocol : received command: CMD_REQUEST_UI_STATE(10002) 
02-14 14:36:19.285  6882  6986 V Robocol : sending CMD_NOTIFY_USER_DEVICE_LIST(19), attempt: 0
02-14 14:36:19.288  6882  6986 V Robocol : sending CMD_ROBOT_CONTROLLER_PREFERENCE(20), attempt: 0
02-14 14:36:19.288  6882  6986 V Robocol : sending CMD_ROBOT_CONTROLLER_PREFERENCE(21), attempt: 0
02-14 14:36:19.289  6882  6986 V Robocol : sending CMD_ROBOT_CONTROLLER_PREFERENCE(22), attempt: 0
02-14 14:36:19.290  6882  6986 V Robocol : sending CMD_ROBOT_CONTROLLER_PREFERENCE(23), attempt: 0
02-14 14:36:19.290  6882  6986 V Robocol : sending CMD_ROBOT_CONTROLLER_PREFERENCE(24), attempt: 0
02-14 14:36:19.291  6882  6986 V Robocol : sending CMD_ROBOT_CONTROLLER_PREFERENCE(25), attempt: 0
02-14 14:36:19.296  6882  6970 V SoundInfo: construct(0x03096e4c)
02-14 14:36:19.325  6882  6986 V Robocol : sending CMD_NOTIFY_ACTIVE_CONFIGURATION(31), attempt: 0
02-14 14:36:19.325  6882  6969 I MediaCodec: (0x8ab71f00) init name(audio/raw) isType(1) encoder(0)
02-14 14:36:19.325  6882  6986 V Robocol : sending CMD_NOTIFY_USER_DEVICE_LIST(32), attempt: 0
02-14 14:36:19.327  6882  6986 V Robocol : sending CMD_NOTIFY_OP_MODE_LIST(33), attempt: 0
02-14 14:36:19.329  6882  6989 I MediaCodec: (0x8ab71f00) Component Allocated (OMX.google.raw.decoder)
02-14 14:36:19.329  6882  6969 I MediaCodec: (0x8ab71f00) configure surface(0x0) crypto(0x0) flags(0)
02-14 14:36:19.329  6882  6969 D MediaCodec: (0x8ab71f00) configure format: AMessage(what = 0x00000000) = {
02-14 14:36:19.329  6882  6969 D MediaCodec:       string mime = "audio/raw"
02-14 14:36:19.329  6882  6969 D MediaCodec:       int64_t durationUs = 485011
02-14 14:36:19.329  6882  6969 D MediaCodec:       int32_t track-id = 1
02-14 14:36:19.329  6882  6969 D MediaCodec:       int32_t channel-count = 2
02-14 14:36:19.329  6882  6969 D MediaCodec:       int32_t sample-rate = 44100
02-14 14:36:19.329  6882  6969 D MediaCodec:       int32_t channel-mask = 0
02-14 14:36:19.329  6882  6969 D MediaCodec:       int32_t pcm-encoding = 2
02-14 14:36:19.329  6882  6969 D MediaCodec:     }
02-14 14:36:19.331  6882  6969 I MediaCodec: (0x8ab71f00) start
02-14 14:36:19.334  6882  6989 I MediaCodec: (0x8ab71f00) input buffers allocated
02-14 14:36:19.334  6882  6989 I MediaCodec: (0x8ab71f00) numBuffers (4)
02-14 14:36:19.334  6882  6989 I MediaCodec: (0x8ab71f00) output buffers allocated
02-14 14:36:19.334  6882  6989 I MediaCodec: (0x8ab71f00) numBuffers (4)
02-14 14:36:19.346  6882  6989 D MediaCodec: (0x8ab71f00) [OMX.google.raw.decoder] output format changed to: AMessage(what = 0x00000000) = {
02-14 14:36:19.346  6882  6989 D MediaCodec:       string mime = "audio/raw"
02-14 14:36:19.346  6882  6989 D MediaCodec:       int32_t channel-count = 2
02-14 14:36:19.346  6882  6989 D MediaCodec:       int32_t sample-rate = 44100
02-14 14:36:19.346  6882  6989 D MediaCodec:       int32_t pcm-encoding = 2
02-14 14:36:19.346  6882  6989 D MediaCodec:       int32_t bit-width = 16
02-14 14:36:19.346  6882  6989 D MediaCodec:       int32_t channel-mask = 0
02-14 14:36:19.346  6882  6989 D MediaCodec:     }
02-14 14:36:19.355  6882  6969 I MediaCodec: (0x8ab71f00) stop
02-14 14:36:19.359  6882  6969 I MediaCodec: (0x8ab71f00) release
02-14 14:36:19.362  6882  6900 D SoundPlayer: onLoadComplete(samp=3|ms=485, samp=3)=0
02-14 14:36:19.470  6882  6972 I RobotCore: Attempting to switch to op mode $Stop$Robot$
02-14 14:36:19.484  6882  6986 V Robocol : sending CMD_NOTIFY_INIT_OP_MODE(48), attempt: 0
02-14 14:36:20.053  6882  6985 W AudioTrack: AUDIO_OUTPUT_FLAG_FAST denied by client; transfer 4, track 44100 Hz, output 48000 Hz
02-14 14:36:20.056  6882  6985 D SoundPlayer: playing volume=0.000000 samp=2|ms=1044
02-14 14:36:20.057  6882  6985 W AudioTrack: AUDIO_OUTPUT_FLAG_FAST denied by client; transfer 4, track 44100 Hz, output 48000 Hz
02-14 14:36:20.059  6882  6985 D SoundPlayer: playing volume=0.000000 samp=3|ms=485
02-14 14:36:20.084  6882  6986 V Robocol : sending CMD_PLAY_SOUND(57), attempt: 0
02-14 14:36:20.085  6882  6986 V Robocol : sending CMD_PLAY_SOUND(58), attempt: 0
02-14 14:36:21.190  6882  6882 V FtDeviceManager: permission granted for device /dev/bus/usb/001/003
02-14 14:36:22.216  6882  6882 V RCActivity: ACTION_USB_DEVICE_ATTACHED: /dev/bus/usb/001/003
02-14 14:36:22.220  6882  6972 V FtcEventLoop: processedRecentlyAttachedUsbDevices(): DQ2AT28F not in hwmap; ignoring
02-14 14:36:22.241  6882  6882 V RCActivity: onResume()
02-14 14:36:22.241  6882  6882 V RCActivity: onPause()
02-14 14:36:22.356  6882  6882 V RCActivity: onResume()
02-14 14:36:28.425  6882  6882 V RCActivity: onPause()
02-14 14:36:29.131  6882  6882 V RCActivity: onStop()
02-14 14:36:30.031  6882  6882 V FtcAdvancedRCSettingsActivity: clientConnected=true
02-14 14:36:34.139  6882  6882 V FtcLynxFirmwareUpdateActivity: found 0 lynx firmware images
02-14 14:36:39.165  6882  6986 V Robocol : sending CMD_DISMISS_PROGRESS(323), attempt: 0
02-14 14:36:39.726  6882  6882 E RobotConfigFileManager: unable to find header text 0x7f06004c
02-14 14:36:39.760  6882  6952 V FtcEventLoop: getUSBAccessibleLynxDevices(includeModuleAddresses=true)...
02-14 14:36:39.762  6882  7099 V FtcConfigTag: scanning USB bus...
02-14 14:36:39.773  6882  7099 V FtDevice: initialize(vid=0x0403 pid=0x6015 bcdDevice=0x1000)
02-14 14:36:39.773  6882  7099 V MonitoredUsbDeviceConnection: closing UsbDeviceConnection(DQ2AT28F)
02-14 14:36:39.773  6882  7099 D UsbDeviceConnectionJNI: close
02-14 14:36:39.773  6882  7099 V MonitoredUsbDeviceConnection: closing UsbDeviceConnection(DQ2AT28F)
02-14 14:36:39.774  6882  7099 D UsbDeviceConnectionJNI: close
02-14 14:36:39.774  6882  7099 V FtDeviceManager: createDeviceInfoList(): 1 USB devices
02-14 14:36:39.774  6882  7099 V USBScan : device count=1
02-14 14:36:39.776  6882  7100 V USBScan : opening DQ2AT28F...
02-14 14:36:39.780  6882  7100 V FtDevice: vv********************DQ2AT28F opening********************vv 0x0c15342c
02-14 14:36:39.781  6882  7100 V FtDevice: ^^********************DQ2AT28F opened ********************^^
02-14 14:36:39.781  6882  7100 V FtDevice: resetting DQ2AT28F
02-14 14:36:40.188  6882  7100 V USBScan : ... done opening DQ2AT28F
02-14 14:36:40.189  6882  7099 V USBScan : DQ2AT28F is a lynx device
02-14 14:36:40.189  6882  7099 V USBScan : closing DQ2AT28F
02-14 14:36:40.189  6882  7099 V RobotUsbDeviceFtdi: closing DQ2AT28F
02-14 14:36:40.190  6882  7099 V FtDevice: vv********************DQ2AT28F closing********************vv 0x0c15342c
02-14 14:36:40.190  6882  7099 V FtDevice: DQ2AT28F stopping thread readBufferManager
02-14 14:36:40.192  6882  7102 V FtDevice: DQ2AT28F thread readBufferManager is stopped
02-14 14:36:40.192  6882  7099 V FtDevice: DQ2AT28F stopping thread bulkPacketInWorker
02-14 14:36:40.193  6882  7101 V FtDevice: DQ2AT28F thread bulkPacketInWorker is stopped
02-14 14:36:40.193  6882  7099 V MonitoredUsbDeviceConnection: closing UsbDeviceConnection(DQ2AT28F)
02-14 14:36:40.194  6882  7099 D UsbDeviceConnectionJNI: close
02-14 14:36:40.194  6882  7099 V FtDevice: ^^********************DQ2AT28F closed ********************^^
02-14 14:36:40.194  6882  7099 V CameraManager: construct(hash=0x0a2b8ae2|inst#=0)
02-14 14:36:40.216  6882  7099 D Uvc     : [jni.cpp:72] JNI_OnLoad()...
02-14 14:36:40.216  6882  7099 D Uvc     : [JniEnv.h:32] ScopedJniEnv::onJniLoad()...
02-14 14:36:40.216  6882  7099 D Uvc     : [JniEnv.h:32] ...ScopedJniEnv::onJniLoad()
02-14 14:36:40.216  6882  7099 D Uvc     : [jni.cpp:72] ...JNI_OnLoad()
02-14 14:36:40.217  6882  7099 I AppUtil : found usbFileSystemRoot: /dev/bus/usb
02-14 14:36:40.217  6882  7099 I CameraManager: found USB file system root: /dev/bus/usb
02-14 14:36:40.217  7099  7099 W USBScanManager-: type=1400 audit(0.0:104): avc: denied { read } for uid=10134 name="devices" dev="sysfs" ino=5517 scontext=u:r:untrusted_app:s0:c512,c768 tcontext=u:object_r:sysfs:s0 tclass=dir permissive=0
02-14 14:36:40.222  6882  7099 D libusb  : [ 0.000298] [00001bbb] libusb: debug [isSysfsAvailable] opendir(/sys/bus/usb/devices) failed
02-14 14:36:40.222  6882  7099 W libusb  : [ 0.000419] [00001bbb] libusb: warning [op_init] sysfs(/sys/bus/usb/devices) unavailable
02-14 14:36:40.224  6882  7099 V UvcContext: construct(pointer=0x8abde390|inst#=0)
02-14 14:36:40.224  6882  7099 V UvcContext: construct(pointer=0x8abde3c0|inst#=1)
