02-14 14:38:39.198  6882  6882 V RCActivity: onResume()
02-14 14:38:39.208  6882  6882 V FtcRobotControllerWatchdogService: onCreate()
02-14 14:38:39.208  6882  6882 V FtcRobotControllerWatchdogService: onStartCommand() intent=Intent { cmp=com.qualcomm.ftcrobotcontroller/org.firstinspires.ftc.ftccommon.internal.FtcRobotControllerWatchdogService } flags=0x0 startId=1
02-14 14:38:39.208  6882  6882 V FtcRobotControllerWatchdogService: shouldAutoLauchRobotController() result=false
02-14 14:38:39.209  6882  6882 V FTCService: onCreate()
02-14 14:38:39.209  6882  6882 V FTCService: onBind()
02-14 14:38:39.211  6882  6882 V WebServer: creating NanoHTTPD(8080)
02-14 14:38:39.212  6882  6882 V RobotCore: Getting network assistant of type: WIFIDIRECT
02-14 14:38:39.212  6882  6882 V WifiDirect: There are 1 Wifi Direct Assistant Clients (+)
02-14 14:38:39.212  6882  6882 V WifiDirect: Enabling Wifi Direct Assistant
02-14 14:38:39.213  6882  6882 V WifiDirectInviteMonitor: startMonitoring()
02-14 14:38:39.216  6882  6900 V NetDiscover_wifiDirectAgent_bcast: wifiP2pEnabled=true
02-14 14:38:39.217  6882  6900 D NetDiscover_wifiDirectAgent_bcast: connection changed: networkInfo.state=CONNECTED
02-14 14:38:39.217  6882  6900 V NetDiscover_wifiDirectAgent_bcast: NetworkInfo: [type: WIFI_P2P[], state: CONNECTED/CONNECTED, reason: (unspecified), extra: (none), failover: false, available: true, roaming: false, metered: false]
02-14 14:38:39.217  6882  6900 V NetDiscover_wifiDirectAgent_bcast: WifiP2pInfo: groupFormed: true isGroupOwner: true groupOwnerAddress: /192.168.49.1 mccMode: false
02-14 14:38:39.217  6882  6900 V NetDiscover_wifiDirectAgent_bcast: WifiP2pGroup: network: DIRECT-sI-11723-RC, isGO: true, GO: Device: , deviceAddress: cc:61:e5:08:ad:af, primary type: null, secondary type: null, wps: 0, grpcapab: 0, devcapab: 0, status: 4, wfdInfo: WFD enabled: falseWFD DeviceInfo: 0, WFD CtrlPort: 0, WFD MaxThroughput: 0, level: 0, Client: Device: 11723-DS, deviceAddress: cc:61:e5:08:c5:04, primary type: 10-0050F204-5, secondary type: null, wps: 392, grpcapab: 0, devcapab: 33, status: 0, wfdInfo: null, level: 60, interface: p2p0, networkId: 0
02-14 14:38:39.218  6882  6900 V NetDiscover_wifiDirectAgent_bcast: this device changed: Device=11723-RC deviceAddress=cc:61:e5:08:ad:af primary type=10-0050F204-5 secondary type=null wps=0 grpcapab=0 devcapab=0 status=0 wfdInfo=WFD enabled=falseWFD DeviceInfo=0 WFD CtrlPort=0 WFD MaxThroughput=0 level=0
02-14 14:38:39.218  6882  6900 V NetDiscover_name: remembering wifiDirectName: 11723-RC...
02-14 14:38:39.218  6882  6900 V NetDiscover_name: ...remembering wifiDirectName
02-14 14:38:39.218  6882  6900 V NetDiscover_wifiDirectAgent_bcast: p2p discoverPeers()=false
02-14 14:38:39.218  6882  6900 V NetDiscover_wifiDirectAgent_bcast: wifi direct remembered groups cleared
02-14 14:38:39.218  6882  6900 V NetDiscover_wifiDirectAgent_bcast: wifiState=ENABLED
02-14 14:38:39.249  6882  6882 D WifiDirect: broadcast: state - enabled: true
02-14 14:38:39.250  6882  6882 D WifiDirect: broadcast: connection changed: connectStatus=NOT_CONNECTED networkInfo.state=CONNECTED
02-14 14:38:39.250  6882  6882 D WifiDirect: broadcast: this device changed
02-14 14:38:39.250  6882  6882 V WifiDirect: device information: 11723-RC cc:61:e5:08:ad:af
02-14 14:38:39.250  6882  6882 D WifiDirect: cannot create group, does group already exist?
02-14 14:38:39.250  6882  6882 V FTCService: RCActivity.controllerService=bound
02-14 14:38:39.251  6882  6882 V UpdateUI: Network: unknown, disconnected
02-14 14:38:39.251  6882  6882 V RobotCore: Robot Status: stopped
02-14 14:38:39.256  6882  6952 V RobotCore: thread: 'RobotSetupRunnable.run()' starting...
02-14 14:38:39.256  6882  6952 V FTCService: Processing robot setup
02-14 14:38:39.256  6882  6952 V RobotCore: Robot Status: stopped, scanning for USB devices
02-14 14:38:39.291  6882  6882 D WifiDirect: group owners address: /192.168.49.1
02-14 14:38:39.291  6882  6882 D WifiDirect: group formed, this device is the group owner (GO)
02-14 14:38:39.291  6882  6882 I FTCService: onNetworkConnectionEvent: CONNECTED_AS_GROUP_OWNER
02-14 14:38:39.291  6882  6882 I FTCService: Wifi Direct - connected as group owner
02-14 14:38:39.299  6882  6882 V UpdateUI: Network: enabled, disconnected
02-14 14:38:39.300  6882  6882 V WifiDirect: connection information available
02-14 14:38:39.300  6882  6882 V WifiDirect: connection information - groupOwnerName = 11723-RC
02-14 14:38:39.300  6882  6882 V WifiDirect: connection information - groupOwnerMacAddress = cc:61:e5:08:ad:af
02-14 14:38:39.300  6882  6882 V WifiDirect: connection information - groupInterface = p2p0
02-14 14:38:39.300  6882  6882 V WifiDirect: connection information - groupNetworkName = DIRECT-sI-11723-RC
02-14 14:38:39.300  6882  6882 I FTCService: onNetworkConnectionEvent: CONNECTION_INFO_AVAILABLE
02-14 14:38:39.301  6882  6882 I FTCService: Network Connection Passphrase: 47FwlPaD
02-14 14:38:39.301  6882  6882 V WebServer: starting port=8080
02-14 14:38:39.312  6882  6882 V RobotCore: Getting network assistant of type: WIFIDIRECT
02-14 14:38:39.312  6882  6882 V WifiDirect: There are 2 Wifi Direct Assistant Clients (+)
02-14 14:38:39.314  6882  6900 V NetDiscover_wifiDirectAgent_bcast: wifiP2pEnabled=true
02-14 14:38:39.315  6882  6900 D NetDiscover_wifiDirectAgent_bcast: connection changed: networkInfo.state=CONNECTED
02-14 14:38:39.315  6882  6900 V NetDiscover_wifiDirectAgent_bcast: NetworkInfo: [type: WIFI_P2P[], state: CONNECTED/CONNECTED, reason: (unspecified), extra: (none), failover: false, available: true, roaming: false, metered: false]
02-14 14:38:39.315  6882  6900 V NetDiscover_wifiDirectAgent_bcast: WifiP2pInfo: groupFormed: true isGroupOwner: true groupOwnerAddress: /192.168.49.1 mccMode: false
02-14 14:38:39.315  6882  6900 V NetDiscover_wifiDirectAgent_bcast: WifiP2pGroup: network: DIRECT-sI-11723-RC, isGO: true, GO: Device: , deviceAddress: cc:61:e5:08:ad:af, primary type: null, secondary type: null, wps: 0, grpcapab: 0, devcapab: 0, status: 4, wfdInfo: WFD enabled: falseWFD DeviceInfo: 0, WFD CtrlPort: 0, WFD MaxThroughput: 0, level: 0, Client: Device: 11723-DS, deviceAddress: cc:61:e5:08:c5:04, primary type: 10-0050F204-5, secondary type: null, wps: 392, grpcapab: 0, devcapab: 33, status: 0, wfdInfo: null, level: 60, interface: p2p0, networkId: 0
02-14 14:38:39.315  6882  6900 V NetDiscover_wifiDirectAgent_bcast: this device changed: Device=11723-RC deviceAddress=cc:61:e5:08:ad:af primary type=10-0050F204-5 secondary type=null wps=0 grpcapab=0 devcapab=0 status=0 wfdInfo=WFD enabled=falseWFD DeviceInfo=0 WFD CtrlPort=0 WFD MaxThroughput=0 level=0
02-14 14:38:39.315  6882  6900 V NetDiscover_name: remembering wifiDirectName: 11723-RC...
02-14 14:38:39.315  6882  6900 V NetDiscover_name: ...remembering wifiDirectName
02-14 14:38:39.316  6882  6900 V NetDiscover_wifiDirectAgent_bcast: p2p discoverPeers()=false
02-14 14:38:39.316  6882  6882 V WebServer: started port=8080
02-14 14:38:39.316  6882  6882 V UpdateUI: Network: active, disconnected
02-14 14:38:39.318  6882  6900 V NetDiscover_wifiDirectAgent_bcast: wifi direct remembered groups cleared
02-14 14:38:39.318  6882  6900 V NetDiscover_wifiDirectAgent_bcast: wifiState=ENABLED
02-14 14:38:44.258  6882  6952 V RobotCore: EventLoopManager state is NOT_STARTED
02-14 14:38:44.258  6882  6952 V RobotCore: Robot Status: stopped, waiting for Wifi to enable
02-14 14:38:44.261  6882  6952 I RobotCore: state = 3
02-14 14:38:44.262  6882  6952 V RobotCore: Robot Status: stopped, waiting for Wifi Direct to enable
02-14 14:38:44.262  6882  6952 V FTCService: Waiting for a connection to a wifi service
02-14 14:38:44.263  6882  6952 V RobotCore: Robot Status: stopped, waiting for network to become active
02-14 14:38:44.263  6882  6952 V WebServer: Asked an already running WebServer to start
02-14 14:38:44.263  6882  6952 V RobotCore: Robot Status: stopped, starting robot
02-14 14:38:44.263  6882  6952 V Robocol : EventLoopManager.start()
02-14 14:38:44.264  6882  6952 V Robocol : Spoofing a Network Connection event...
02-14 14:38:44.264  6882  6952 I EventLoopManager: onNetworkConnectionEvent: CONNECTION_INFO_AVAILABLE
02-14 14:38:44.264  6882  6952 I Robocol : Received network connection event
02-14 14:38:44.264  6882  6952 I NetworkConnectionHandler: Handling new network connection infomation, connected: true setup needed: true
02-14 14:38:44.265  6882  6952 V RobotCore: EventLoopManager state is STOPPED
02-14 14:38:44.266  6882  7284 V RobotCore: thread: 'SetupRunnable.run()' starting...
02-14 14:38:44.266  6882  6952 V Robocol : eventLoop=FtcEventLoop
02-14 14:38:44.266  6882  6952 V RobotCore: EventLoopManager state is INIT
02-14 14:38:44.266  6882  6952 V RobotCore: Robot Status: initializing, starting robot
02-14 14:38:44.267  6882  6952 I FtcEventLoop: ======= INIT START =======
02-14 14:38:44.267  6882  6952 V OpmodeRegistration: registered {DefaultOpMode} as {$Stop$Robot$}
02-14 14:38:44.273  6882  6952 V FileBasedLock: locked /storage/emulated/0/FIRST/blocks/projectslock/lock.dat
02-14 14:38:44.273  6882  7284 D Robocol : RobocolDatagramSocket listening addr=/192.168.49.1:20884 cbRec=65520 cbSend=81920 msRecTO=300
02-14 14:38:44.273  6882  7284 V Robocol : RecvLoopRunnable created
02-14 14:38:44.276  6882  6952 V FileBasedLock: unlocking /storage/emulated/0/FIRST/blocks/projectslock/lock.dat
02-14 14:38:44.284  6882  7284 V PeerDiscovery: Starting peer discovery remote: /192.168.49.1 local: /192.168.49.1
02-14 14:38:44.285  6882  7284 V PeerDiscovery: No need for peer discovery, we are the peer discovery device
02-14 14:38:44.285  6882  7284 V RobotCore: Setup complete
02-14 14:38:44.285  6882  7287 V RobotCore: thread: 'RecvLoopRunnable.run()' starting...
02-14 14:38:44.285  6882  7284 V RobotCore: thread: ...terminating 'SetupRunnable.run()'
02-14 14:38:44.285  6882  6882 D WifiDirect: cannot create group, does group already exist?
02-14 14:38:44.302  6882  6952 V HardwareFactory: createHardwareMap()
02-14 14:38:44.302  6882  6952 V WifiDirectInviteMonitor: clearUILynxModule()
02-14 14:38:44.304  6882  6882 E Robocol : exception SocketException(Socket is closed): exception sending datagram [java.net.DatagramSocket.send(DatagramSocket.java:656)]
02-14 14:38:44.313  6882  6952 V RobotCore: Creating REV Robotics USB Expansion Hub Portal [DQ2AQHDD]
02-14 14:38:44.313  6882  6952 V LynxUsb : creating new [DQ2AQHDD]: 0x06e3b68b
02-14 14:38:44.315  6882  6952 V FtDeviceManager: createDeviceInfoList(): 1 USB devices
02-14 14:38:44.315  6882  6952 W System.err: unable to open lynx USB device DQ2AQHDD: FTDI driver failed to open USB device with serial number DQ2AQHDD (returned null device)
02-14 14:38:44.316  6882  6952 E LynxUsb : exception RobotCoreException(unable to open lynx USB device DQ2AQHDD: FTDI driver failed to open USB device with serial number DQ2AQHDD (returned null device)): exception arming DQ2AQHDD [com.qualcomm.hardware.lynx.LynxUsbUtil.logMessageAndThrow(LynxUsbUtil.java:92)]
02-14 14:38:44.316  6882  6952 V LynxUsb : doPretend() serial=DQ2AQHDD
02-14 14:38:44.316  6882  6952 V LynxUsb : 0x0b154368 on 0x06e3b68b: new delegate to [DQ2AQHDD]
02-14 14:38:44.317  6882  6952 V RobotCore: Creating Lynx Module - mod=1 parent=false
02-14 14:38:44.317  6882  6952 V RobotCore: Creating Lynx Module - mod=2 parent=true
02-14 14:38:44.318  6882  6952 V LynxUsb : addConfiguredModule() module#=2
02-14 14:38:44.318  6882  6952 V LynxModule: pingAndQueryKnownInterfaces mod=2
02-14 14:38:44.318  6882  6952 V LynxModule: mod#=2 queryInterface(DEKA)=0 commands starting at 0
02-14 14:38:44.319  6882  6952 V LynxModule: mod#=2 intf=DEKA: expected 54 commands; found 0
02-14 14:38:44.319  6882  6952 V LynxModule: sendLEDPatternSteps(): #steps=6
02-14 14:38:44.320  6882  6952 V LynxUsb : addConfiguredModule() module#=1
02-14 14:38:44.320  6882  6952 V LynxModule: pingAndQueryKnownInterfaces mod=1
02-14 14:38:44.320  6882  6952 V LynxModule: mod#=1 queryInterface(DEKA)=0 commands starting at 0
02-14 14:38:44.321  6882  6952 V LynxModule: mod#=1 intf=DEKA: expected 54 commands; found 0
02-14 14:38:44.321  6882  6952 V LynxModule: sendLEDPatternSteps(): #steps=4
02-14 14:38:44.322  6882  6952 V LynxMotor: initializeHardware() mod#=1
02-14 14:38:44.325  6882  6952 V RobotCore: DcMotorImpl(type=NeveRest40Gearmotor)
02-14 14:38:44.325  6882  6952 V RobotCore: DcMotorImpl(type=NeveRest40Gearmotor)
02-14 14:38:44.325  6882  6952 V RobotCore: DcMotorImpl(type=NeveRest60Gearmotor)
02-14 14:38:44.326  6882  6952 V RobotCore: DcMotorImpl(type=NeveRest40Gearmotor)
02-14 14:38:44.326  6882  6952 V LynxServoController: initializeHardware() mod#=1
02-14 14:38:44.328  6882  6952 V LynxVoltageSensor: initializeHardware() mod#=1
02-14 14:38:44.328  6882  6952 V LynxPwmOutputController: initializeHardware() mod#=1
02-14 14:38:44.329  6882  6952 V LynxAnalogInputController: initializeHardware() mod#=1
02-14 14:38:44.330  6882  6952 V LynxDigitalChannelController: initializeHardware() mod#=1
02-14 14:38:44.332  6882  6952 V RobotCore: Creating user sensor REV Expansion Hub IMU - on Lynx module=1 bus=0
02-14 14:38:44.332  6882  6952 V RobotCore: Creating I2cDeviceSynch (Lynx) - mod=1 bus=0
02-14 14:38:44.332  6882  6952 I RobotCore: LynxFirmwareVersionManager: LynxI2cDeviceSynchV1
02-14 14:38:44.332  6882  6952 V LynxI2cDeviceSynch: initializeHardware() mod#=1
02-14 14:38:44.333  6882  6952 V LynxMotor: initializeHardware() mod#=2
02-14 14:38:44.336  6882  6952 V RobotCore: DcMotorImpl(type=NeveRest40Gearmotor)
02-14 14:38:44.336  6882  6952 V RobotCore: DcMotorImpl(type=NeveRest40Gearmotor)
02-14 14:38:44.336  6882  6952 V RobotCore: DcMotorImpl(type=NeveRest60Gearmotor)
02-14 14:38:44.336  6882  6952 V RobotCore: DcMotorImpl(type=NeveRest60Gearmotor)
02-14 14:38:44.337  6882  6952 V LynxServoController: initializeHardware() mod#=2
02-14 14:38:44.338  6882  6952 V LynxVoltageSensor: initializeHardware() mod#=2
02-14 14:38:44.339  6882  6952 V LynxPwmOutputController: initializeHardware() mod#=2
02-14 14:38:44.340  6882  6952 V LynxAnalogInputController: initializeHardware() mod#=2
02-14 14:38:44.340  6882  6952 V LynxDigitalChannelController: initializeHardware() mod#=2
02-14 14:38:44.341  6882  6952 V RobotCore: Creating user sensor REV Expansion Hub IMU - on Lynx module=2 bus=0
02-14 14:38:44.341  6882  6952 V RobotCore: Creating I2cDeviceSynch (Lynx) - mod=2 bus=0
02-14 14:38:44.341  6882  6952 I RobotCore: LynxFirmwareVersionManager: LynxI2cDeviceSynchV1
02-14 14:38:44.341  6882  6952 V LynxI2cDeviceSynch: initializeHardware() mod#=2
02-14 14:38:44.342  6882  6952 I RobotCore: ========= Device Information ===================================================
02-14 14:38:44.343  6882  6952 I RobotCore: Type                                               Name                           Connection
02-14 14:38:44.343  6882  6952 I RobotCore: Expansion Hub DC Motor Controller                  Expansion Hub 1                USB DQ2AQHDD; module 1
02-14 14:38:44.343  6882  6952 I RobotCore: Expansion Hub Servo Controller                     Expansion Hub 1                USB DQ2AQHDD; module 1
02-14 14:38:44.343  6882  6952 I RobotCore: Expansion Hub Voltage Sensor                       Expansion Hub 1                USB DQ2AQHDD; module 1
02-14 14:38:44.343  6882  6952 I RobotCore: Expansion Hub Pwm Controller                       Expansion Hub 1                USB DQ2AQHDD; module 1
02-14 14:38:44.344  6882  6952 I RobotCore: Expansion Hub Analog Input Controller              Expansion Hub 1                USB DQ2AQHDD; module 1
02-14 14:38:44.344  6882  6952 I RobotCore: Expansion Hub Digital Channel Controller           Expansion Hub 1                USB DQ2AQHDD; module 1
02-14 14:38:44.344  6882  6952 I RobotCore: Expansion Hub (firmware version unavailable)       Expansion Hub 1                USB DQ2AQHDD; module 1
02-14 14:38:44.344  6882  6952 I RobotCore: Motor                                              LBM                            USB DQ2AQHDD; module 1; port 0
02-14 14:38:44.345  6882  6952 I RobotCore: Motor                                              RBM                            USB DQ2AQHDD; module 2; port 1
02-14 14:38:44.345  6882  6952 I RobotCore: Continuous Rotation Servo                          Marker                         USB DQ2AQHDD; module 1; port 1
02-14 14:38:44.345  6882  6952 I RobotCore: Motor                                              RFM                            USB DQ2AQHDD; module 2; port 0
02-14 14:38:44.345  6882  6952 I RobotCore: Motor                                              LFM                            USB DQ2AQHDD; module 1; port 1
02-14 14:38:44.346  6882  6952 I RobotCore: Servo                                              S1                             USB DQ2AQHDD; module 1; port 2
02-14 14:38:44.346  6882  6952 I RobotCore: Motor                                              HM                             USB DQ2AQHDD; module 2; port 3
02-14 14:38:44.346  6882  6952 I RobotCore: Expansion Hub DC Motor Controller                  Expansion Hub 2                USB DQ2AQHDD; module 2
02-14 14:38:44.346  6882  6952 I RobotCore: Expansion Hub Servo Controller                     Expansion Hub 2                USB DQ2AQHDD; module 2
02-14 14:38:44.347  6882  6952 I RobotCore: Expansion Hub Voltage Sensor                       Expansion Hub 2                USB DQ2AQHDD; module 2
02-14 14:38:44.347  6882  6952 I RobotCore: Expansion Hub Pwm Controller                       Expansion Hub 2                USB DQ2AQHDD; module 2
02-14 14:38:44.347  6882  6952 I RobotCore: Expansion Hub Analog Input Controller              Expansion Hub 2                USB DQ2AQHDD; module 2
02-14 14:38:44.347  6882  6952 I RobotCore: Expansion Hub Digital Channel Controller           Expansion Hub 2                USB DQ2AQHDD; module 2
02-14 14:38:44.348  6882  6952 I RobotCore: Expansion Hub (firmware version unavailable)       Expansion Hub 2                USB DQ2AQHDD; module 2
02-14 14:38:44.348  6882  6952 I RobotCore: REV Expansion Hub IMU                              imu                            USB DQ2AQHDD; module 1; bus 0; addr7=0x00
02-14 14:38:44.348  6882  6952 I RobotCore: Motor                                              SlideRotRight                  USB DQ2AQHDD; module 1; port 3
02-14 14:38:44.348  6882  6952 I RobotCore: Motor                                              SlideRotLeft                   USB DQ2AQHDD; module 2; port 2
02-14 14:38:44.348  6882  6952 I RobotCore: Servo                                              LockServo                      USB DQ2AQHDD; module 1; port 0
02-14 14:38:44.349  6882  6952 I RobotCore: Motor                                              Slider                         USB DQ2AQHDD; module 1; port 2
02-14 14:38:44.349  6882  6952 I RobotCore: REV Robotics USB Expansion Hub Portal              Expansion Hub Portal 1         USB DQ2AQHDD
02-14 14:38:44.349  6882  6952 I RobotCore: REV Expansion Hub IMU                              imu 1                          USB DQ2AQHDD; module 2; bus 0; addr7=0x00
02-14 14:38:44.349  6882  6952 I FtcEventLoop: ======= INIT FINISH =======
02-14 14:38:44.349  6882  6952 V RobotCore: EventLoopManager state is RUNNING
02-14 14:38:44.350  6882  6952 V RobotCore: Robot Status: running, starting robot
02-14 14:38:44.350  6882  6952 V RobotCore: Robot Status: running
02-14 14:38:44.351  6882  6952 V RobotCore: thread: ...terminating 'RobotSetupRunnable.run()'
02-14 14:38:44.351  6882  7288 V RobotCore: thread: 'opmode loop()' starting...
02-14 14:38:44.353  6882  6970 D SoundPlayer: playing volume=0.000000 samp=1|ms=1019
02-14 14:38:44.357  6882  7288 D RobotCore: system telemetry: key=$System$Warning$ msg="unable to open REV Robotics USB Expansion Hub Portal [DQ2AQHDD]"
02-14 14:38:44.589  6882  7287 E Robocol : exception SocketTimeoutException(Receive timed out): no packet received [java.net.PlainDatagramSocketImpl.receive0(Native Method)]
02-14 14:38:44.862  6882  7288 I RobotCore: Attempting to switch to op mode $Stop$Robot$
02-14 14:38:45.243  6882  7287 V PeerDiscovery: new remote peer discovered: 192.168.49.248
02-14 14:38:45.244  6882  7287 D Robocol : RobocolDatagramSocket connected to /192.168.49.248:20884
02-14 14:38:45.245  6882  7287 V NetworkConnectionHandler: starting sending loop
02-14 14:38:45.245  6882  7287 V Robocol : SendOnceRunnable created
02-14 14:38:45.257  6882  7287 V NetDiscover_prefremrc: sendAllPreferences()
02-14 14:38:45.257  6882  7287 V NetDiscover_prefremrc: sending RC pref name=pref_wifip2p_remote_channel_change_works value=true
02-14 14:38:45.257  6882  7287 V NetDiscover_prefremrc: sending RC pref name=pref_device_name value=11723-RC
02-14 14:38:45.257  6882  7287 V NetDiscover_prefremrc: sending RC pref name=pref_has_independent_phone_battery value=true
02-14 14:38:45.258  6882  7287 V NetDiscover_prefremrc: sending RC pref name=pref_has_speaker value=true
02-14 14:38:45.258  6882  7287 V NetDiscover_prefremrc: sending RC pref name=pref_app_theme value=green
02-14 14:38:45.258  6882  7287 V NetDiscover_prefremrc: sending RC pref name=pref_sound_on_off value=false
02-14 14:38:45.259  6882  7287 V UpdateUI: Network: active, connected
02-14 14:38:45.276  6882  7287 V Robocol : received command: CMD_REQUEST_UI_STATE(10001) 
02-14 14:38:45.285  6882  7290 V Robocol : sending CMD_NOTIFY_USER_DEVICE_LIST(1913), attempt: 0
02-14 14:38:45.290  6882  7290 V Robocol : sending CMD_ROBOT_CONTROLLER_PREFERENCE(1914), attempt: 0
02-14 14:38:45.291  6882  7290 V Robocol : sending CMD_ROBOT_CONTROLLER_PREFERENCE(1915), attempt: 0
02-14 14:38:45.291  6882  7290 V Robocol : sending CMD_ROBOT_CONTROLLER_PREFERENCE(1916), attempt: 0
02-14 14:38:45.292  6882  7290 V Robocol : sending CMD_ROBOT_CONTROLLER_PREFERENCE(1917), attempt: 0
02-14 14:38:45.292  6882  7290 V Robocol : sending CMD_ROBOT_CONTROLLER_PREFERENCE(1918), attempt: 0
02-14 14:38:45.293  6882  7290 V Robocol : sending CMD_ROBOT_CONTROLLER_PREFERENCE(1919), attempt: 0
02-14 14:38:45.294  6882  7290 V Robocol : sending CMD_NOTIFY_ACTIVE_CONFIGURATION(1925), attempt: 0
02-14 14:38:45.326  6882  7290 V Robocol : sending CMD_NOTIFY_USER_DEVICE_LIST(1926), attempt: 0
02-14 14:38:45.328  6882  7290 V Robocol : sending CMD_NOTIFY_OP_MODE_LIST(1927), attempt: 0
02-14 14:38:45.373  6882  6985 D SoundPlayer: playing volume=0.000000 samp=3|ms=485
02-14 14:38:45.375  6882  6985 D SoundPlayer: playing volume=0.000000 samp=2|ms=1044
02-14 14:38:45.406  6882  7290 V Robocol : sending CMD_PLAY_SOUND(1940), attempt: 0
02-14 14:38:45.407  6882  7290 V Robocol : sending CMD_PLAY_SOUND(1941), attempt: 0
02-14 14:38:45.606  6882  6882 V FtDeviceManager: ACTION_USB_DEVICE_DETACHED: /dev/bus/usb/001/005
02-14 14:38:45.607  6882  6900 D CameraManager: ---------------------------------------------- ACTION_USB_DEVICE_DETACHED
02-14 14:38:51.430  6882  6882 V FtDeviceManager: ACTION_USB_DEVICE_ATTACHED: /dev/bus/usb/001/006
02-14 14:38:51.431  6882  6882 V FtDeviceManager: addOrUpdateUsbDevice(vid=0x0403 pid=0x6015)
02-14 14:38:51.434  6882  6900 D CameraManager: ---------------------------------------------- ACTION_USB_DEVICE_ATTACHED
02-14 14:38:51.449  6882  6882 V FtDeviceManager: requesting permissions for device=/dev/bus/usb/001/006
02-14 14:38:51.472  6882  6882 V RCActivity: onPause()
02-14 14:38:52.978  6882  6882 V FtDeviceManager: permission granted for device /dev/bus/usb/001/006
02-14 14:38:53.684  6882  6882 V RCActivity: ACTION_USB_DEVICE_ATTACHED: /dev/bus/usb/001/006
02-14 14:38:53.687  6882  7288 I FtcEventLoop: vv===== MODULE ATTACH: disarm REV Robotics USB Expansion Hub Portal [DQ2AQHDD]=====vv
02-14 14:38:53.689  6882  7288 V LynxUsb : disarmDevice() serial=DQ2AQHDD...
02-14 14:38:53.689  6882  7288 V LynxUsb : ...done disarmDevice()
02-14 14:38:53.690  6882  7288 I FtcEventLoop: ======= MODULE ATTACH: arm or pretend REV Robotics USB Expansion Hub Portal [DQ2AQHDD]=======
02-14 14:38:53.690  6882  7288 V LynxUsb : clearing extant global warning: "unable to open REV Robotics USB Expansion Hub Portal [DQ2AQHDD]"
02-14 14:38:53.703  6882  7288 V FtDevice: initialize(vid=0x0403 pid=0x6015 bcdDevice=0x1000)
02-14 14:38:53.703  6882  7288 V MonitoredUsbDeviceConnection: closing UsbDeviceConnection(DQ2AQHDD)
02-14 14:38:53.703  6882  7288 D UsbDeviceConnectionJNI: close
02-14 14:38:53.704  6882  7288 V MonitoredUsbDeviceConnection: closing UsbDeviceConnection(DQ2AQHDD)
02-14 14:38:53.704  6882  7288 D UsbDeviceConnectionJNI: close
02-14 14:38:53.704  6882  7288 V FtDeviceManager: createDeviceInfoList(): 1 USB devices
02-14 14:38:53.707  6882  6882 V RCActivity: onResume()
02-14 14:38:53.707  6882  6882 V RCActivity: onPause()
02-14 14:38:53.709  6882  7288 V FtDevice: vv********************DQ2AQHDD opening********************vv 0x07900f5e
02-14 14:38:53.710  6882  7288 V FtDevice: ^^********************DQ2AQHDD opened ********************^^
02-14 14:38:53.710  6882  7288 V FtDevice: resetting DQ2AQHDD
02-14 14:38:53.717  6882  7288 V LynxUsb : armDevice() serial=DQ2AQHDD...
02-14 14:38:53.717  6882  7288 V LynxModule: resetDevice() serial=DQ2AQHDD
02-14 14:38:53.793  6882  7287 D RobotCore: system telemetry: key=$System$None$ msg=""
02-14 14:38:53.832  6882  6882 V RCActivity: onResume()
02-14 14:38:54.080  6882  7288 V LynxModule: pingAndQueryKnownInterfaces mod=2
02-14 14:38:54.081  6882  7303 V RobotCore: thread: 'lynx incoming datagrams' starting...
02-14 14:38:54.183  6882  7288 V LynxModule: retransmitting: mod=2 cmd=0x7f04 msg#=180 ref#=0 
02-14 14:38:54.284  6882  7288 V LynxModule: retransmitting: mod=2 cmd=0x7f04 msg#=180 ref#=0 
02-14 14:38:54.385  6882  7288 V LynxModule: retransmitting: mod=2 cmd=0x7f04 msg#=180 ref#=0 
02-14 14:38:54.486  6882  7288 V LynxModule: retransmitting: mod=2 cmd=0x7f04 msg#=180 ref#=0 
02-14 14:38:54.582  6882  7288 V LynxModule: retransmitting: mod=2 cmd=0x7f04 msg#=180 ref#=0 
02-14 14:38:54.584  6882  7288 V RobotCore: timeout: abandoning waiting 500ms for ack: cmd=LynxKeepAliveCommand mod=2 msg#=180
02-14 14:38:54.585  6882  7288 V RobotCore: nack rec'd mod=2 msg#=180 ref#=0 reason=ABANDONED_WAITING_FOR_ACK:257
02-14 14:38:54.585  6882  7288 V LynxModule: retrying ping mod=2
02-14 14:38:54.586  6882  7288 E LynxUsb : exception RobotCoreException(initial ping contact failed: mod=2): exception arming DQ2AQHDD [com.qualcomm.hardware.lynx.LynxModule.pingInitialContact(LynxModule.java:965)]
02-14 14:38:54.586  6882  7288 V RobotUsbDeviceFtdi: closing DQ2AQHDD
02-14 14:38:54.586  6882  7288 V FtDevice: vv********************DQ2AQHDD closing********************vv 0x07900f5e
02-14 14:38:54.586  6882  7288 V FtDevice: DQ2AQHDD stopping thread readBufferManager
02-14 14:38:54.587  6882  7300 V FtDevice: DQ2AQHDD thread readBufferManager is stopped
02-14 14:38:54.587  6882  7288 V FtDevice: DQ2AQHDD stopping thread bulkPacketInWorker
02-14 14:38:54.584  7303  7303 W com.qualcomm.ftcrobotcontroller: type=1400 audit(0.0:106): avc: denied { search } for uid=10134 comm=6C796E7820696E636F6D696E672064 name="usb" dev="tmpfs" ino=7295 scontext=u:r:untrusted_app:s0:c512,c768 tcontext=u:object_r:usb_device:s0 tclass=dir permissive=0
02-14 14:38:54.588  6882  7303 V LynxUsb : device closed in incoming datagram loop
02-14 14:38:54.589  6882  7288 V MonitoredUsbDeviceConnection: closing UsbDeviceConnection(DQ2AQHDD)
02-14 14:38:54.589  6882  7288 D UsbDeviceConnectionJNI: close
02-14 14:38:54.589  6882  7288 V FtDevice: ^^********************DQ2AQHDD closed ********************^^
02-14 14:38:54.590  6882  7288 V LynxUsb : doPretend() serial=DQ2AQHDD
02-14 14:38:54.590  6882  7288 V LynxPwmOutputController: initializeHardware() mod#=2
02-14 14:38:54.591  6882  7288 V LynxVoltageSensor: initializeHardware() mod#=1
02-14 14:38:54.591  6882  7288 V LynxMotor: initializeHardware() mod#=1
02-14 14:38:54.592  6882  7303 V RobotUsbDeviceFtdi: closing DQ2AQHDD
02-14 14:38:54.592  6882  7303 V RobotCore: thread: ...terminating 'lynx incoming datagrams'
02-14 14:38:54.594  6882  7288 V LynxPwmOutputController: initializeHardware() mod#=1
02-14 14:38:54.595  6882  7288 V LynxAnalogInputController: initializeHardware() mod#=1
02-14 14:38:54.595  6882  7288 V LynxServoController: initializeHardware() mod#=2
02-14 14:38:54.596  6882  7288 V LynxVoltageSensor: initializeHardware() mod#=2
02-14 14:38:54.597  6882  7288 V LynxMotor: initializeHardware() mod#=2
02-14 14:38:54.598  6882  7288 V LynxI2cDeviceSynch: initializeHardware() mod#=2
02-14 14:38:54.599  6882  7288 V LynxAnalogInputController: initializeHardware() mod#=2
02-14 14:38:54.599  6882  7288 V LynxDigitalChannelController: initializeHardware() mod#=2
02-14 14:38:54.599  6882  7288 V LynxServoController: initializeHardware() mod#=1
02-14 14:38:54.600  6882  7288 V LynxI2cDeviceSynch: initializeHardware() mod#=1
02-14 14:38:54.600  6882  7288 V LynxDigitalChannelController: initializeHardware() mod#=1
02-14 14:38:54.601  6882  7288 I FtcEventLoop: ^^===== MODULE ATTACH: complete REV Robotics USB Expansion Hub Portal [DQ2AQHDD]=====^^
02-14 14:38:54.604  6882  7288 D RobotCore: system telemetry: key=$System$Warning$ msg="REV Robotics USB Expansion Hub Portal [DQ2AQHDD] detached"
02-14 14:38:54.605  6882  7288 V RobotCore: event loop: device has shutdown abnormally: ABNORMAL
02-14 14:38:54.605  6882  7288 V EventLoopManager: event loop: detaching device DQ2AQHDD
02-14 14:38:54.605  6882  7288 I FtcEventLoop: vv===== MODULE DETACH RECOVERY: disarm REV Robotics USB Expansion Hub Portal [DQ2AQHDD]=====vv
02-14 14:38:54.606  6882  7288 V LynxUsb : disarmDevice() serial=DQ2AQHDD...
02-14 14:38:54.606  6882  7288 V LynxUsb : shutting down incoming datagrams
02-14 14:38:54.607  6882  7288 V RobotUsbDeviceFtdi: closing DQ2AQHDD
02-14 14:38:54.607  6882  7288 V LynxUsb : ...done disarmDevice()
02-14 14:38:54.607  6882  7288 I FtcEventLoop: ======= MODULE DETACH RECOVERY: pretend REV Robotics USB Expansion Hub Portal [DQ2AQHDD]=======
02-14 14:38:54.608  6882  7288 V LynxUsb : doPretend() serial=DQ2AQHDD
02-14 14:38:54.608  6882  7288 V LynxPwmOutputController: initializeHardware() mod#=2
02-14 14:38:54.609  6882  7288 V LynxVoltageSensor: initializeHardware() mod#=1
02-14 14:38:54.609  6882  6970 D SoundPlayer: playing volume=0.000000 samp=2|ms=1044
02-14 14:38:54.609  6882  7288 V LynxMotor: initializeHardware() mod#=1
02-14 14:38:54.612  6882  7288 V LynxPwmOutputController: initializeHardware() mod#=1
02-14 14:38:54.613  6882  7288 V LynxAnalogInputController: initializeHardware() mod#=1
02-14 14:38:54.613  6882  7288 V LynxServoController: initializeHardware() mod#=2
02-14 14:38:54.615  6882  7288 V LynxVoltageSensor: initializeHardware() mod#=2
02-14 14:38:54.615  6882  7288 V LynxMotor: initializeHardware() mod#=2
02-14 14:38:54.617  6882  7288 V LynxI2cDeviceSynch: initializeHardware() mod#=2
02-14 14:38:54.617  6882  7288 V LynxAnalogInputController: initializeHardware() mod#=2
02-14 14:38:54.617  6882  7288 V LynxDigitalChannelController: initializeHardware() mod#=2
02-14 14:38:54.618  6882  7288 V LynxServoController: initializeHardware() mod#=1
02-14 14:38:54.619  6882  7288 V LynxI2cDeviceSynch: initializeHardware() mod#=1
02-14 14:38:54.619  6882  7288 V LynxDigitalChannelController: initializeHardware() mod#=1
02-14 14:38:54.621  6882  7288 I FtcEventLoop: ^^===== MODULE DETACH RECOVERY: complete REV Robotics USB Expansion Hub Portal [DQ2AQHDD]=====^^
02-14 14:38:54.645  6882  7290 V Robocol : sending CMD_PLAY_SOUND(2067), attempt: 0
02-14 14:39:42.677  6882  7287 V Robocol : received command: CMD_INIT_OP_MODE(10734) $Stop$Robot$
02-14 14:39:42.686  6882  7288 I RobotCore: Attempting to switch to op mode $Stop$Robot$
02-14 14:39:42.726  6882  7290 V Robocol : sending CMD_NOTIFY_INIT_OP_MODE(2717), attempt: 0
02-14 14:39:44.596  6882  7287 V Robocol : received command: CMD_INIT_OP_MODE(10762) $Stop$Robot$
02-14 14:39:44.601  6882  7288 I RobotCore: Attempting to switch to op mode $Stop$Robot$
02-14 14:39:44.646  6882  7290 V Robocol : sending CMD_NOTIFY_INIT_OP_MODE(2748), attempt: 0
02-14 14:39:46.036  6882  7287 V Robocol : received command: CMD_INIT_OP_MODE(10785) $Stop$Robot$
02-14 14:39:46.042  6882  7288 I RobotCore: Attempting to switch to op mode $Stop$Robot$
02-14 14:39:46.086  6882  7290 V Robocol : sending CMD_NOTIFY_INIT_OP_MODE(2774), attempt: 0
02-14 14:40:49.977  6882  6900 D CameraManager: ---------------------------------------------- ACTION_USB_DEVICE_DETACHED
02-14 14:40:49.977  6882  6882 V FtDeviceManager: ACTION_USB_DEVICE_DETACHED: /dev/bus/usb/001/006
02-14 14:40:57.661  6882  6882 V MTPMonitorService: onConfigurationChanged()
02-14 14:40:57.661  6882  6882 V OnBotJavaService: onConfigurationChanged()
--------- beginning of main
02-14 14:42:13.283  7947  7947 V AppUtil : initializing: getExternalStorageDirectory()=/storage/emulated/0
02-14 14:42:13.290  7947  7947 V ServiceStarter: attempting to start service MediaTransferProtocolMonitorService
02-14 14:42:13.290  7947  7981 V RobotCore: saving logcat to /storage/emulated/0/robotControllerLog.txt
02-14 14:42:13.291  7947  7981 V RobotCore: logging command line: exec logcat -f /storage/emulated/0/robotControllerLog.txt -r4096 -n4 -v threadtime UsbRequestJNI:S UsbRequest:S art:W ThreadPool:W System:W ExtendedExtractor:W OMXClient:W MediaPlayer:W dalvikvm:W  *:V
02-14 14:42:13.296  7947  7947 V ServiceStarter: started service MediaTransferProtocolMonitorService
02-14 14:42:13.298  7947  7947 V ServiceStarter: attempting to start service OnBotJavaService
02-14 14:42:13.301  7947  7947 V ServiceStarter: started service OnBotJavaService
02-14 14:42:13.314  7947  7947 V AppUtil : rootActivity=FtcRobotControllerActivity
02-14 14:42:13.314  7947  7947 V RCActivity: onCreate()
02-14 14:42:13.346  7947  7947 V RCActivity: writing pref name=pref_app_theme value=red
02-14 14:42:13.350  7947  7947 V RCActivity: rootActivity is of class FtcRobotControllerActivity
02-14 14:42:13.457  7988  7988 W sh      : type=1400 audit(0.0:108): avc: denied { read } for uid=10135 name="/" dev="rootfs" ino=1 scontext=u:r:untrusted_app:s0:c512,c768 tcontext=u:object_r:rootfs:s0 tclass=dir permissive=0
02-14 14:42:13.386  7947  7987 V CallbackLooper: thread=3646
02-14 14:42:13.391  7947  7947 V NetDiscover_wifiDirectAgent: doStart()...
02-14 14:42:13.402  7947  7987 V NetDiscover_wifiDirectAgent_bcast: wifiP2pEnabled=true
02-14 14:42:13.404  7947  7947 V NetDiscover_wifiDirectAgent: ...doStart()
02-14 14:42:13.405  7947  7947 V NetDiscover_name: doStart()...
02-14 14:42:13.405  7947  7947 V NetDiscover_name: ...doStart()
02-14 14:42:13.406  7947  7947 V NetDiscover_prefremrc: ----- all preferences -----
02-14 14:42:13.406  7947  7947 V NetDiscover_prefremrc: name='pref_app_theme' value=red
02-14 14:42:13.406  7947  7987 D NetDiscover_wifiDirectAgent_bcast: connection changed: networkInfo.state=CONNECTED
02-14 14:42:13.406  7947  7987 V NetDiscover_wifiDirectAgent_bcast: NetworkInfo: [type: WIFI_P2P[], state: CONNECTED/CONNECTED, reason: (unspecified), extra: (none), failover: false, available: true, roaming: false, metered: false]
02-14 14:42:13.406  7947  7987 V NetDiscover_wifiDirectAgent_bcast: WifiP2pInfo: groupFormed: true isGroupOwner: true groupOwnerAddress: /192.168.49.1 mccMode: false
02-14 14:42:13.407  7947  7947 V NetDiscover_prefremrc: doStart()...
02-14 14:42:13.407  7947  7987 V NetDiscover_wifiDirectAgent_bcast: WifiP2pGroup: network: DIRECT-sI-11723-RC, isGO: true, GO: Device: , deviceAddress: cc:61:e5:08:ad:af, primary type: null, secondary type: null, wps: 0, grpcapab: 0, devcapab: 0, status: 4, wfdInfo: WFD enabled: falseWFD DeviceInfo: 0, WFD CtrlPort: 0, WFD MaxThroughput: 0, level: 0, Client: Device: 11723-DS, deviceAddress: cc:61:e5:08:c5:04, primary type: 10-0050F204-5, secondary type: null, wps: 392, grpcapab: 0, devcapab: 33, status: 0, wfdInfo: null, level: 60, interface: p2p0, networkId: 0
02-14 14:42:13.407  7947  7947 V NetDiscover_prefremrc: ...doStart()
02-14 14:42:13.407  7947  7987 V NetDiscover_wifiDirectAgent_bcast: this device changed: Device=11723-RC deviceAddress=cc:61:e5:08:ad:af primary type=10-0050F204-5 secondary type=null wps=0 grpcapab=0 devcapab=0 status=0 wfdInfo=WFD enabled=falseWFD DeviceInfo=0 WFD CtrlPort=0 WFD MaxThroughput=0 level=0
02-14 14:42:13.408  7947  7987 V NetDiscover_name: remembering wifiDirectName: 11723-RC...
02-14 14:42:13.408  7947  7987 V NetDiscover_name: wifiDirectName=11723-RC
02-14 14:42:13.408  7947  7987 V NetDiscover_name: ...remembering wifiDirectName
02-14 14:42:13.409  7947  7987 V NetDiscover_wifiDirectAgent_bcast: p2p discoverPeers()=false
02-14 14:42:13.409  7947  7987 V NetDiscover_wifiDirectAgent_bcast: wifi direct remembered groups cleared
02-14 14:42:13.412  7947  7987 V NetDiscover_wifiDirectAgent_bcast: wifiState=ENABLED
02-14 14:42:13.413  7947  7987 V NetDiscover_wifiDirectAgent: found persistent group: DIRECT-sI-11723-RC
02-14 14:42:13.425  7947  7981 I RobotCore: Done running ps
02-14 14:42:13.493  7947  7947 D ApplicationLoaders: ignored Vulkan layer search path /data/app/com.android.chrome-1/lib/arm:/data/app/com.android.chrome-1/base.apk!/lib/armeabi-v7a for namespace 0xa89ef090
02-14 14:42:13.499  7947  7947 I WebViewFactory: Loading com.android.chrome version 72.0.3626.105 (code 362610502)
02-14 14:42:13.570  7947  7947 I cr_LibraryLoader: Time to load native libraries: 9 ms (timestamps 853-862)
02-14 14:42:13.595  7947  8004 W System  : ClassLoader referenced unknown path: 
02-14 14:42:13.607  7947  8004 D ApplicationLoaders: ignored Vulkan layer search path /data/app/com.android.chrome-1/lib/arm:/data/app/com.android.chrome-1/base.apk!/lib/armeabi-v7a for namespace 0xa89ef0d0
02-14 14:42:13.614  7947  7947 I chromium: [INFO:library_loader_hooks.cc(42)] Chromium logging enabled: level = 0, default verbosity = 0
02-14 14:42:13.615  7947  7947 I cr_LibraryLoader: Expected native library version number "72.0.3626.105", actual native library version number "72.0.3626.105"
02-14 14:42:13.682  7947  7947 I cr_BrowserStartup: Initializing chromium process, singleProcess=true
02-14 14:42:13.689  7947  7947 W ResourceType: Failure getting entry for 0x7f120538 (t=17 e=1336) (error -2147483647)
02-14 14:42:13.887  7947  7947 V RCActivity: writing pref name=pref_rc_connected value=true
02-14 14:42:13.887  7947  7947 V NetDiscover_prefremrc: onSharedPreferenceChanged(name=pref_rc_connected, value=true)
02-14 14:42:13.890  7947  7947 V OnBotJava: OnBotJavaManager::static
02-14 14:42:14.181  7947  7947 W art     : Found duplicate classes, falling back to interpreter mode for /data/app/com.qualcomm.ftcrobotcontroller-1/base.apk
02-14 14:42:14.181  7947  7947 W art     : Found duplicated class when checking oat files: 'Landroid/support/annotation/Keep;' in /data/app/com.qualcomm.ftcrobotcontroller-1/base.apk and /data/app/com.android.chrome-1/base.apk
02-14 14:42:14.880  7947  7947 V OnBotJava: getCurrentOutputJarDir() unavailable
02-14 14:42:14.880  7947  7947 V OnBotJava: getCurrentOutputJarDir() unavailable
02-14 14:42:16.440  7947  7947 V NetDiscover_name: initializeDeviceNameFromWifiDirect()...
02-14 14:42:16.440  7947  7947 V NetDiscover_name: waitForWifiDirectName() thread=1...
02-14 14:42:16.440  7947  7947 V NetDiscover_name: ...waitForWifiDirectName()
02-14 14:42:16.440  7947  7947 V NetDiscover_name: initializeDeviceNameFromWifiDirect(): name=11723-RC
02-14 14:42:16.440  7947  7947 V NetDiscover_name: writing pref name=pref_device_name_tracking value=WIFIDIRECT
02-14 14:42:16.441  7947  7947 V NetDiscover_prefremrc: onSharedPreferenceChanged(name=pref_device_name_tracking, value=WIFIDIRECT)
02-14 14:42:16.441  7947  7947 V NetDiscover_name: writing pref name=pref_device_name value=11723-RC
02-14 14:42:16.441  7947  7947 V NetDiscover_name: writing pref name=pref_device_name_old value=11723-RC
02-14 14:42:16.442  7947  7947 V NetDiscover_prefremrc: onSharedPreferenceChanged(name=pref_device_name_old, value=11723-RC)
02-14 14:42:16.442  7947  7947 V NetDiscover_name: deviceName pref changed: now=11723-RC
02-14 14:42:16.442  7947  7947 V NetDiscover_name: setWifiDirectDeviceName(11723-RC)...
02-14 14:42:16.442  7947  7947 V NetDiscover_name: ...setWifiDirectDeviceName(11723-RC)
02-14 14:42:16.443  7947  7947 V NetDiscover_prefremrc: onSharedPreferenceChanged(name=pref_device_name, value=11723-RC)
02-14 14:42:16.443  7947  7947 V NetDiscover_prefremrc: sending RC pref name=pref_device_name value=11723-RC
02-14 14:42:16.454  7947  7947 V NetDiscover_name: ...initializeDeviceNameFromWifiDirect()
02-14 14:42:16.471  7947  7947 V NetDiscover_prefremrc: onSharedPreferenceChanged(name=pref_sound_on_off, value=true)
02-14 14:42:16.471  7947  7947 V NetDiscover_prefremrc: sending RC pref name=pref_sound_on_off value=true
02-14 14:42:16.478  7947  7947 V UpdateUI: Network: inactive, disconnected
02-14 14:42:16.478  7947  7947 V RCActivity: writing pref name=pref_pairing_kind value=WIFIDIRECT
02-14 14:42:16.479  7947  7947 V NetDiscover_prefremrc: onSharedPreferenceChanged(name=pref_pairing_kind, value=WIFIDIRECT)
02-14 14:42:16.479  7947  7947 V ServiceStarter: attempting to start service FtcRobotControllerWatchdogService
02-14 14:42:16.481  7947  7947 V ServiceStarter: started service FtcRobotControllerWatchdogService
02-14 14:42:16.486  7947  7947 V RobotCore: BuildConfig: versionCode=31 versionName=4.3 module=com.qualcomm.ftcrobotcontroller
02-14 14:42:16.486  7947  7947 V RobotCore: BuildConfig: versionCode=55 versionName=8.9 module=com.qualcomm.robotcore
02-14 14:42:16.486  7947  7947 V RobotCore: BuildConfig: versionCode=55 versionName=8.9 module=com.qualcomm.hardware
02-14 14:42:16.487  7947  7947 V RobotCore: BuildConfig: versionCode=55 versionName=8.9 module=com.qualcomm.ftccommon
02-14 14:42:16.487  7947  7947 V RobotCore: BuildConfig: versionCode=55 versionName=8.9 module=com.google.blocks
02-14 14:42:16.487  7947  7947 V RobotCore: BuildConfig: versionCode=55 versionName=8.9 module=org.firstinspires.inspection
02-14 14:42:16.487  7947  7947 I RCActivity: 410c serial number: ZY223Q7MGF
02-14 14:42:16.487  7947  7947 I RobotCore: Android Device: maker=motorola model=XT1609 sdk=25
02-14 14:42:16.489  7947  7947 V RCActivity: onStart()
02-14 14:42:16.493  7947  7947 V RCActivity: onResume()
02-14 14:42:16.543  7947  7947 V MTPMonitorService: onCreate()
02-14 14:42:16.544  7947  7947 V MTPMonitorService: onStartCommand() intent=Intent { cmp=com.qualcomm.ftcrobotcontroller/org.firstinspires.ftc.robotcore.internal.files.MediaTransferProtocolMonitorService } flags=0x0 startId=1
02-14 14:42:16.545  7947  7947 V MTPMonitor: observing: /storage/emulated/0
02-14 14:42:16.549  7947  7947 W FileObserverManager: upgrading mask: path=/storage/emulated/0/FIRST/blocks old=0x00000ffc new=0x00004ffc: might possibly miss event
02-14 14:42:16.554  7947  7947 W FileObserverManager: upgrading mask: path=/storage/emulated/0/FIRST/java/status old=0x00000ffc new=0x00004ffc: might possibly miss event
02-14 14:42:16.595  7947  7947 V OnBotJavaService: onCreate()
02-14 14:42:16.595  7947  7947 V OnBotJavaService: onStartCommand() intent=Intent { cmp=com.qualcomm.ftcrobotcontroller/org.firstinspires.ftc.robotcore.internal.opmode.OnBotJavaService } flags=0x0 startId=1
02-14 14:42:16.596  7947  7947 V OnBotJava: ctor()...
02-14 14:42:16.597  7947  7947 V OnBotJava: ...ctor()
02-14 14:42:16.601  7947  7947 V FtcRobotControllerWatchdogService: onCreate()
02-14 14:42:16.604  7947  7947 V FtcRobotControllerWatchdogService: onStartCommand() intent=Intent { cmp=com.qualcomm.ftcrobotcontroller/org.firstinspires.ftc.ftccommon.internal.FtcRobotControllerWatchdogService } flags=0x0 startId=1
02-14 14:42:16.604  7947  7947 V FtcRobotControllerWatchdogService: shouldAutoLauchRobotController() result=false
02-14 14:42:16.605  7947  7947 V FTCService: onCreate()
02-14 14:42:16.606  7947  7947 V FTCService: onBind()
02-14 14:42:16.606  7947  7947 V FTCService: writing pref name=pref_wifip2p_remote_channel_change_works value=true
02-14 14:42:16.607  7947  7947 V NetDiscover_prefremrc: onSharedPreferenceChanged(name=pref_wifip2p_remote_channel_change_works, value=true)
02-14 14:42:16.607  7947  7947 V NetDiscover_prefremrc: sending RC pref name=pref_wifip2p_remote_channel_change_works value=true
02-14 14:42:16.608  7947  7947 V FTCService: writing pref name=pref_has_independent_phone_battery value=true
02-14 14:42:16.609  7947  7947 V NetDiscover_prefremrc: onSharedPreferenceChanged(name=pref_has_independent_phone_battery, value=true)
02-14 14:42:16.609  7947  7947 V NetDiscover_prefremrc: sending RC pref name=pref_has_independent_phone_battery value=true
02-14 14:42:16.610  7947  7947 V FTCService: writing pref name=pref_has_speaker value=true
02-14 14:42:16.611  7947  7947 V NetDiscover_prefremrc: onSharedPreferenceChanged(name=pref_has_speaker, value=true)
02-14 14:42:16.611  7947  7947 V NetDiscover_prefremrc: sending RC pref name=pref_has_speaker value=true
02-14 14:42:16.619  7947  7947 V WebServer: creating NanoHTTPD(8080)
02-14 14:42:16.626  7947  7947 V RobotCore: Getting network assistant of type: WIFIDIRECT
02-14 14:42:16.630  7947  7947 V WifiDirect: There are 1 Wifi Direct Assistant Clients (+)
02-14 14:42:16.630  7947  7947 V WifiDirect: Enabling Wifi Direct Assistant
02-14 14:42:16.632  7947  7947 V WifiDirectInviteMonitor: startMonitoring()
02-14 14:42:16.639  7947  7987 V NetDiscover_wifiDirectAgent_bcast: wifiP2pEnabled=true
02-14 14:42:16.641  7947  7987 D NetDiscover_wifiDirectAgent_bcast: connection changed: networkInfo.state=CONNECTED
02-14 14:42:16.642  7947  7987 V NetDiscover_wifiDirectAgent_bcast: NetworkInfo: [type: WIFI_P2P[], state: CONNECTED/CONNECTED, reason: (unspecified), extra: (none), failover: false, available: true, roaming: false, metered: false]
02-14 14:42:16.642  7947  7987 V NetDiscover_wifiDirectAgent_bcast: WifiP2pInfo: groupFormed: true isGroupOwner: true groupOwnerAddress: /192.168.49.1 mccMode: false
02-14 14:42:16.642  7947  7987 V NetDiscover_wifiDirectAgent_bcast: WifiP2pGroup: network: DIRECT-sI-11723-RC, isGO: true, GO: Device: , deviceAddress: cc:61:e5:08:ad:af, primary type: null, secondary type: null, wps: 0, grpcapab: 0, devcapab: 0, status: 4, wfdInfo: WFD enabled: falseWFD DeviceInfo: 0, WFD CtrlPort: 0, WFD MaxThroughput: 0, level: 0, Client: Device: 11723-DS, deviceAddress: cc:61:e5:08:c5:04, primary type: 10-0050F204-5, secondary type: null, wps: 392, grpcapab: 0, devcapab: 33, status: 0, wfdInfo: null, level: 60, interface: p2p0, networkId: 0
02-14 14:42:16.643  7947  7987 V NetDiscover_wifiDirectAgent_bcast: this device changed: Device=11723-RC deviceAddress=cc:61:e5:08:ad:af primary type=10-0050F204-5 secondary type=null wps=0 grpcapab=0 devcapab=0 status=0 wfdInfo=WFD enabled=falseWFD DeviceInfo=0 WFD CtrlPort=0 WFD MaxThroughput=0 level=0
02-14 14:42:16.643  7947  7987 V NetDiscover_name: remembering wifiDirectName: 11723-RC...
02-14 14:42:16.643  7947  7987 V NetDiscover_name: ...remembering wifiDirectName
02-14 14:42:16.643  7947  7987 V NetDiscover_wifiDirectAgent_bcast: p2p discoverPeers()=false
02-14 14:42:16.643  7947  7987 V NetDiscover_wifiDirectAgent_bcast: wifi direct remembered groups cleared
02-14 14:42:16.644  7947  7987 V NetDiscover_wifiDirectAgent_bcast: wifiState=ENABLED
02-14 14:42:16.698  7947  8164 I Adreno-EGL: <qeglDrvAPI_eglInitialize:379>: EGL 1.4 QUALCOMM build: Nondeterministic_AU_msm8916_32_LA.BR.1.2.9_RB1__release_AU (I750f7f2fa6)
02-14 14:42:16.698  7947  8164 I Adreno-EGL: OpenGL ES Shader Compiler Version: XE031.09.00.03
02-14 14:42:16.698  7947  8164 I Adreno-EGL: Build Date: 02/18/17 Sat
02-14 14:42:16.698  7947  8164 I Adreno-EGL: Local Branch: 
02-14 14:42:16.698  7947  8164 I Adreno-EGL: Remote Branch: quic/LA.BR.1.2.9_rb1.12
02-14 14:42:16.698  7947  8164 I Adreno-EGL: Local Patches: NONE
02-14 14:42:16.698  7947  8164 I Adreno-EGL: Reconstruct Branch: NOTHING
02-14 14:42:16.707  7947  8164 I OpenGLRenderer: Initialized EGL, version 1.4
02-14 14:42:16.707  7947  8164 D OpenGLRenderer: Swap behavior 1
02-14 14:42:16.707  8164  8164 W RenderThread: type=1400 audit(0.0:109): avc: denied { read } for uid=10135 name="gpuclk" dev="sysfs" ino=11560 scontext=u:r:untrusted_app:s0:c512,c768 tcontext=u:object_r:sysfs:s0 tclass=file permissive=0
02-14 14:42:16.710  7947  8164 W Adreno-ES20: <get_gpu_clk:229>: open failed: errno 13
02-14 14:42:16.714  7947  7947 D WifiDirect: broadcast: state - enabled: true
02-14 14:42:16.715  7947  7947 D WifiDirect: broadcast: connection changed: connectStatus=NOT_CONNECTED networkInfo.state=CONNECTED
02-14 14:42:16.715  7947  7947 V WifiDirect: writing pref name=pref_wifip2p_groupowner_connectedto value=
02-14 14:42:16.716  7947  8023 W cr_CrashFileManager: /data/user/0/com.qualcomm.ftcrobotcontroller/cache/WebView/Crash Reports does not exist or is not a directory
02-14 14:42:16.716  7947  7947 V NetDiscover_prefremrc: onSharedPreferenceChanged(name=pref_wifip2p_groupowner_connectedto, value=)
02-14 14:42:16.717  7947  7947 D WifiDirect: broadcast: this device changed
02-14 14:42:16.717  7947  7947 V WifiDirect: device information: 11723-RC cc:61:e5:08:ad:af
02-14 14:42:16.717  7947  7947 D WifiDirect: cannot create group, does group already exist?
02-14 14:42:16.717  7947  7947 V FTCService: RCActivity.controllerService=bound
02-14 14:42:16.718  7947  7947 V UpdateUI: Network: unknown, disconnected
02-14 14:42:16.719  7947  7947 V RobotCore: Robot Status: stopped
02-14 14:42:16.728  7947  8169 V RobotCore: thread: 'RobotSetupRunnable.run()' starting...
02-14 14:42:16.728  7947  8169 V FTCService: Processing robot setup
02-14 14:42:16.729  7947  8169 V RobotCore: Robot Status: stopped, scanning for USB devices
02-14 14:42:16.854  7947  7947 D WifiDirect: group owners address: /192.168.49.1
