02-14 14:44:20.860  7947  8410 V OpmodeRegistration: registered {yeahhh} as {yeahhh}
02-14 14:44:20.861  7947  8410 V OpmodeRegistration: registered {VisionJavaExample} as {VisionJavaExample}
02-14 14:44:20.862  7947  8410 V OpmodeRegistration: registered {Camera_Test} as {Concept: TensorFlow Object Detection}
02-14 14:44:20.862  7947  8410 V OpmodeRegistration: registered {SimpleAutonomous} as {SimpleAutonomous}
02-14 14:44:20.863  7947  8410 V OpmodeRegistration: registered {VermontAutoI} as {VermontAutoI}
02-14 14:44:20.877  7947  8410 V HardwareFactory: createHardwareMap()
02-14 14:44:20.877  7947  8410 V WifiDirectInviteMonitor: clearUILynxModule()
02-14 14:44:20.885  7947  8194 V Robocol : sending CMD_NOTIFY_ROBOT_STATE(1644), attempt: 0
02-14 14:44:20.886  7947  8194 V Robocol : sending CMD_NOTIFY_ROBOT_STATE(1646), attempt: 0
02-14 14:44:20.887  7947  8194 V Robocol : sending CMD_NOTIFY_ACTIVE_CONFIGURATION(1647), attempt: 0
02-14 14:44:20.887  7947  8410 V RobotCore: Creating REV Robotics USB Expansion Hub Portal [DQ2AQHDD]
02-14 14:44:20.887  7947  8194 V Robocol : sending CMD_NOTIFY_USER_DEVICE_LIST(1648), attempt: 0
02-14 14:44:20.887  7947  8410 V LynxUsb : creating new [DQ2AQHDD]: 0x0ab562c4
02-14 14:44:20.888  7947  8410 V FtDeviceManager: createDeviceInfoList(): 0 USB devices
02-14 14:44:20.888  7947  8410 W System.err: unable to open lynx USB device DQ2AQHDD: FTDI driver failed to open USB device with serial number DQ2AQHDD (returned null device)
02-14 14:44:20.889  7947  8410 E LynxUsb : exception RobotCoreException(unable to open lynx USB device DQ2AQHDD: FTDI driver failed to open USB device with serial number DQ2AQHDD (returned null device)): exception arming DQ2AQHDD [com.qualcomm.hardware.lynx.LynxUsbUtil.logMessageAndThrow(LynxUsbUtil.java:92)]
02-14 14:44:20.889  7947  8194 V Robocol : sending CMD_NOTIFY_OP_MODE_LIST(1649), attempt: 0
02-14 14:44:20.890  7947  8410 V LynxUsb : doPretend() serial=DQ2AQHDD
02-14 14:44:20.890  7947  8410 V LynxUsb : 0x0aeaf5ad on 0x0ab562c4: new delegate to [DQ2AQHDD]
02-14 14:44:20.890  7947  8410 V RobotCore: Creating Lynx Module - mod=1 parent=false
02-14 14:44:20.891  7947  8410 V RobotCore: Creating Lynx Module - mod=2 parent=true
02-14 14:44:20.892  7947  8410 V LynxUsb : addConfiguredModule() module#=2
02-14 14:44:20.892  7947  8410 V LynxModule: pingAndQueryKnownInterfaces mod=2
02-14 14:44:20.893  7947  8410 V LynxModule: mod#=2 queryInterface(DEKA)=0 commands starting at 0
02-14 14:44:20.893  7947  8410 V LynxModule: mod#=2 intf=DEKA: expected 54 commands; found 0
02-14 14:44:20.894  7947  8410 V LynxModule: sendLEDPatternSteps(): #steps=6
02-14 14:44:20.895  7947  8410 V LynxUsb : addConfiguredModule() module#=1
02-14 14:44:20.895  7947  8410 V LynxModule: pingAndQueryKnownInterfaces mod=1
02-14 14:44:20.896  7947  8410 V LynxModule: mod#=1 queryInterface(DEKA)=0 commands starting at 0
02-14 14:44:20.896  7947  8410 V LynxModule: mod#=1 intf=DEKA: expected 54 commands; found 0
02-14 14:44:20.896  7947  8410 V LynxModule: sendLEDPatternSteps(): #steps=4
02-14 14:44:20.897  7947  8410 V LynxMotor: initializeHardware() mod#=1
02-14 14:44:20.902  7947  8410 V RobotCore: DcMotorImpl(type=NeveRest40Gearmotor)
02-14 14:44:20.902  7947  8410 V RobotCore: DcMotorImpl(type=NeveRest40Gearmotor)
02-14 14:44:20.902  7947  8410 V RobotCore: DcMotorImpl(type=NeveRest60Gearmotor)
02-14 14:44:20.903  7947  8410 V RobotCore: DcMotorImpl(type=NeveRest40Gearmotor)
02-14 14:44:20.903  7947  8410 V LynxServoController: initializeHardware() mod#=1
02-14 14:44:20.906  7947  8410 V LynxVoltageSensor: initializeHardware() mod#=1
02-14 14:44:20.906  7947  8410 V LynxPwmOutputController: initializeHardware() mod#=1
02-14 14:44:20.908  7947  8410 V LynxAnalogInputController: initializeHardware() mod#=1
02-14 14:44:20.908  7947  8410 V LynxDigitalChannelController: initializeHardware() mod#=1
02-14 14:44:20.910  7947  8410 V RobotCore: Creating user sensor REV Expansion Hub IMU - on Lynx module=1 bus=0
02-14 14:44:20.910  7947  8410 V RobotCore: Creating I2cDeviceSynch (Lynx) - mod=1 bus=0
02-14 14:44:20.910  7947  8410 I RobotCore: LynxFirmwareVersionManager: LynxI2cDeviceSynchV1
02-14 14:44:20.910  7947  8410 V LynxI2cDeviceSynch: initializeHardware() mod#=1
02-14 14:44:20.911  7947  8410 V LynxMotor: initializeHardware() mod#=2
02-14 14:44:20.912  7947  8182 D RobotCore: system telemetry: key=$System$Warning$ msg="unable to open REV Robotics USB Expansion Hub Portal [DQ2AQHDD]"
02-14 14:44:20.915  7947  8410 V RobotCore: DcMotorImpl(type=NeveRest40Gearmotor)
02-14 14:44:20.916  7947  8410 V RobotCore: DcMotorImpl(type=NeveRest40Gearmotor)
02-14 14:44:20.916  7947  8410 V RobotCore: DcMotorImpl(type=NeveRest60Gearmotor)
02-14 14:44:20.916  7947  8185 D SoundPlayer: playing volume=1.000000 samp=3|ms=1044
02-14 14:44:20.916  7947  8410 V RobotCore: DcMotorImpl(type=NeveRest60Gearmotor)
02-14 14:44:20.917  7947  8410 V LynxServoController: initializeHardware() mod#=2
02-14 14:44:20.919  7947  8410 V LynxVoltageSensor: initializeHardware() mod#=2
02-14 14:44:20.920  7947  8410 V LynxPwmOutputController: initializeHardware() mod#=2
02-14 14:44:20.921  7947  8410 V LynxAnalogInputController: initializeHardware() mod#=2
02-14 14:44:20.921  7947  8410 V LynxDigitalChannelController: initializeHardware() mod#=2
02-14 14:44:20.923  7947  8410 V RobotCore: Creating user sensor REV Expansion Hub IMU - on Lynx module=2 bus=0
02-14 14:44:20.923  7947  8410 V RobotCore: Creating I2cDeviceSynch (Lynx) - mod=2 bus=0
02-14 14:44:20.923  7947  8410 I RobotCore: LynxFirmwareVersionManager: LynxI2cDeviceSynchV1
02-14 14:44:20.923  7947  8410 V LynxI2cDeviceSynch: initializeHardware() mod#=2
02-14 14:44:20.924  7947  8410 I RobotCore: ========= Device Information ===================================================
02-14 14:44:20.924  7947  8410 I RobotCore: Type                                               Name                           Connection
02-14 14:44:20.925  7947  8410 I RobotCore: Expansion Hub DC Motor Controller                  Expansion Hub 1                USB DQ2AQHDD; module 1
02-14 14:44:20.925  7947  8194 V Robocol : sending CMD_PLAY_SOUND(1656), attempt: 0
02-14 14:44:20.925  7947  8410 I RobotCore: Expansion Hub Servo Controller                     Expansion Hub 1                USB DQ2AQHDD; module 1
02-14 14:44:20.926  7947  8410 I RobotCore: Expansion Hub Voltage Sensor                       Expansion Hub 1                USB DQ2AQHDD; module 1
02-14 14:44:20.926  7947  8410 I RobotCore: Expansion Hub Pwm Controller                       Expansion Hub 1                USB DQ2AQHDD; module 1
02-14 14:44:20.927  7947  8410 I RobotCore: Expansion Hub Analog Input Controller              Expansion Hub 1                USB DQ2AQHDD; module 1
02-14 14:44:20.927  7947  8410 I RobotCore: Expansion Hub Digital Channel Controller           Expansion Hub 1                USB DQ2AQHDD; module 1
02-14 14:44:20.928  7947  8410 I RobotCore: Expansion Hub (firmware version unavailable)       Expansion Hub 1                USB DQ2AQHDD; module 1
02-14 14:44:20.928  7947  8410 I RobotCore: Motor                                              LBM                            USB DQ2AQHDD; module 1; port 0
02-14 14:44:20.928  7947  8410 I RobotCore: Motor                                              RBM                            USB DQ2AQHDD; module 2; port 1
02-14 14:44:20.929  7947  8410 I RobotCore: Continuous Rotation Servo                          Marker                         USB DQ2AQHDD; module 1; port 1
02-14 14:44:20.929  7947  8410 I RobotCore: Motor                                              RFM                            USB DQ2AQHDD; module 2; port 0
02-14 14:44:20.930  7947  8410 I RobotCore: Motor                                              LFM                            USB DQ2AQHDD; module 1; port 1
02-14 14:44:20.930  7947  8410 I RobotCore: Servo                                              S1                             USB DQ2AQHDD; module 1; port 2
02-14 14:44:20.930  7947  8410 I RobotCore: Motor                                              HM                             USB DQ2AQHDD; module 2; port 3
02-14 14:44:20.931  7947  8410 I RobotCore: Expansion Hub DC Motor Controller                  Expansion Hub 2                USB DQ2AQHDD; module 2
02-14 14:44:20.931  7947  8410 I RobotCore: Expansion Hub Servo Controller                     Expansion Hub 2                USB DQ2AQHDD; module 2
02-14 14:44:20.932  7947  8410 I RobotCore: Expansion Hub Voltage Sensor                       Expansion Hub 2                USB DQ2AQHDD; module 2
02-14 14:44:20.932  7947  8410 I RobotCore: Expansion Hub Pwm Controller                       Expansion Hub 2                USB DQ2AQHDD; module 2
02-14 14:44:20.933  7947  8410 I RobotCore: Expansion Hub Analog Input Controller              Expansion Hub 2                USB DQ2AQHDD; module 2
02-14 14:44:20.934  7947  8410 I RobotCore: Expansion Hub Digital Channel Controller           Expansion Hub 2                USB DQ2AQHDD; module 2
02-14 14:44:20.934  7947  8410 I RobotCore: Expansion Hub (firmware version unavailable)       Expansion Hub 2                USB DQ2AQHDD; module 2
02-14 14:44:20.935  7947  8410 I RobotCore: REV Expansion Hub IMU                              imu                            USB DQ2AQHDD; module 1; bus 0; addr7=0x00
02-14 14:44:20.936  7947  8410 I RobotCore: Motor                                              SlideRotRight                  USB DQ2AQHDD; module 1; port 3
02-14 14:44:20.936  7947  8410 I RobotCore: Motor                                              SlideRotLeft                   USB DQ2AQHDD; module 2; port 2
02-14 14:44:20.936  7947  8410 I RobotCore: Servo                                              LockServo                      USB DQ2AQHDD; module 1; port 0
02-14 14:44:20.937  7947  8410 I RobotCore: Motor                                              Slider                         USB DQ2AQHDD; module 1; port 2
02-14 14:44:20.937  7947  8410 I RobotCore: REV Robotics USB Expansion Hub Portal              Expansion Hub Portal 1         USB DQ2AQHDD
02-14 14:44:20.937  7947  8410 I RobotCore: REV Expansion Hub IMU                              imu 1                          USB DQ2AQHDD; module 2; bus 0; addr7=0x00
02-14 14:44:20.938  7947  8410 I FtcEventLoop: ======= INIT FINISH =======
02-14 14:44:20.938  7947  8410 V RobotCore: EventLoopManager state is RUNNING
02-14 14:44:20.938  7947  8410 V RobotCore: Robot Status: running, starting robot
02-14 14:44:20.938  7947  8410 V RobotCore: Robot Status: running
02-14 14:44:20.940  7947  8410 V RobotCore: thread: ...terminating 'RobotSetupRunnable.run()'
02-14 14:44:20.940  7947  8448 V RobotCore: thread: 'opmode loop()' starting...
02-14 14:44:20.965  7947  8194 V Robocol : sending CMD_NOTIFY_ROBOT_STATE(1658), attempt: 0
02-14 14:44:21.450  7947  8448 I RobotCore: Attempting to switch to op mode $Stop$Robot$
02-14 14:44:21.486  7947  8194 V Robocol : sending CMD_NOTIFY_INIT_OP_MODE(1669), attempt: 0
02-14 14:44:21.516  7947  8182 V Robocol : received command: CMD_RUN_OP_MODE(11481) $Stop$Robot$
02-14 14:44:21.526  7947  8194 V Robocol : sending CMD_NOTIFY_RUN_OP_MODE(1674), attempt: 0
02-14 14:44:21.964  7947  8201 D SoundPlayer: playing volume=1.000000 samp=1|ms=1019
02-14 14:44:22.005  7947  8194 V Robocol : sending CMD_PLAY_SOUND(1682), attempt: 0
02-14 14:44:31.579  7947  7987 D CameraManager: ---------------------------------------------- ACTION_USB_DEVICE_ATTACHED
02-14 14:44:31.597  7947  7947 V FtDeviceManager: ACTION_USB_DEVICE_ATTACHED: /dev/bus/usb/001/003
02-14 14:44:31.597  7947  7947 V FtDeviceManager: addOrUpdateUsbDevice(vid=0x0403 pid=0x6015)
02-14 14:44:31.599  7947  7947 V FtDeviceManager: requesting permissions for device=/dev/bus/usb/001/003
02-14 14:44:31.619  7947  7947 V RCActivity: onPause()
02-14 14:44:39.022  7947  7947 V FtDeviceManager: permission granted for device /dev/bus/usb/001/003
02-14 14:44:39.939  7947  7947 V RCActivity: ACTION_USB_DEVICE_ATTACHED: /dev/bus/usb/001/003
02-14 14:44:39.944  7947  8448 V FtcEventLoop: processedRecentlyAttachedUsbDevices(): DQ2AT28F not in hwmap; ignoring
02-14 14:44:39.951  7947  7947 V RCActivity: onResume()
02-14 14:44:39.951  7947  7947 V RCActivity: onPause()
02-14 14:44:40.074  7947  7947 V RCActivity: onResume()
02-14 14:44:42.768  7947  7947 W InputEventReceiver: Attempted to finish an input event but the input event receiver has already been disposed.
02-14 14:44:42.768  7947  7947 V RCActivity: onPause()
02-14 14:44:42.810  7947  7947 V FtcConfigTag: FtcLoadFileActivity started
02-14 14:44:43.272  7947  7947 V RCActivity: onStop()
02-14 14:44:45.220  7947  7947 V RobotCore: FtcLoadFileActivity: backPressed received
02-14 14:44:45.252  7947  7947 V RCActivity: onStart()
02-14 14:44:45.252  7947  7947 V Robocol : EventLoopManager.shutdown()
02-14 14:44:45.253  7947  8448 V RobotCore: EventLoopRunnable interrupted
02-14 14:44:45.253  7947  8448 V RobotCore: EventLoopManager state is STOPPED
02-14 14:44:45.253  7947  8448 V RobotCore: Robot Status: stopped
02-14 14:44:45.253  7947  8448 I FtcEventLoop: ======= TEARDOWN =======
02-14 14:44:45.266  7947  8448 V LynxUsb : 0x0aeaf5ad on 0x0ab562c4: releasing delegate to [DQ2AQHDD]
02-14 14:44:45.266  7947  8448 V LynxModule: close(#1)
02-14 14:44:45.267  7947  8448 V LynxModule: close(#2)
02-14 14:44:45.268  7947  8448 V LynxUsb : disarmDevice() serial=DQ2AQHDD...
02-14 14:44:45.269  7947  8448 I FtcEventLoop: ======= TEARDOWN COMPLETE =======
02-14 14:44:45.269  7947  8448 V RobotCore: thread: ...terminating 'opmode loop()'
02-14 14:44:45.270  7947  7947 V RobotCore: EventLoopManager state is STOPPED
02-14 14:44:45.277  7947  7947 V RCActivity: onResume()
02-14 14:44:45.278  7947  8410 V RobotCore: thread: 'RobotSetupRunnable.run()' starting...
02-14 14:44:45.278  7947  8410 V FTCService: Processing robot setup
02-14 14:44:45.279  7947  8410 V RobotCore: Robot Status: stopped, scanning for USB devices
02-14 14:44:45.285  7947  8194 V Robocol : sending CMD_SHOW_TOAST(1998), attempt: 0
02-14 14:44:45.286  7947  8194 V Robocol : sending CMD_NOTIFY_ROBOT_STATE(1999), attempt: 0
02-14 14:44:45.287  7947  8194 V Robocol : sending CMD_NOTIFY_ROBOT_STATE(2000), attempt: 0
02-14 14:44:45.312  7947  8182 D RobotCore: system telemetry: key=$System$None$ msg=""
02-14 14:44:49.550  7947  7947 V RCActivity: onPause()
02-14 14:44:50.024  7947  7947 V RCActivity: onStop()
02-14 14:44:50.280  7947  8410 V RobotCore: Robot Status: stopped, waiting for Wifi to enable
02-14 14:44:50.281  7947  8410 I RobotCore: state = 3
02-14 14:44:50.282  7947  8410 V RobotCore: Robot Status: stopped, waiting for Wifi Direct to enable
02-14 14:44:50.283  7947  8410 V FTCService: Waiting for a connection to a wifi service
02-14 14:44:50.283  7947  8410 V RobotCore: Robot Status: stopped, waiting for network to become active
02-14 14:44:50.284  7947  8410 V WebServer: Asked an already running WebServer to start
02-14 14:44:50.284  7947  8410 V RobotCore: Robot Status: stopped, starting robot
02-14 14:44:50.284  7947  8410 V Robocol : EventLoopManager.start()
02-14 14:44:50.284  7947  8410 V Robocol : Spoofing a Network Connection event...
02-14 14:44:50.284  7947  8410 I EventLoopManager: onNetworkConnectionEvent: CONNECTION_INFO_AVAILABLE
02-14 14:44:50.284  7947  8410 I Robocol : Received network connection event
02-14 14:44:50.284  7947  8410 I NetworkConnectionHandler: Handling new network connection infomation, connected: true setup needed: false
02-14 14:44:50.285  7947  8410 V RobotCore: EventLoopManager state is STOPPED
02-14 14:44:50.290  7947  8410 V Robocol : eventLoop=FtcEventLoop
02-14 14:44:50.291  7947  8410 V RobotCore: EventLoopManager state is INIT
02-14 14:44:50.291  7947  8410 V RobotCore: Robot Status: initializing, starting robot
02-14 14:44:50.291  7947  8410 I FtcEventLoop: ======= INIT START =======
02-14 14:44:50.292  7947  8410 V OpmodeRegistration: registered {DefaultOpMode} as {$Stop$Robot$}
02-14 14:44:50.294  7947  8410 V FileBasedLock: locked /storage/emulated/0/FIRST/blocks/projectslock/lock.dat
02-14 14:44:50.294  7947  8410 V FileBasedLock: unlocking /storage/emulated/0/FIRST/blocks/projectslock/lock.dat
02-14 14:44:50.297  7947  7947 D WifiDirect: cannot create group, does group already exist?
02-14 14:44:50.297  7947  8410 V OpmodeRegistration: registered {yeahhh} as {yeahhh}
02-14 14:44:50.298  7947  8410 V OpmodeRegistration: registered {VisionJavaExample} as {VisionJavaExample}
02-14 14:44:50.298  7947  8410 V OpmodeRegistration: registered {Camera_Test} as {Concept: TensorFlow Object Detection}
02-14 14:44:50.299  7947  8410 V OpmodeRegistration: registered {SimpleAutonomous} as {SimpleAutonomous}
02-14 14:44:50.299  7947  8410 V OpmodeRegistration: registered {VermontAutoI} as {VermontAutoI}
02-14 14:44:50.313  7947  8410 V HardwareFactory: createHardwareMap()
02-14 14:44:50.313  7947  8410 V WifiDirectInviteMonitor: clearUILynxModule()
02-14 14:44:50.321  7947  8410 V RobotCore: Creating REV Robotics USB Expansion Hub Portal [DQ2AQHDD]
02-14 14:44:50.321  7947  8410 V LynxUsb : creating new [DQ2AQHDD]: 0x095b1780
02-14 14:44:50.325  7947  8194 V Robocol : sending CMD_NOTIFY_ROBOT_STATE(2052), attempt: 0
02-14 14:44:50.326  7947  8194 V Robocol : sending CMD_NOTIFY_ROBOT_STATE(2053), attempt: 0
02-14 14:44:50.326  7947  8194 V Robocol : sending CMD_NOTIFY_ACTIVE_CONFIGURATION(2054), attempt: 0
02-14 14:44:50.327  7947  8194 V Robocol : sending CMD_NOTIFY_USER_DEVICE_LIST(2055), attempt: 0
02-14 14:44:50.328  7947  8194 V Robocol : sending CMD_NOTIFY_OP_MODE_LIST(2056), attempt: 0
02-14 14:44:50.329  7947  8410 V FtDevice: initialize(vid=0x0403 pid=0x6015 bcdDevice=0x1000)
02-14 14:44:50.329  7947  8410 V MonitoredUsbDeviceConnection: closing UsbDeviceConnection(DQ2AT28F)
02-14 14:44:50.329  7947  8410 D UsbDeviceConnectionJNI: close
02-14 14:44:50.329  7947  8410 V MonitoredUsbDeviceConnection: closing UsbDeviceConnection(DQ2AT28F)
02-14 14:44:50.329  7947  8410 D UsbDeviceConnectionJNI: close
02-14 14:44:50.330  7947  8410 V FtDeviceManager: createDeviceInfoList(): 1 USB devices
02-14 14:44:50.330  7947  8410 W System.err: unable to open lynx USB device DQ2AQHDD: FTDI driver failed to open USB device with serial number DQ2AQHDD (returned null device)
02-14 14:44:50.330  7947  8410 E LynxUsb : exception RobotCoreException(unable to open lynx USB device DQ2AQHDD: FTDI driver failed to open USB device with serial number DQ2AQHDD (returned null device)): exception arming DQ2AQHDD [com.qualcomm.hardware.lynx.LynxUsbUtil.logMessageAndThrow(LynxUsbUtil.java:92)]
02-14 14:44:50.331  7947  8410 V LynxUsb : doPretend() serial=DQ2AQHDD
02-14 14:44:50.331  7947  8410 V LynxUsb : 0x055bb9fe on 0x095b1780: new delegate to [DQ2AQHDD]
02-14 14:44:50.331  7947  8410 V RobotCore: Creating Lynx Module - mod=1 parent=false
02-14 14:44:50.332  7947  8410 V RobotCore: Creating Lynx Module - mod=2 parent=true
02-14 14:44:50.333  7947  8410 V LynxUsb : addConfiguredModule() module#=2
02-14 14:44:50.333  7947  8410 V LynxModule: pingAndQueryKnownInterfaces mod=2
02-14 14:44:50.334  7947  8410 V LynxModule: mod#=2 queryInterface(DEKA)=0 commands starting at 0
02-14 14:44:50.334  7947  8410 V LynxModule: mod#=2 intf=DEKA: expected 54 commands; found 0
02-14 14:44:50.334  7947  8410 V LynxModule: sendLEDPatternSteps(): #steps=6
02-14 14:44:50.335  7947  8410 V LynxUsb : addConfiguredModule() module#=1
02-14 14:44:50.335  7947  8410 V LynxModule: pingAndQueryKnownInterfaces mod=1
02-14 14:44:50.336  7947  8410 V LynxModule: mod#=1 queryInterface(DEKA)=0 commands starting at 0
02-14 14:44:50.336  7947  8410 V LynxModule: mod#=1 intf=DEKA: expected 54 commands; found 0
02-14 14:44:50.336  7947  8410 V LynxModule: sendLEDPatternSteps(): #steps=4
02-14 14:44:50.337  7947  8410 V LynxMotor: initializeHardware() mod#=1
02-14 14:44:50.340  7947  8410 V RobotCore: DcMotorImpl(type=NeveRest40Gearmotor)
02-14 14:44:50.341  7947  8410 V RobotCore: DcMotorImpl(type=NeveRest40Gearmotor)
02-14 14:44:50.341  7947  8410 V RobotCore: DcMotorImpl(type=NeveRest60Gearmotor)
02-14 14:44:50.341  7947  8410 V RobotCore: DcMotorImpl(type=NeveRest40Gearmotor)
02-14 14:44:50.341  7947  8410 V LynxServoController: initializeHardware() mod#=1
02-14 14:44:50.345  7947  8410 V LynxVoltageSensor: initializeHardware() mod#=1
02-14 14:44:50.345  7947  8410 V LynxPwmOutputController: initializeHardware() mod#=1
02-14 14:44:50.346  7947  8410 V LynxAnalogInputController: initializeHardware() mod#=1
02-14 14:44:50.347  7947  8410 V LynxDigitalChannelController: initializeHardware() mod#=1
02-14 14:44:50.349  7947  8410 V RobotCore: Creating user sensor REV Expansion Hub IMU - on Lynx module=1 bus=0
02-14 14:44:50.349  7947  8410 V RobotCore: Creating I2cDeviceSynch (Lynx) - mod=1 bus=0
02-14 14:44:50.349  7947  8410 I RobotCore: LynxFirmwareVersionManager: LynxI2cDeviceSynchV1
02-14 14:44:50.349  7947  8410 V LynxI2cDeviceSynch: initializeHardware() mod#=1
02-14 14:44:50.350  7947  8410 V LynxMotor: initializeHardware() mod#=2
02-14 14:44:50.352  7947  8182 D RobotCore: system telemetry: key=$System$Warning$ msg="unable to open REV Robotics USB Expansion Hub Portal [DQ2AQHDD]"
02-14 14:44:50.353  7947  8410 V RobotCore: DcMotorImpl(type=NeveRest40Gearmotor)
02-14 14:44:50.354  7947  8410 V RobotCore: DcMotorImpl(type=NeveRest40Gearmotor)
02-14 14:44:50.354  7947  8410 V RobotCore: DcMotorImpl(type=NeveRest60Gearmotor)
02-14 14:44:50.355  7947  8410 V RobotCore: DcMotorImpl(type=NeveRest60Gearmotor)
02-14 14:44:50.355  7947  8410 V LynxServoController: initializeHardware() mod#=2
02-14 14:44:50.357  7947  8185 D SoundPlayer: playing volume=1.000000 samp=3|ms=1044
02-14 14:44:50.358  7947  8410 V LynxVoltageSensor: initializeHardware() mod#=2
02-14 14:44:50.358  7947  8410 V LynxPwmOutputController: initializeHardware() mod#=2
02-14 14:44:50.359  7947  8410 V LynxAnalogInputController: initializeHardware() mod#=2
02-14 14:44:50.360  7947  8410 V LynxDigitalChannelController: initializeHardware() mod#=2
02-14 14:44:50.361  7947  8410 V RobotCore: Creating user sensor REV Expansion Hub IMU - on Lynx module=2 bus=0
02-14 14:44:50.362  7947  8410 V RobotCore: Creating I2cDeviceSynch (Lynx) - mod=2 bus=0
02-14 14:44:50.362  7947  8410 I RobotCore: LynxFirmwareVersionManager: LynxI2cDeviceSynchV1
02-14 14:44:50.363  7947  8410 V LynxI2cDeviceSynch: initializeHardware() mod#=2
02-14 14:44:50.363  7947  8410 I RobotCore: ========= Device Information ===================================================
02-14 14:44:50.363  7947  8410 I RobotCore: Type                                               Name                           Connection
02-14 14:44:50.364  7947  8410 I RobotCore: Expansion Hub DC Motor Controller                  Expansion Hub 1                USB DQ2AQHDD; module 1
02-14 14:44:50.365  7947  8410 I RobotCore: Expansion Hub Servo Controller                     Expansion Hub 1                USB DQ2AQHDD; module 1
02-14 14:44:50.365  7947  8194 V Robocol : sending CMD_PLAY_SOUND(2065), attempt: 0
02-14 14:44:50.365  7947  8410 I RobotCore: Expansion Hub Voltage Sensor                       Expansion Hub 1                USB DQ2AQHDD; module 1
02-14 14:44:50.366  7947  8410 I RobotCore: Expansion Hub Pwm Controller                       Expansion Hub 1                USB DQ2AQHDD; module 1
02-14 14:44:50.366  7947  8410 I RobotCore: Expansion Hub Analog Input Controller              Expansion Hub 1                USB DQ2AQHDD; module 1
02-14 14:44:50.366  7947  8410 I RobotCore: Expansion Hub Digital Channel Controller           Expansion Hub 1                USB DQ2AQHDD; module 1
02-14 14:44:50.367  7947  8410 I RobotCore: Expansion Hub (firmware version unavailable)       Expansion Hub 1                USB DQ2AQHDD; module 1
02-14 14:44:50.367  7947  8410 I RobotCore: Motor                                              LBM                            USB DQ2AQHDD; module 1; port 0
02-14 14:44:50.368  7947  8410 I RobotCore: Motor                                              RBM                            USB DQ2AQHDD; module 2; port 1
02-14 14:44:50.368  7947  8410 I RobotCore: Continuous Rotation Servo                          Marker                         USB DQ2AQHDD; module 1; port 1
02-14 14:44:50.369  7947  8410 I RobotCore: Motor                                              RFM                            USB DQ2AQHDD; module 2; port 0
02-14 14:44:50.369  7947  8410 I RobotCore: Motor                                              LFM                            USB DQ2AQHDD; module 1; port 1
02-14 14:44:50.369  7947  8410 I RobotCore: Servo                                              S1                             USB DQ2AQHDD; module 1; port 2
02-14 14:44:50.370  7947  8410 I RobotCore: Motor                                              HM                             USB DQ2AQHDD; module 2; port 3
02-14 14:44:50.370  7947  8410 I RobotCore: Expansion Hub DC Motor Controller                  Expansion Hub 2                USB DQ2AQHDD; module 2
02-14 14:44:50.371  7947  8410 I RobotCore: Expansion Hub Servo Controller                     Expansion Hub 2                USB DQ2AQHDD; module 2
02-14 14:44:50.371  7947  8410 I RobotCore: Expansion Hub Voltage Sensor                       Expansion Hub 2                USB DQ2AQHDD; module 2
02-14 14:44:50.371  7947  8410 I RobotCore: Expansion Hub Pwm Controller                       Expansion Hub 2                USB DQ2AQHDD; module 2
02-14 14:44:50.372  7947  8410 I RobotCore: Expansion Hub Analog Input Controller              Expansion Hub 2                USB DQ2AQHDD; module 2
02-14 14:44:50.372  7947  8410 I RobotCore: Expansion Hub Digital Channel Controller           Expansion Hub 2                USB DQ2AQHDD; module 2
02-14 14:44:50.373  7947  8410 I RobotCore: Expansion Hub (firmware version unavailable)       Expansion Hub 2                USB DQ2AQHDD; module 2
02-14 14:44:50.374  7947  8410 I RobotCore: REV Expansion Hub IMU                              imu                            USB DQ2AQHDD; module 1; bus 0; addr7=0x00
02-14 14:44:50.374  7947  8410 I RobotCore: Motor                                              SlideRotRight                  USB DQ2AQHDD; module 1; port 3
02-14 14:44:50.375  7947  8410 I RobotCore: Motor                                              SlideRotLeft                   USB DQ2AQHDD; module 2; port 2
02-14 14:44:50.375  7947  8410 I RobotCore: Servo                                              LockServo                      USB DQ2AQHDD; module 1; port 0
02-14 14:44:50.375  7947  8410 I RobotCore: Motor                                              Slider                         USB DQ2AQHDD; module 1; port 2
02-14 14:44:50.375  7947  8410 I RobotCore: REV Robotics USB Expansion Hub Portal              Expansion Hub Portal 1         USB DQ2AQHDD
02-14 14:44:50.376  7947  8410 I RobotCore: REV Expansion Hub IMU                              imu 1                          USB DQ2AQHDD; module 2; bus 0; addr7=0x00
02-14 14:44:50.376  7947  8410 I FtcEventLoop: ======= INIT FINISH =======
02-14 14:44:50.376  7947  8410 V RobotCore: EventLoopManager state is RUNNING
02-14 14:44:50.376  7947  8410 V RobotCore: Robot Status: running, starting robot
02-14 14:44:50.377  7947  8410 V RobotCore: Robot Status: running
02-14 14:44:50.379  7947  8473 V RobotCore: thread: 'opmode loop()' starting...
02-14 14:44:50.379  7947  8410 V RobotCore: thread: ...terminating 'RobotSetupRunnable.run()'
02-14 14:44:50.405  7947  8194 V Robocol : sending CMD_NOTIFY_ROBOT_STATE(2066), attempt: 0
02-14 14:44:50.800  7947  7947 V FtcAdvancedRCSettingsActivity: clientConnected=true
02-14 14:44:50.887  7947  8473 I RobotCore: Attempting to switch to op mode $Stop$Robot$
02-14 14:44:50.925  7947  8194 V Robocol : sending CMD_NOTIFY_INIT_OP_MODE(2075), attempt: 0
02-14 14:44:50.954  7947  8182 V Robocol : received command: CMD_RUN_OP_MODE(11844) $Stop$Robot$
02-14 14:44:50.966  7947  8194 V Robocol : sending CMD_NOTIFY_RUN_OP_MODE(2081), attempt: 0
02-14 14:44:51.401  7947  8201 D SoundPlayer: playing volume=1.000000 samp=1|ms=1019
02-14 14:44:51.405  7947  8194 V Robocol : sending CMD_PLAY_SOUND(2089), attempt: 0
02-14 14:44:51.841  7947  7947 E RobotConfigFileManager: unable to find header text 0x7f06004c
02-14 14:44:51.872  7947  8410 V FtcEventLoop: getUSBAccessibleLynxDevices(includeModuleAddresses=true)...
02-14 14:44:51.875  7947  8478 V FtcConfigTag: scanning USB bus...
02-14 14:44:51.877  7947  8478 V FtDeviceManager: createDeviceInfoList(): 1 USB devices
02-14 14:44:51.877  7947  8478 V USBScan : device count=1
02-14 14:44:51.886  7947  8479 V USBScan : opening DQ2AT28F...
02-14 14:44:51.891  7947  8479 V FtDevice: vv********************DQ2AT28F opening********************vv 0x0f537846
02-14 14:44:51.892  7947  8479 V FtDevice: ^^********************DQ2AT28F opened ********************^^
02-14 14:44:51.893  7947  8479 V FtDevice: resetting DQ2AT28F
02-14 14:44:52.299  7947  8479 V USBScan : ... done opening DQ2AT28F
02-14 14:44:52.300  7947  8478 V USBScan : DQ2AT28F is a lynx device
02-14 14:44:52.300  7947  8478 V USBScan : closing DQ2AT28F
02-14 14:44:52.300  7947  8478 V RobotUsbDeviceFtdi: closing DQ2AT28F
02-14 14:44:52.301  7947  8478 V FtDevice: vv********************DQ2AT28F closing********************vv 0x0f537846
02-14 14:44:52.301  7947  8478 V FtDevice: DQ2AT28F stopping thread readBufferManager
02-14 14:44:52.301  7947  8481 V FtDevice: DQ2AT28F thread readBufferManager is stopped
02-14 14:44:52.302  7947  8478 V FtDevice: DQ2AT28F stopping thread bulkPacketInWorker
02-14 14:44:52.302  7947  8480 V FtDevice: DQ2AT28F thread bulkPacketInWorker is stopped
02-14 14:44:52.303  7947  8478 V MonitoredUsbDeviceConnection: closing UsbDeviceConnection(DQ2AT28F)
02-14 14:44:52.303  7947  8478 D UsbDeviceConnectionJNI: close
02-14 14:44:52.303  7947  8478 V FtDevice: ^^********************DQ2AT28F closed ********************^^
02-14 14:44:52.304  7947  8478 D UvcContext: usb device is *not* UVC compatible, /dev/bus/usb/001/003
02-14 14:44:52.304  7947  8478 V USBScan : scanForUsbDevices() took 429ms count=1
02-14 14:44:52.304  7947  8478 V FtcConfigTag: .. scanning complete: [DQ2AT28F]
02-14 14:44:52.305  7947  8410 V FtcEventLoop: getUSBAccessibleLynxDevices: found serial=DQ2AT28F
02-14 14:44:52.305  7947  8410 V FtcEventLoop: finding module addresses and current firmware versions
02-14 14:44:52.305  7947  8410 V FtcEventLoop: getUSBAccessibleLynxDevices: finding module address for usbModule DQ2AT28F
02-14 14:44:52.305  7947  8410 V RobotCore: Creating REV Robotics USB Expansion Hub Portal [DQ2AT28F]
02-14 14:44:52.306  7947  8410 V LynxUsb : creating new [DQ2AT28F]: 0x08ffe2ff
02-14 14:44:52.308  7947  8410 V FtDeviceManager: createDeviceInfoList(): 1 USB devices
02-14 14:44:52.313  7947  8410 V FtDevice: vv********************DQ2AT28F opening********************vv 0x0f537846
02-14 14:44:52.315  7947  8410 V FtDevice: ^^********************DQ2AT28F opened ********************^^
02-14 14:44:52.315  7947  8410 V FtDevice: resetting DQ2AT28F
02-14 14:44:52.325  7947  8410 V LynxUsb : armDevice() serial=DQ2AT28F...
02-14 14:44:52.326  7947  8410 V LynxModule: resetDevice() serial=DQ2AT28F
02-14 14:44:52.683  7947  8410 V LynxUsb : ...done armDevice()
02-14 14:44:52.684  7947  8410 V LynxUsb : 0x01da65b8 on 0x08ffe2ff: new delegate to [DQ2AT28F]
02-14 14:44:52.684  7947  8410 V LynxUsb : lynx discovery beginning...transmitting LynxDiscoveryCommand()...
02-14 14:44:52.687  7947  8410 V LynxUsb : discovery waiting 1012ms and 0ns
02-14 14:44:52.686  7947  8488 V RobotCore: thread: 'lynx incoming datagrams' starting...
02-14 14:44:52.688  7947  8488 V LynxUsb : synchronization gained: serial=DQ2AT28F
02-14 14:44:52.689  7947  8488 V LynxUsb : onLynxDiscoveryResponseReceived()... module#=2 isParent=true
02-14 14:44:52.689  7947  8488 V LynxUsb : discovered lynx module#=2 isParent=true
02-14 14:44:52.689  7947  8488 V LynxUsb : ...onLynxDiscoveryResponseReceived()
02-14 14:44:53.700  7947  8410 V LynxUsb : discovery waiting complete: #modules=1
02-14 14:44:53.700  7947  8410 V LynxModule: close(#0)
02-14 14:44:53.702  7947  8410 V LynxUsb : ...lynx discovery completed
02-14 14:44:53.702  7947  8410 V FtcEventLoop: assessing LynxModuleMeta(#2,true)
02-14 14:44:53.702  7947  8410 V RobotCore: Creating Lynx Module - mod=2 parent=true
02-14 14:44:53.704  7947  8410 V LynxUsb : addConfiguredModule() module#=2
02-14 14:44:53.704  7947  8410 V LynxModule: pingAndQueryKnownInterfaces mod=2
02-14 14:44:53.710  7947  8410 V LynxModule: mod#=2 queryInterface(DEKA)=49 commands starting at 4096
02-14 14:44:53.720  7947  8410 V LynxModule: mod#=2 intf=DEKA: expected 54 commands; found 49
02-14 14:44:53.724  7947  8410 V LynxModule: close(#2)
02-14 14:44:53.725  7947  8410 V LynxUsb : 0x01da65b8 on 0x08ffe2ff: releasing delegate to [DQ2AT28F]
02-14 14:44:53.725  7947  8410 V LynxUsb : disarmDevice() serial=DQ2AT28F...
02-14 14:44:53.725  7947  8410 V LynxUsb : shutting down incoming datagrams
02-14 14:44:53.726  7947  8488 V RobotCore: thread: ...terminating 'lynx incoming datagrams'
02-14 14:44:53.726  7947  8410 V RobotUsbDeviceFtdi: closing DQ2AT28F
02-14 14:44:53.726  7947  8410 V FtDevice: vv********************DQ2AT28F closing********************vv 0x0f537846
02-14 14:44:53.726  7947  8410 V FtDevice: DQ2AT28F stopping thread readBufferManager
02-14 14:44:53.727  7947  8486 V FtDevice: DQ2AT28F thread readBufferManager is stopped
02-14 14:44:53.727  7947  8410 V FtDevice: DQ2AT28F stopping thread bulkPacketInWorker
02-14 14:44:53.727  7947  8485 V FtDevice: DQ2AT28F thread bulkPacketInWorker is stopped
02-14 14:44:53.728  7947  8410 V MonitoredUsbDeviceConnection: closing UsbDeviceConnection(DQ2AT28F)
02-14 14:44:53.728  7947  8410 D UsbDeviceConnectionJNI: close
02-14 14:44:53.728  7947  8410 V FtDevice: ^^********************DQ2AT28F closed ********************^^
02-14 14:44:53.729  7947  8410 V LynxUsb : ...done disarmDevice()
02-14 14:44:53.729  7947  8410 V FtcEventLoop: getUSBAccessibleLynxDevices(): 1 modules found
02-14 14:44:53.729  7947  8410 V FtcEventLoop: ...getUSBAccessibleLynxDevices()
02-14 14:44:53.733  7947  8477 V FtcLynxModuleAddressUpdateActivity: found 1 lynx modules
02-14 14:44:53.786  7947  7947 V FtcLynxModuleAddressUpdateActivity: changeAddress(DQ2AT28F) from:2 to:2
02-14 14:44:55.242  7947  7947 W InputEventReceiver: Attempted to finish an input event but the input event receiver has already been disposed.
02-14 14:44:55.258  7947  7947 V FtcLynxModuleAddressUpdateActivity: changeAddress(DQ2AT28F) from:2 to:1
02-14 14:44:56.214  7947  7947 V FtcLynxModuleAddressUpdateActivity: onDoneButtonPressed()
02-14 14:44:56.222  7947  8410 V RobotCore: Creating REV Robotics USB Expansion Hub Portal [DQ2AT28F]
02-14 14:44:56.222  7947  8410 V LynxUsb : creating new [DQ2AT28F]: 0x0915af94
02-14 14:44:56.226  7947  8410 V FtDeviceManager: createDeviceInfoList(): 1 USB devices
02-14 14:44:56.236  7947  8410 V FtDevice: vv********************DQ2AT28F opening********************vv 0x0f537846
02-14 14:44:56.243  7947  8410 V FtDevice: ^^********************DQ2AT28F opened ********************^^
02-14 14:44:56.244  7947  8410 V FtDevice: resetting DQ2AT28F
02-14 14:44:56.257  7947  8410 V LynxUsb : armDevice() serial=DQ2AT28F...
02-14 14:44:56.257  7947  8410 V LynxModule: resetDevice() serial=DQ2AT28F
02-14 14:44:56.620  7947  8410 V LynxUsb : ...done armDevice()
02-14 14:44:56.620  7947  8410 V LynxUsb : 0x09aaccdf on 0x0915af94: new delegate to [DQ2AT28F]
02-14 14:44:56.621  7947  8410 V RobotCore: Creating Lynx Module - mod=2 parent=true
02-14 14:44:56.623  7947  8498 V RobotCore: thread: 'lynx incoming datagrams' starting...
02-14 14:44:56.623  7947  8410 V LynxUsb : addConfiguredModule() module#=2
02-14 14:44:56.624  7947  8410 V LynxModule: pingAndQueryKnownInterfaces mod=2
02-14 14:44:56.627  7947  8498 V LynxUsb : synchronization gained: serial=DQ2AT28F
02-14 14:44:56.632  7947  8410 V LynxModule: mod#=2 queryInterface(DEKA)=49 commands starting at 4096
02-14 14:44:56.642  7947  8410 V LynxModule: mod#=2 intf=DEKA: expected 54 commands; found 49
02-14 14:44:56.642  7947  8410 V FtcEventLoop: lynx module DQ2AT28F: change address 2 -> 1
02-14 14:44:56.642  7947  8410 V RobotCore: lynx xmit lock: lock recursively acquired
02-14 14:44:56.646  7947  8410 V RobotCore: lynx xmit lock: lock recursively released
02-14 14:44:56.646  7947  8410 V LynxModule: close(#1)
02-14 14:44:56.649  7947  8410 V LynxUsb : 0x09aaccdf on 0x0915af94: releasing delegate to [DQ2AT28F]
02-14 14:44:56.649  7947  8410 V LynxUsb : disarmDevice() serial=DQ2AT28F...
02-14 14:44:56.649  7947  8410 V LynxUsb : shutting down incoming datagrams
02-14 14:44:56.650  7947  8498 V RobotCore: thread: ...terminating 'lynx incoming datagrams'
02-14 14:44:56.651  7947  8410 V RobotUsbDeviceFtdi: closing DQ2AT28F
02-14 14:44:56.651  7947  8410 V FtDevice: vv********************DQ2AT28F closing********************vv 0x0f537846
02-14 14:44:56.651  7947  8410 V FtDevice: DQ2AT28F stopping thread readBufferManager
02-14 14:44:56.652  7947  8495 V FtDevice: DQ2AT28F thread readBufferManager is stopped
02-14 14:44:56.652  7947  8410 V FtDevice: DQ2AT28F stopping thread bulkPacketInWorker
02-14 14:44:56.653  7947  8494 V FtDevice: DQ2AT28F thread bulkPacketInWorker is stopped
02-14 14:44:56.654  7947  8410 V MonitoredUsbDeviceConnection: closing UsbDeviceConnection(DQ2AT28F)
02-14 14:44:56.654  7947  8410 D UsbDeviceConnectionJNI: close
02-14 14:44:56.655  7947  8410 V FtDevice: ^^********************DQ2AT28F closed ********************^^
02-14 14:44:56.655  7947  8410 V LynxUsb : ...done disarmDevice()
02-14 14:44:56.685  7947  8194 V Robocol : sending CMD_SHOW_TOAST(2169), attempt: 0
02-14 14:45:03.619  7947  7947 W InputEventReceiver: Attempted to finish an input event but the input event receiver has already been disposed.
02-14 14:45:05.687  7947  7947 W InputEventReceiver: Attempted to finish an input event but the input event receiver has already been disposed.
02-14 14:45:05.688  7947  7947 V RCActivity: app theme changed: restarting app: App color scheme has changed. The robot controller will restart.
02-14 14:45:05.697  7947  7947 V NetDiscover_prefremrc: onSharedPreferenceChanged(name=pref_app_theme, value=green)
02-14 14:45:05.698  7947  7947 V NetDiscover_prefremrc: sending RC pref name=pref_app_theme value=green
02-14 14:45:05.725  7947  8194 V Robocol : sending CMD_SHOW_TOAST(2293), attempt: 0
02-14 14:45:05.726  7947  8194 V Robocol : sending CMD_ROBOT_CONTROLLER_PREFERENCE(2294), attempt: 0
02-14 14:45:05.796  7947  8182 V Robocol : received command: CMD_ROBOT_CONTROLLER_PREFERENCE(12043) {"prefName":"pref_app_theme","stringValue":"green"}
02-14 14:45:06.970  7947  7947 V AppUtil : restarting app
02-14 14:45:06.981  7947  7947 I AndroidRuntime: VM exiting with result code 0, cleanup skipped.
--------- beginning of main
02-14 14:45:07.125  8510  8510 V AppUtil : initializing: getExternalStorageDirectory()=/storage/emulated/0
02-14 14:45:07.131  8510  8510 I AppUtil : found usbFileSystemRoot: /dev/bus/usb
02-14 14:45:07.135  8510  8525 V RobotCore: saving logcat to /storage/emulated/0/robotControllerLog.txt
02-14 14:45:07.135  8510  8525 V RobotCore: logging command line: exec logcat -f /storage/emulated/0/robotControllerLog.txt -r4096 -n4 -v threadtime UsbRequestJNI:S UsbRequest:S art:W ThreadPool:W System:W ExtendedExtractor:W OMXClient:W MediaPlayer:W dalvikvm:W  *:V
02-14 14:45:07.136  8510  8510 V ServiceStarter: attempting to start service MediaTransferProtocolMonitorService
02-14 14:45:07.140  8510  8510 V ServiceStarter: started service MediaTransferProtocolMonitorService
02-14 14:45:07.141  8510  8510 V ServiceStarter: attempting to start service OnBotJavaService
02-14 14:45:07.143  8510  8510 V ServiceStarter: started service OnBotJavaService
02-14 14:45:07.154  8510  8510 V AppUtil : rootActivity=FtcRobotControllerActivity
02-14 14:45:07.154  8510  8510 V RCActivity: onCreate()
02-14 14:45:07.159  8510  8510 V RCActivity: rootActivity is of class FtcRobotControllerActivity
02-14 14:45:07.171  8510  8529 V CallbackLooper: thread=3692
02-14 14:45:07.175  8510  8510 V NetDiscover_wifiDirectAgent: doStart()...
02-14 14:45:07.181  8510  8529 V NetDiscover_wifiDirectAgent_bcast: wifiP2pEnabled=true
02-14 14:45:07.187  8510  8510 V NetDiscover_wifiDirectAgent: ...doStart()
02-14 14:45:07.188  8510  8510 V NetDiscover_name: doStart()...
02-14 14:45:07.188  8510  8510 V NetDiscover_name: ...doStart()
02-14 14:45:07.189  8510  8529 D NetDiscover_wifiDirectAgent_bcast: connection changed: networkInfo.state=CONNECTED
02-14 14:45:07.189  8510  8529 V NetDiscover_wifiDirectAgent_bcast: NetworkInfo: [type: WIFI_P2P[], state: CONNECTED/CONNECTED, reason: (unspecified), extra: (none), failover: false, available: true, roaming: false, metered: false]
02-14 14:45:07.189  8510  8510 V NetDiscover_prefremrc: ----- all preferences -----
02-14 14:45:07.189  8510  8529 V NetDiscover_wifiDirectAgent_bcast: WifiP2pInfo: groupFormed: true isGroupOwner: true groupOwnerAddress: /192.168.49.1 mccMode: false
02-14 14:45:07.189  8510  8510 V NetDiscover_prefremrc: name='pref_wifip2p_groupowner_connectedto' value=
02-14 14:45:07.189  8510  8510 V NetDiscover_prefremrc: name='pref_has_speaker' value=true
02-14 14:45:07.189  8510  8529 V NetDiscover_wifiDirectAgent_bcast: WifiP2pGroup: network: DIRECT-sI-11723-RC, isGO: true, GO: Device: , deviceAddress: cc:61:e5:08:ad:af, primary type: null, secondary type: null, wps: 0, grpcapab: 0, devcapab: 0, status: 4, wfdInfo: WFD enabled: falseWFD DeviceInfo: 0, WFD CtrlPort: 0, WFD MaxThroughput: 0, level: 0, Client: Device: 11723-DS, deviceAddress: cc:61:e5:08:c5:04, primary type: 10-0050F204-5, secondary type: null, wps: 392, grpcapab: 0, devcapab: 33, status: 0, wfdInfo: null, level: 60, interface: p2p0, networkId: 0
02-14 14:45:07.189  8510  8510 V NetDiscover_prefremrc: name='pref_pairing_kind' value=WIFIDIRECT
02-14 14:45:07.189  8510  8510 V NetDiscover_prefremrc: name='pref_has_independent_phone_battery' value=true
02-14 14:45:07.189  8510  8510 V NetDiscover_prefremrc: name='pref_app_theme' value=green
02-14 14:45:07.190  8510  8510 V NetDiscover_prefremrc: name='pref_wifip2p_remote_channel_change_works' value=true
02-14 14:45:07.190  8510  8510 V NetDiscover_prefremrc: name='pref_hardware_config_filename' value={"isDirty":false,"location":"LOCAL_STORAGE","name":"vermontconfig","resourceId":0}
02-14 14:45:07.190  8510  8529 V NetDiscover_wifiDirectAgent_bcast: this device changed: Device=11723-RC deviceAddress=cc:61:e5:08:ad:af primary type=10-0050F204-5 secondary type=null wps=0 grpcapab=0 devcapab=0 status=0 wfdInfo=WFD enabled=falseWFD DeviceInfo=0 WFD CtrlPort=0 WFD MaxThroughput=0 level=0
02-14 14:45:07.190  8510  8510 V NetDiscover_prefremrc: name='pref_device_name' value=11723-RC
02-14 14:45:07.190  8510  8510 V NetDiscover_prefremrc: name='pref_device_name_old' value=11723-RC
02-14 14:45:07.190  8510  8529 V NetDiscover_name: remembering wifiDirectName: 11723-RC...
02-14 14:45:07.190  8510  8510 V NetDiscover_prefremrc: name='pref_device_name_tracking' value=WIFIDIRECT
02-14 14:45:07.190  8510  8529 V NetDiscover_name: wifiDirectName=11723-RC
02-14 14:45:07.190  8510  8510 V NetDiscover_prefremrc: name='pref_sound_on_off' value=true
02-14 14:45:07.190  8510  8510 V NetDiscover_prefremrc: name='pref_rc_connected' value=true
02-14 14:45:07.191  8510  8510 V NetDiscover_prefremrc: doStart()...
02-14 14:45:07.191  8510  8525 I RobotCore: Done running ps
02-14 14:45:07.191  8510  8510 V NetDiscover_prefremrc: ...doStart()
02-14 14:45:07.191  8510  8529 V NetDiscover_name: ...remembering wifiDirectName
02-14 14:45:07.191  8510  8529 V NetDiscover_wifiDirectAgent_bcast: p2p discoverPeers()=false
02-14 14:45:07.192  8510  8529 V NetDiscover_wifiDirectAgent_bcast: wifi direct remembered groups cleared
02-14 14:45:07.194  8510  8529 V NetDiscover_wifiDirectAgent_bcast: wifiState=ENABLED
02-14 14:45:07.194  8510  8529 V NetDiscover_wifiDirectAgent: found persistent group: DIRECT-sI-11723-RC
02-14 14:45:07.210  8530  8530 W sh      : type=1400 audit(0.0:113): avc: denied { read } for uid=10135 name="/" dev="rootfs" ino=1 scontext=u:r:untrusted_app:s0:c512,c768 tcontext=u:object_r:rootfs:s0 tclass=dir permissive=0
02-14 14:45:07.238  8510  8510 D ApplicationLoaders: ignored Vulkan layer search path /data/app/com.android.chrome-1/lib/arm:/data/app/com.android.chrome-1/base.apk!/lib/armeabi-v7a for namespace 0xa89ef090
02-14 14:45:07.242  8510  8510 I WebViewFactory: Loading com.android.chrome version 72.0.3626.105 (code 362610502)
02-14 14:45:07.311  8510  8510 I cr_LibraryLoader: Time to load native libraries: 7 ms (timestamps 4596-4603)
02-14 14:45:07.333  8510  8510 I chromium: [INFO:library_loader_hooks.cc(42)] Chromium logging enabled: level = 0, default verbosity = 0
02-14 14:45:07.333  8510  8510 I cr_LibraryLoader: Expected native library version number "72.0.3626.105", actual native library version number "72.0.3626.105"
02-14 14:45:07.365  8510  8510 I cr_BrowserStartup: Initializing chromium process, singleProcess=true
02-14 14:45:07.370  8510  8510 W ResourceType: Failure getting entry for 0x7f120538 (t=17 e=1336) (error -2147483647)
02-14 14:45:07.522  8510  8510 V OnBotJava: OnBotJavaManager::static
02-14 14:45:07.750  8510  8510 W art     : Found duplicate classes, falling back to interpreter mode for /data/app/com.qualcomm.ftcrobotcontroller-1/base.apk
02-14 14:45:07.750  8510  8510 W art     : Found duplicated class when checking oat files: 'Landroid/support/annotation/Keep;' in /data/app/com.qualcomm.ftcrobotcontroller-1/base.apk and /data/app/com.android.chrome-1/base.apk
02-14 14:45:08.377  8510  8510 V OnBotJava: getCurrentOutputJarDir() unavailable
02-14 14:45:08.377  8510  8510 V OnBotJava: getCurrentOutputJarDir() unavailable
02-14 14:45:09.827  8510  8510 V UpdateUI: Network: inactive, disconnected
02-14 14:45:09.827  8510  8510 V ServiceStarter: attempting to start service FtcRobotControllerWatchdogService
02-14 14:45:09.829  8510  8510 V ServiceStarter: started service FtcRobotControllerWatchdogService
02-14 14:45:09.835  8510  8510 V RobotCore: BuildConfig: versionCode=31 versionName=4.3 module=com.qualcomm.ftcrobotcontroller
02-14 14:45:09.836  8510  8510 V RobotCore: BuildConfig: versionCode=55 versionName=8.9 module=com.qualcomm.robotcore
02-14 14:45:09.836  8510  8510 V RobotCore: BuildConfig: versionCode=55 versionName=8.9 module=com.qualcomm.hardware
02-14 14:45:09.836  8510  8510 V RobotCore: BuildConfig: versionCode=55 versionName=8.9 module=com.qualcomm.ftccommon
02-14 14:45:09.837  8510  8510 V RobotCore: BuildConfig: versionCode=55 versionName=8.9 module=com.google.blocks
02-14 14:45:09.837  8510  8510 V RobotCore: BuildConfig: versionCode=55 versionName=8.9 module=org.firstinspires.inspection
02-14 14:45:09.837  8510  8510 I RCActivity: 410c serial number: ZY223Q7MGF
02-14 14:45:09.837  8510  8510 I RobotCore: Android Device: maker=motorola model=XT1609 sdk=25
02-14 14:45:09.838  8510  8510 V RCActivity: onStart()
02-14 14:45:09.845  8510  8510 V RCActivity: onResume()
02-14 14:45:09.898  8510  8510 V MTPMonitorService: onCreate()
02-14 14:45:09.898  8510  8510 V MTPMonitorService: onStartCommand() intent=Intent { cmp=com.qualcomm.ftcrobotcontroller/org.firstinspires.ftc.robotcore.internal.files.MediaTransferProtocolMonitorService } flags=0x0 startId=1
02-14 14:45:09.900  8510  8510 V MTPMonitor: observing: /storage/emulated/0
02-14 14:45:09.904  8510  8510 W FileObserverManager: upgrading mask: path=/storage/emulated/0/FIRST/blocks old=0x00000ffc new=0x00004ffc: might possibly miss event
02-14 14:45:09.908  8510  8510 W FileObserverManager: upgrading mask: path=/storage/emulated/0/FIRST/java/status old=0x00000ffc new=0x00004ffc: might possibly miss event
02-14 14:45:09.958  8510  8510 V OnBotJavaService: onCreate()
02-14 14:45:09.958  8510  8510 V OnBotJavaService: onStartCommand() intent=Intent { cmp=com.qualcomm.ftcrobotcontroller/org.firstinspires.ftc.robotcore.internal.opmode.OnBotJavaService } flags=0x0 startId=1
02-14 14:45:09.958  8510  8510 V OnBotJava: ctor()...
02-14 14:45:09.960  8510  8510 V OnBotJava: ...ctor()
02-14 14:45:09.962  8510  8510 V FtcRobotControllerWatchdogService: onCreate()
02-14 14:45:09.962  8510  8510 V FtcRobotControllerWatchdogService: onStartCommand() intent=Intent { cmp=com.qualcomm.ftcrobotcontroller/org.firstinspires.ftc.ftccommon.internal.FtcRobotControllerWatchdogService } flags=0x0 startId=1
02-14 14:45:09.963  8510  8510 V FtcRobotControllerWatchdogService: shouldAutoLauchRobotController() result=false
02-14 14:45:09.964  8510  8510 V FTCService: onCreate()
02-14 14:45:09.964  8510  8510 V FTCService: onBind()
02-14 14:45:09.972  8510  8510 V WebServer: creating NanoHTTPD(8080)
02-14 14:45:09.980  8510  8510 V RobotCore: Getting network assistant of type: WIFIDIRECT
02-14 14:45:09.983  8510  8510 V NetDiscover_prefremrc: onSharedPreferenceChanged(name=pref_wifip2p_groupowner_connectedto, value=null)
02-14 14:45:09.984  8510  8510 V WifiDirect: There are 1 Wifi Direct Assistant Clients (+)
02-14 14:45:09.984  8510  8510 V WifiDirect: Enabling Wifi Direct Assistant
02-14 14:45:09.988  8510  8510 V WifiDirectInviteMonitor: startMonitoring()
02-14 14:45:09.993  8510  8529 V NetDiscover_wifiDirectAgent_bcast: wifiP2pEnabled=true
02-14 14:45:09.993  8510  8529 D NetDiscover_wifiDirectAgent_bcast: connection changed: networkInfo.state=CONNECTED
